[2022-07-21T19:40:24.028+0800][gc,heap] Heap region size: 1M
[2022-07-21T19:40:24.035+0800][gc     ] Using G1
[2022-07-21T19:40:24.035+0800][gc,heap,coops] Heap address: 0x00000000e0000000, size: 512 MB, Compressed Oops mode: 32-bit
[2022-07-21T19:40:24.035+0800][gc,cds       ] Mark closed archive regions in map: [0x00000000fff00000, 0x00000000fff6aff8]
[2022-07-21T19:40:24.036+0800][gc,cds       ] Mark open archive regions in map: [0x00000000ffe00000, 0x00000000ffe46ff8]
[2022-07-21T19:42:10.394+0800][gc,start     ] GC(0) Pause Young (Normal) (G1 Evacuation Pause)
[2022-07-21T19:42:10.410+0800][gc,task      ] GC(0) Using 8 workers of 8 for evacuation
[2022-07-21T19:42:10.480+0800][gc,phases    ] GC(0)   Pre Evacuate Collection Set: 0.3ms
[2022-07-21T19:42:10.480+0800][gc,phases    ] GC(0)   Evacuate Collection Set: 54.0ms
[2022-07-21T19:42:10.480+0800][gc,phases    ] GC(0)   Post Evacuate Collection Set: 15.6ms
[2022-07-21T19:42:10.480+0800][gc,phases    ] GC(0)   Other: 16.3ms
[2022-07-21T19:42:10.480+0800][gc,heap      ] GC(0) Eden regions: 256->0(249)
[2022-07-21T19:42:10.480+0800][gc,heap      ] GC(0) Survivor regions: 0->7(32)
[2022-07-21T19:42:10.480+0800][gc,heap      ] GC(0) Old regions: 2->2
[2022-07-21T19:42:10.480+0800][gc,heap      ] GC(0) Humongous regions: 3->0
[2022-07-21T19:42:10.480+0800][gc,metaspace ] GC(0) Metaspace: 17246K->17246K(1064960K)
[2022-07-21T19:42:10.480+0800][gc           ] GC(0) Pause Young (Normal) (G1 Evacuation Pause) 259M->7M(512M) 86.351ms
[2022-07-21T19:42:10.480+0800][gc,cpu       ] GC(0) User=0.18s Sys=0.05s Real=0.09s
[2022-07-21T19:42:20.108+0800][gc,start     ] GC(1) Pause Young (Concurrent Start) (Metadata GC Threshold)
[2022-07-21T19:42:20.108+0800][gc,task      ] GC(1) Using 8 workers of 8 for evacuation
[2022-07-21T19:42:20.136+0800][gc,phases    ] GC(1)   Pre Evacuate Collection Set: 0.1ms
[2022-07-21T19:42:20.137+0800][gc,phases    ] GC(1)   Evacuate Collection Set: 19.2ms
[2022-07-21T19:42:20.137+0800][gc,phases    ] GC(1)   Post Evacuate Collection Set: 9.0ms
[2022-07-21T19:42:20.137+0800][gc,phases    ] GC(1)   Other: 0.6ms
[2022-07-21T19:42:20.137+0800][gc,heap      ] GC(1) Eden regions: 103->0(247)
[2022-07-21T19:42:20.137+0800][gc,heap      ] GC(1) Survivor regions: 7->9(32)
[2022-07-21T19:42:20.137+0800][gc,heap      ] GC(1) Old regions: 2->2
[2022-07-21T19:42:20.137+0800][gc,heap      ] GC(1) Humongous regions: 0->0
[2022-07-21T19:42:20.137+0800][gc,metaspace ] GC(1) Metaspace: 20526K->20526K(1067008K)
[2022-07-21T19:42:20.137+0800][gc           ] GC(1) Pause Young (Concurrent Start) (Metadata GC Threshold) 110M->9M(512M) 29.054ms
[2022-07-21T19:42:20.137+0800][gc,cpu       ] GC(1) User=0.10s Sys=0.00s Real=0.03s
[2022-07-21T19:42:20.137+0800][gc           ] GC(2) Concurrent Cycle
[2022-07-21T19:42:20.137+0800][gc,marking   ] GC(2) Concurrent Clear Claimed Marks
[2022-07-21T19:42:20.137+0800][gc,marking   ] GC(2) Concurrent Clear Claimed Marks 0.081ms
[2022-07-21T19:42:20.137+0800][gc,marking   ] GC(2) Concurrent Scan Root Regions
[2022-07-21T19:42:20.146+0800][gc,marking   ] GC(2) Concurrent Scan Root Regions 9.132ms
[2022-07-21T19:42:20.146+0800][gc,marking   ] GC(2) Concurrent Mark (116.101s)
[2022-07-21T19:42:20.146+0800][gc,marking   ] GC(2) Concurrent Mark From Roots
[2022-07-21T19:42:20.146+0800][gc,task      ] GC(2) Using 2 workers of 2 for marking
[2022-07-21T19:42:20.153+0800][gc,marking   ] GC(2) Concurrent Mark From Roots 6.398ms
[2022-07-21T19:42:20.153+0800][gc,marking   ] GC(2) Concurrent Preclean
[2022-07-21T19:42:20.153+0800][gc,marking   ] GC(2) Concurrent Preclean 0.165ms
[2022-07-21T19:42:20.153+0800][gc,marking   ] GC(2) Concurrent Mark (116.101s, 116.108s) 6.672ms
[2022-07-21T19:42:20.153+0800][gc,start     ] GC(2) Pause Remark
[2022-07-21T19:42:20.158+0800][gc,stringtable] GC(2) Cleaned string and symbol table, strings: 9374 processed, 0 removed, symbols: 56283 processed, 105 removed
[2022-07-21T19:42:20.159+0800][gc            ] GC(2) Pause Remark 11M->11M(512M) 5.735ms
[2022-07-21T19:42:20.159+0800][gc,cpu        ] GC(2) User=0.03s Sys=0.00s Real=0.01s
[2022-07-21T19:42:20.159+0800][gc,marking    ] GC(2) Concurrent Rebuild Remembered Sets
[2022-07-21T19:42:20.160+0800][gc,marking    ] GC(2) Concurrent Rebuild Remembered Sets 0.818ms
[2022-07-21T19:42:20.160+0800][gc,start      ] GC(2) Pause Cleanup
[2022-07-21T19:42:20.161+0800][gc            ] GC(2) Pause Cleanup 11M->11M(512M) 0.312ms
[2022-07-21T19:42:20.161+0800][gc,cpu        ] GC(2) User=0.00s Sys=0.00s Real=0.00s
[2022-07-21T19:42:20.161+0800][gc,marking    ] GC(2) Concurrent Cleanup for Next Mark
[2022-07-21T19:42:20.166+0800][gc,marking    ] GC(2) Concurrent Cleanup for Next Mark 5.659ms
[2022-07-21T19:42:20.166+0800][gc            ] GC(2) Concurrent Cycle 29.596ms
[2022-07-21T19:42:21.704+0800][gc,start      ] GC(3) Pause Young (Normal) (G1 Evacuation Pause)
[2022-07-21T19:42:21.704+0800][gc,task       ] GC(3) Using 8 workers of 8 for evacuation
[2022-07-21T19:42:21.733+0800][gc,phases     ] GC(3)   Pre Evacuate Collection Set: 0.0ms
[2022-07-21T19:42:21.733+0800][gc,phases     ] GC(3)   Evacuate Collection Set: 26.5ms
[2022-07-21T19:42:21.733+0800][gc,phases     ] GC(3)   Post Evacuate Collection Set: 1.8ms
[2022-07-21T19:42:21.733+0800][gc,phases     ] GC(3)   Other: 0.3ms
[2022-07-21T19:42:21.733+0800][gc,heap       ] GC(3) Eden regions: 247->0(239)
[2022-07-21T19:42:21.733+0800][gc,heap       ] GC(3) Survivor regions: 9->17(32)
[2022-07-21T19:42:21.733+0800][gc,heap       ] GC(3) Old regions: 2->2
[2022-07-21T19:42:21.733+0800][gc,heap       ] GC(3) Humongous regions: 0->0
[2022-07-21T19:42:21.733+0800][gc,metaspace  ] GC(3) Metaspace: 23247K->23247K(1071104K)
[2022-07-21T19:42:21.733+0800][gc            ] GC(3) Pause Young (Normal) (G1 Evacuation Pause) 256M->16M(512M) 28.698ms
[2022-07-21T19:42:21.733+0800][gc,cpu        ] GC(3) User=0.15s Sys=0.00s Real=0.02s
[2022-07-21T19:42:23.073+0800][gc,start      ] GC(4) Pause Young (Normal) (G1 Evacuation Pause)
[2022-07-21T19:42:23.073+0800][gc,task       ] GC(4) Using 8 workers of 8 for evacuation
[2022-07-21T19:42:23.092+0800][gc,phases     ] GC(4)   Pre Evacuate Collection Set: 0.0ms
[2022-07-21T19:42:23.092+0800][gc,phases     ] GC(4)   Evacuate Collection Set: 17.6ms
[2022-07-21T19:42:23.092+0800][gc,phases     ] GC(4)   Post Evacuate Collection Set: 1.1ms
[2022-07-21T19:42:23.092+0800][gc,phases     ] GC(4)   Other: 0.2ms
[2022-07-21T19:42:23.092+0800][gc,heap       ] GC(4) Eden regions: 239->0(231)
[2022-07-21T19:42:23.092+0800][gc,heap       ] GC(4) Survivor regions: 17->25(32)
[2022-07-21T19:42:23.092+0800][gc,heap       ] GC(4) Old regions: 2->2
[2022-07-21T19:42:23.092+0800][gc,heap       ] GC(4) Humongous regions: 0->0
[2022-07-21T19:42:23.092+0800][gc,metaspace  ] GC(4) Metaspace: 23390K->23390K(1071104K)
[2022-07-21T19:42:23.092+0800][gc            ] GC(4) Pause Young (Normal) (G1 Evacuation Pause) 255M->25M(512M) 19.058ms
[2022-07-21T19:42:23.092+0800][gc,cpu        ] GC(4) User=0.10s Sys=0.00s Real=0.02s
[2022-07-21T19:42:24.154+0800][gc,start      ] GC(5) Pause Young (Normal) (G1 Evacuation Pause)
[2022-07-21T19:42:24.154+0800][gc,task       ] GC(5) Using 8 workers of 8 for evacuation
[2022-07-21T19:42:24.178+0800][gc,phases     ] GC(5)   Pre Evacuate Collection Set: 0.0ms
[2022-07-21T19:42:24.179+0800][gc,phases     ] GC(5)   Evacuate Collection Set: 23.2ms
[2022-07-21T19:42:24.179+0800][gc,phases     ] GC(5)   Post Evacuate Collection Set: 1.2ms
[2022-07-21T19:42:24.179+0800][gc,phases     ] GC(5)   Other: 0.7ms
[2022-07-21T19:42:24.179+0800][gc,heap       ] GC(5) Eden regions: 231->0(236)
[2022-07-21T19:42:24.179+0800][gc,heap       ] GC(5) Survivor regions: 25->20(32)
[2022-07-21T19:42:24.179+0800][gc,heap       ] GC(5) Old regions: 2->10
[2022-07-21T19:42:24.179+0800][gc,heap       ] GC(5) Humongous regions: 0->0
[2022-07-21T19:42:24.179+0800][gc,metaspace  ] GC(5) Metaspace: 25911K->25911K(1073152K)
[2022-07-21T19:42:24.179+0800][gc            ] GC(5) Pause Young (Normal) (G1 Evacuation Pause) 256M->28M(512M) 25.275ms
[2022-07-21T19:42:24.179+0800][gc,cpu        ] GC(5) User=0.14s Sys=0.00s Real=0.03s
[2022-07-21T19:42:26.326+0800][gc,start      ] GC(6) Pause Young (Normal) (G1 Evacuation Pause)
[2022-07-21T19:42:26.326+0800][gc,task       ] GC(6) Using 8 workers of 8 for evacuation
[2022-07-21T19:42:26.356+0800][gc,phases     ] GC(6)   Pre Evacuate Collection Set: 0.0ms
[2022-07-21T19:42:26.356+0800][gc,phases     ] GC(6)   Evacuate Collection Set: 27.7ms
[2022-07-21T19:42:26.356+0800][gc,phases     ] GC(6)   Post Evacuate Collection Set: 1.8ms
[2022-07-21T19:42:26.356+0800][gc,phases     ] GC(6)   Other: 0.3ms
[2022-07-21T19:42:26.356+0800][gc,heap       ] GC(6) Eden regions: 236->0(240)
[2022-07-21T19:42:26.356+0800][gc,heap       ] GC(6) Survivor regions: 20->16(32)
[2022-07-21T19:42:26.357+0800][gc,heap       ] GC(6) Old regions: 10->18
[2022-07-21T19:42:26.357+0800][gc,heap       ] GC(6) Humongous regions: 0->0
[2022-07-21T19:42:26.357+0800][gc,metaspace  ] GC(6) Metaspace: 30975K->30975K(1077248K)
[2022-07-21T19:42:26.357+0800][gc            ] GC(6) Pause Young (Normal) (G1 Evacuation Pause) 264M->32M(512M) 30.197ms
[2022-07-21T19:42:26.357+0800][gc,cpu        ] GC(6) User=0.13s Sys=0.00s Real=0.03s
[2022-07-21T19:42:27.524+0800][gc,start      ] GC(7) Pause Young (Concurrent Start) (Metadata GC Threshold)
[2022-07-21T19:42:27.524+0800][gc,task       ] GC(7) Using 8 workers of 8 for evacuation
[2022-07-21T19:42:27.557+0800][gc,phases     ] GC(7)   Pre Evacuate Collection Set: 0.1ms
[2022-07-21T19:42:27.557+0800][gc,phases     ] GC(7)   Evacuate Collection Set: 30.6ms
[2022-07-21T19:42:27.557+0800][gc,phases     ] GC(7)   Post Evacuate Collection Set: 2.0ms
[2022-07-21T19:42:27.557+0800][gc,phases     ] GC(7)   Other: 0.3ms
[2022-07-21T19:42:27.557+0800][gc,heap       ] GC(7) Eden regions: 155->0(238)
[2022-07-21T19:42:27.557+0800][gc,heap       ] GC(7) Survivor regions: 16->18(32)
[2022-07-21T19:42:27.557+0800][gc,heap       ] GC(7) Old regions: 18->18
[2022-07-21T19:42:27.557+0800][gc,heap       ] GC(7) Humongous regions: 0->0
[2022-07-21T19:42:27.557+0800][gc,metaspace  ] GC(7) Metaspace: 34642K->34642K(1081344K)
[2022-07-21T19:42:27.557+0800][gc            ] GC(7) Pause Young (Concurrent Start) (Metadata GC Threshold) 187M->34M(512M) 33.425ms
[2022-07-21T19:42:27.557+0800][gc,cpu        ] GC(7) User=0.18s Sys=0.00s Real=0.04s
[2022-07-21T19:42:27.557+0800][gc            ] GC(8) Concurrent Cycle
[2022-07-21T19:42:27.557+0800][gc,marking    ] GC(8) Concurrent Clear Claimed Marks
[2022-07-21T19:42:27.558+0800][gc,marking    ] GC(8) Concurrent Clear Claimed Marks 0.130ms
[2022-07-21T19:42:27.558+0800][gc,marking    ] GC(8) Concurrent Scan Root Regions
[2022-07-21T19:42:27.568+0800][gc,marking    ] GC(8) Concurrent Scan Root Regions 10.270ms
[2022-07-21T19:42:27.568+0800][gc,marking    ] GC(8) Concurrent Mark (123.523s)
[2022-07-21T19:42:27.568+0800][gc,marking    ] GC(8) Concurrent Mark From Roots
[2022-07-21T19:42:27.568+0800][gc,task       ] GC(8) Using 2 workers of 2 for marking
[2022-07-21T19:42:27.594+0800][gc,marking    ] GC(8) Concurrent Mark From Roots 26.088ms
[2022-07-21T19:42:27.594+0800][gc,marking    ] GC(8) Concurrent Preclean
[2022-07-21T19:42:27.594+0800][gc,marking    ] GC(8) Concurrent Preclean 0.161ms
[2022-07-21T19:42:27.594+0800][gc,marking    ] GC(8) Concurrent Mark (123.523s, 123.550s) 26.356ms
[2022-07-21T19:42:27.595+0800][gc,start      ] GC(8) Pause Remark
[2022-07-21T19:42:27.600+0800][gc,stringtable] GC(8) Cleaned string and symbol table, strings: 16315 processed, 35 removed, symbols: 98236 processed, 333 removed
[2022-07-21T19:42:27.600+0800][gc            ] GC(8) Pause Remark 37M->37M(512M) 5.418ms
[2022-07-21T19:42:27.600+0800][gc,cpu        ] GC(8) User=0.03s Sys=0.00s Real=0.00s
[2022-07-21T19:42:27.600+0800][gc,marking    ] GC(8) Concurrent Rebuild Remembered Sets
[2022-07-21T19:42:27.612+0800][gc,marking    ] GC(8) Concurrent Rebuild Remembered Sets 12.097ms
[2022-07-21T19:42:27.613+0800][gc,start      ] GC(8) Pause Cleanup
[2022-07-21T19:42:27.613+0800][gc            ] GC(8) Pause Cleanup 37M->37M(512M) 0.243ms
[2022-07-21T19:42:27.613+0800][gc,cpu        ] GC(8) User=0.00s Sys=0.00s Real=0.00s
[2022-07-21T19:42:27.613+0800][gc,marking    ] GC(8) Concurrent Cleanup for Next Mark
[2022-07-21T19:42:27.616+0800][gc,marking    ] GC(8) Concurrent Cleanup for Next Mark 2.679ms
[2022-07-21T19:42:27.616+0800][gc            ] GC(8) Concurrent Cycle 58.383ms
[2022-07-21T19:42:29.975+0800][gc,start      ] GC(9) Pause Young (Normal) (G1 Evacuation Pause)
[2022-07-21T19:42:29.975+0800][gc,task       ] GC(9) Using 8 workers of 8 for evacuation
[2022-07-21T19:42:30.001+0800][gc,phases     ] GC(9)   Pre Evacuate Collection Set: 0.0ms
[2022-07-21T19:42:30.001+0800][gc,phases     ] GC(9)   Evacuate Collection Set: 22.7ms
[2022-07-21T19:42:30.001+0800][gc,phases     ] GC(9)   Post Evacuate Collection Set: 2.8ms
[2022-07-21T19:42:30.001+0800][gc,phases     ] GC(9)   Other: 0.3ms
[2022-07-21T19:42:30.001+0800][gc,heap       ] GC(9) Eden regions: 238->0(236)
[2022-07-21T19:42:30.001+0800][gc,heap       ] GC(9) Survivor regions: 18->20(32)
[2022-07-21T19:42:30.001+0800][gc,heap       ] GC(9) Old regions: 18->26
[2022-07-21T19:42:30.001+0800][gc,heap       ] GC(9) Humongous regions: 5->5
[2022-07-21T19:42:30.001+0800][gc,metaspace  ] GC(9) Metaspace: 46319K->46319K(1091584K)
[2022-07-21T19:42:30.001+0800][gc            ] GC(9) Pause Young (Normal) (G1 Evacuation Pause) 277M->48M(512M) 26.008ms
[2022-07-21T19:42:30.001+0800][gc,cpu        ] GC(9) User=0.16s Sys=0.00s Real=0.02s
