[2022-07-21T19:04:44.280+0800][gc,heap] Heap region size: 1M
[2022-07-21T19:04:44.285+0800][gc     ] Using G1
[2022-07-21T19:04:44.285+0800][gc,heap,coops] Heap address: 0x00000000e0000000, size: 512 MB, Compressed Oops mode: 32-bit
[2022-07-21T19:04:44.285+0800][gc,cds       ] Mark closed archive regions in map: [0x00000000fff00000, 0x00000000fff6aff8]
[2022-07-21T19:04:44.285+0800][gc,cds       ] Mark open archive regions in map: [0x00000000ffe00000, 0x00000000ffe46ff8]
[2022-07-21T19:04:45.979+0800][gc,start     ] GC(0) Pause Young (Normal) (G1 Evacuation Pause)
[2022-07-21T19:04:45.980+0800][gc,task      ] GC(0) Using 8 workers of 8 for evacuation
[2022-07-21T19:04:45.995+0800][gc,phases    ] GC(0)   Pre Evacuate Collection Set: 0.0ms
[2022-07-21T19:04:45.995+0800][gc,phases    ] GC(0)   Evacuate Collection Set: 13.5ms
[2022-07-21T19:04:45.995+0800][gc,phases    ] GC(0)   Post Evacuate Collection Set: 1.4ms
[2022-07-21T19:04:45.995+0800][gc,phases    ] GC(0)   Other: 1.2ms
[2022-07-21T19:04:45.995+0800][gc,heap      ] GC(0) Eden regions: 256->0(249)
[2022-07-21T19:04:45.995+0800][gc,heap      ] GC(0) Survivor regions: 0->7(32)
[2022-07-21T19:04:45.995+0800][gc,heap      ] GC(0) Old regions: 2->2
[2022-07-21T19:04:45.995+0800][gc,heap      ] GC(0) Humongous regions: 3->0
[2022-07-21T19:04:45.995+0800][gc,metaspace ] GC(0) Metaspace: 16680K->16680K(1064960K)
[2022-07-21T19:04:45.995+0800][gc           ] GC(0) Pause Young (Normal) (G1 Evacuation Pause) 259M->7M(512M) 16.215ms
[2022-07-21T19:04:45.995+0800][gc,cpu       ] GC(0) User=0.07s Sys=0.04s Real=0.02s
[2022-07-21T19:04:46.383+0800][gc,start     ] GC(1) Pause Young (Concurrent Start) (Metadata GC Threshold)
[2022-07-21T19:04:46.383+0800][gc,task      ] GC(1) Using 8 workers of 8 for evacuation
[2022-07-21T19:04:46.394+0800][gc,phases    ] GC(1)   Pre Evacuate Collection Set: 0.1ms
[2022-07-21T19:04:46.394+0800][gc,phases    ] GC(1)   Evacuate Collection Set: 9.4ms
[2022-07-21T19:04:46.394+0800][gc,phases    ] GC(1)   Post Evacuate Collection Set: 1.3ms
[2022-07-21T19:04:46.394+0800][gc,phases    ] GC(1)   Other: 0.3ms
[2022-07-21T19:04:46.394+0800][gc,heap      ] GC(1) Eden regions: 95->0(247)
[2022-07-21T19:04:46.394+0800][gc,heap      ] GC(1) Survivor regions: 7->9(32)
[2022-07-21T19:04:46.394+0800][gc,heap      ] GC(1) Old regions: 2->2
[2022-07-21T19:04:46.394+0800][gc,heap      ] GC(1) Humongous regions: 0->0
[2022-07-21T19:04:46.394+0800][gc,metaspace ] GC(1) Metaspace: 20486K->20486K(1067008K)
[2022-07-21T19:04:46.394+0800][gc           ] GC(1) Pause Young (Concurrent Start) (Metadata GC Threshold) 102M->9M(512M) 11.163ms
[2022-07-21T19:04:46.394+0800][gc,cpu       ] GC(1) User=0.08s Sys=0.02s Real=0.02s
[2022-07-21T19:04:46.394+0800][gc           ] GC(2) Concurrent Cycle
[2022-07-21T19:04:46.394+0800][gc,marking   ] GC(2) Concurrent Clear Claimed Marks
[2022-07-21T19:04:46.394+0800][gc,marking   ] GC(2) Concurrent Clear Claimed Marks 0.083ms
[2022-07-21T19:04:46.395+0800][gc,marking   ] GC(2) Concurrent Scan Root Regions
[2022-07-21T19:04:46.398+0800][gc,marking   ] GC(2) Concurrent Scan Root Regions 3.705ms
[2022-07-21T19:04:46.398+0800][gc,marking   ] GC(2) Concurrent Mark (2.121s)
[2022-07-21T19:04:46.398+0800][gc,marking   ] GC(2) Concurrent Mark From Roots
[2022-07-21T19:04:46.398+0800][gc,task      ] GC(2) Using 2 workers of 2 for marking
[2022-07-21T19:04:46.401+0800][gc,marking   ] GC(2) Concurrent Mark From Roots 3.043ms
[2022-07-21T19:04:46.401+0800][gc,marking   ] GC(2) Concurrent Preclean
[2022-07-21T19:04:46.402+0800][gc,marking   ] GC(2) Concurrent Preclean 0.127ms
[2022-07-21T19:04:46.402+0800][gc,marking   ] GC(2) Concurrent Mark (2.121s, 2.125s) 3.274ms
[2022-07-21T19:04:46.402+0800][gc,start     ] GC(2) Pause Remark
[2022-07-21T19:04:46.410+0800][gc,stringtable] GC(2) Cleaned string and symbol table, strings: 9347 processed, 0 removed, symbols: 55992 processed, 109 removed
[2022-07-21T19:04:46.410+0800][gc            ] GC(2) Pause Remark 11M->11M(512M) 8.563ms
[2022-07-21T19:04:46.410+0800][gc,cpu        ] GC(2) User=0.06s Sys=0.00s Real=0.01s
[2022-07-21T19:04:46.411+0800][gc,marking    ] GC(2) Concurrent Rebuild Remembered Sets
[2022-07-21T19:04:46.411+0800][gc,marking    ] GC(2) Concurrent Rebuild Remembered Sets 0.671ms
[2022-07-21T19:04:46.412+0800][gc,start      ] GC(2) Pause Cleanup
[2022-07-21T19:04:46.412+0800][gc            ] GC(2) Pause Cleanup 11M->11M(512M) 0.260ms
[2022-07-21T19:04:46.412+0800][gc,cpu        ] GC(2) User=0.00s Sys=0.00s Real=0.00s
[2022-07-21T19:04:46.412+0800][gc,marking    ] GC(2) Concurrent Cleanup for Next Mark
[2022-07-21T19:04:46.415+0800][gc,marking    ] GC(2) Concurrent Cleanup for Next Mark 3.274ms
[2022-07-21T19:04:46.416+0800][gc            ] GC(2) Concurrent Cycle 21.216ms
[2022-07-21T19:04:47.585+0800][gc,start      ] GC(3) Pause Young (Concurrent Start) (G1 Evacuation Pause)
[2022-07-21T19:04:47.585+0800][gc,task       ] GC(3) Using 8 workers of 8 for evacuation
[2022-07-21T19:04:47.608+0800][gc,phases     ] GC(3)   Pre Evacuate Collection Set: 0.1ms
[2022-07-21T19:04:47.608+0800][gc,phases     ] GC(3)   Evacuate Collection Set: 22.3ms
[2022-07-21T19:04:47.608+0800][gc,phases     ] GC(3)   Post Evacuate Collection Set: 1.0ms
[2022-07-21T19:04:47.608+0800][gc,phases     ] GC(3)   Other: 0.3ms
[2022-07-21T19:04:47.608+0800][gc,heap       ] GC(3) Eden regions: 247->0(239)
[2022-07-21T19:04:47.608+0800][gc,heap       ] GC(3) Survivor regions: 9->17(32)
[2022-07-21T19:04:47.608+0800][gc,heap       ] GC(3) Old regions: 2->2
[2022-07-21T19:04:47.608+0800][gc,heap       ] GC(3) Humongous regions: 0->0
[2022-07-21T19:04:47.608+0800][gc,metaspace  ] GC(3) Metaspace: 23281K->23281K(1071104K)
[2022-07-21T19:04:47.608+0800][gc            ] GC(3) Pause Young (Concurrent Start) (G1 Evacuation Pause) 256M->17M(512M) 23.847ms
[2022-07-21T19:04:47.609+0800][gc,cpu        ] GC(3) User=0.11s Sys=0.00s Real=0.02s
[2022-07-21T19:04:47.609+0800][gc            ] GC(4) Concurrent Cycle
[2022-07-21T19:04:47.609+0800][gc,marking    ] GC(4) Concurrent Clear Claimed Marks
[2022-07-21T19:04:47.609+0800][gc,marking    ] GC(4) Concurrent Clear Claimed Marks 0.120ms
[2022-07-21T19:04:47.609+0800][gc,marking    ] GC(4) Concurrent Scan Root Regions
[2022-07-21T19:04:47.614+0800][gc,marking    ] GC(4) Concurrent Scan Root Regions 5.449ms
[2022-07-21T19:04:47.614+0800][gc,marking    ] GC(4) Concurrent Mark (3.337s)
[2022-07-21T19:04:47.614+0800][gc,marking    ] GC(4) Concurrent Mark From Roots
[2022-07-21T19:04:47.614+0800][gc,task       ] GC(4) Using 2 workers of 2 for marking
[2022-07-21T19:04:47.616+0800][gc,marking    ] GC(4) Concurrent Mark From Roots 1.312ms
[2022-07-21T19:04:47.616+0800][gc,marking    ] GC(4) Concurrent Preclean
[2022-07-21T19:04:47.616+0800][gc,marking    ] GC(4) Concurrent Preclean 0.191ms
[2022-07-21T19:04:47.616+0800][gc,marking    ] GC(4) Concurrent Mark (3.337s, 3.339s) 1.627ms
[2022-07-21T19:04:47.616+0800][gc,start      ] GC(4) Pause Remark
[2022-07-21T19:04:47.623+0800][gc,stringtable] GC(4) Cleaned string and symbol table, strings: 10450 processed, 0 removed, symbols: 60987 processed, 22 removed
[2022-07-21T19:04:47.624+0800][gc            ] GC(4) Pause Remark 20M->20M(512M) 7.545ms
[2022-07-21T19:04:47.624+0800][gc,cpu        ] GC(4) User=0.05s Sys=0.01s Real=0.01s
[2022-07-21T19:04:47.624+0800][gc,marking    ] GC(4) Concurrent Rebuild Remembered Sets
[2022-07-21T19:04:47.625+0800][gc,marking    ] GC(4) Concurrent Rebuild Remembered Sets 0.673ms
[2022-07-21T19:04:47.625+0800][gc,start      ] GC(4) Pause Cleanup
[2022-07-21T19:04:47.625+0800][gc            ] GC(4) Pause Cleanup 20M->20M(512M) 0.255ms
[2022-07-21T19:04:47.625+0800][gc,cpu        ] GC(4) User=0.00s Sys=0.00s Real=0.00s
[2022-07-21T19:04:47.625+0800][gc,marking    ] GC(4) Concurrent Cleanup for Next Mark
[2022-07-21T19:04:47.631+0800][gc,marking    ] GC(4) Concurrent Cleanup for Next Mark 5.904ms
[2022-07-21T19:04:47.631+0800][gc            ] GC(4) Concurrent Cycle 22.689ms
[2022-07-21T19:04:48.417+0800][gc,start      ] GC(5) Pause Young (Normal) (G1 Evacuation Pause)
[2022-07-21T19:04:48.417+0800][gc,task       ] GC(5) Using 8 workers of 8 for evacuation
[2022-07-21T19:04:48.435+0800][gc,phases     ] GC(5)   Pre Evacuate Collection Set: 0.0ms
[2022-07-21T19:04:48.435+0800][gc,phases     ] GC(5)   Evacuate Collection Set: 16.7ms
[2022-07-21T19:04:48.435+0800][gc,phases     ] GC(5)   Post Evacuate Collection Set: 1.2ms
[2022-07-21T19:04:48.435+0800][gc,phases     ] GC(5)   Other: 0.2ms
[2022-07-21T19:04:48.435+0800][gc,heap       ] GC(5) Eden regions: 239->0(231)
[2022-07-21T19:04:48.435+0800][gc,heap       ] GC(5) Survivor regions: 17->25(32)
[2022-07-21T19:04:48.435+0800][gc,heap       ] GC(5) Old regions: 2->2
[2022-07-21T19:04:48.435+0800][gc,heap       ] GC(5) Humongous regions: 0->0
[2022-07-21T19:04:48.435+0800][gc,metaspace  ] GC(5) Metaspace: 23970K->23970K(1071104K)
[2022-07-21T19:04:48.435+0800][gc            ] GC(5) Pause Young (Normal) (G1 Evacuation Pause) 256M->25M(512M) 18.283ms
[2022-07-21T19:04:48.435+0800][gc,cpu        ] GC(5) User=0.14s Sys=0.00s Real=0.02s
[2022-07-21T19:04:49.114+0800][gc,start      ] GC(6) Pause Young (Normal) (G1 Evacuation Pause)
[2022-07-21T19:04:49.114+0800][gc,task       ] GC(6) Using 8 workers of 8 for evacuation
[2022-07-21T19:04:49.137+0800][gc,phases     ] GC(6)   Pre Evacuate Collection Set: 0.0ms
[2022-07-21T19:04:49.137+0800][gc,phases     ] GC(6)   Evacuate Collection Set: 21.8ms
[2022-07-21T19:04:49.137+0800][gc,phases     ] GC(6)   Post Evacuate Collection Set: 1.2ms
[2022-07-21T19:04:49.137+0800][gc,phases     ] GC(6)   Other: 0.2ms
[2022-07-21T19:04:49.137+0800][gc,heap       ] GC(6) Eden regions: 231->0(236)
[2022-07-21T19:04:49.137+0800][gc,heap       ] GC(6) Survivor regions: 25->20(32)
[2022-07-21T19:04:49.137+0800][gc,heap       ] GC(6) Old regions: 2->10
[2022-07-21T19:04:49.137+0800][gc,heap       ] GC(6) Humongous regions: 0->0
[2022-07-21T19:04:49.137+0800][gc,metaspace  ] GC(6) Metaspace: 25935K->25935K(1073152K)
[2022-07-21T19:04:49.137+0800][gc            ] GC(6) Pause Young (Normal) (G1 Evacuation Pause) 256M->28M(512M) 23.445ms
[2022-07-21T19:04:49.137+0800][gc,cpu        ] GC(6) User=0.12s Sys=0.00s Real=0.02s
[2022-07-21T19:04:50.636+0800][gc,start      ] GC(7) Pause Young (Normal) (G1 Evacuation Pause)
[2022-07-21T19:04:50.636+0800][gc,task       ] GC(7) Using 8 workers of 8 for evacuation
[2022-07-21T19:04:50.650+0800][gc,phases     ] GC(7)   Pre Evacuate Collection Set: 0.0ms
[2022-07-21T19:04:50.650+0800][gc,phases     ] GC(7)   Evacuate Collection Set: 13.2ms
[2022-07-21T19:04:50.650+0800][gc,phases     ] GC(7)   Post Evacuate Collection Set: 0.9ms
[2022-07-21T19:04:50.650+0800][gc,phases     ] GC(7)   Other: 0.3ms
[2022-07-21T19:04:50.650+0800][gc,heap       ] GC(7) Eden regions: 236->0(239)
[2022-07-21T19:04:50.650+0800][gc,heap       ] GC(7) Survivor regions: 20->17(32)
[2022-07-21T19:04:50.650+0800][gc,heap       ] GC(7) Old regions: 10->18
[2022-07-21T19:04:50.650+0800][gc,heap       ] GC(7) Humongous regions: 0->0
[2022-07-21T19:04:50.650+0800][gc,metaspace  ] GC(7) Metaspace: 31003K->31003K(1077248K)
[2022-07-21T19:04:50.650+0800][gc            ] GC(7) Pause Young (Normal) (G1 Evacuation Pause) 264M->33M(512M) 14.542ms
[2022-07-21T19:04:50.650+0800][gc,cpu        ] GC(7) User=0.10s Sys=0.00s Real=0.01s
[2022-07-21T19:04:52.344+0800][gc,start      ] GC(8) Pause Young (Normal) (G1 Evacuation Pause)
[2022-07-21T19:04:52.344+0800][gc,task       ] GC(8) Using 8 workers of 8 for evacuation
[2022-07-21T19:04:52.373+0800][gc,phases     ] GC(8)   Pre Evacuate Collection Set: 0.0ms
[2022-07-21T19:04:52.373+0800][gc,phases     ] GC(8)   Evacuate Collection Set: 24.0ms
[2022-07-21T19:04:52.373+0800][gc,phases     ] GC(8)   Post Evacuate Collection Set: 4.2ms
[2022-07-21T19:04:52.373+0800][gc,phases     ] GC(8)   Other: 0.3ms
[2022-07-21T19:04:52.373+0800][gc,heap       ] GC(8) Eden regions: 239->0(236)
[2022-07-21T19:04:52.373+0800][gc,heap       ] GC(8) Survivor regions: 17->20(32)
[2022-07-21T19:04:52.373+0800][gc,heap       ] GC(8) Old regions: 18->18
[2022-07-21T19:04:52.373+0800][gc,heap       ] GC(8) Humongous regions: 0->0
[2022-07-21T19:04:52.373+0800][gc,metaspace  ] GC(8) Metaspace: 38846K->38846K(1085440K)
[2022-07-21T19:04:52.373+0800][gc            ] GC(8) Pause Young (Normal) (G1 Evacuation Pause) 272M->36M(512M) 28.723ms
[2022-07-21T19:04:52.373+0800][gc,cpu        ] GC(8) User=0.21s Sys=0.00s Real=0.02s
[2022-07-21T19:04:52.388+0800][gc,start      ] GC(9) Pause Young (Concurrent Start) (Metadata GC Threshold)
[2022-07-21T19:04:52.388+0800][gc,task       ] GC(9) Using 8 workers of 8 for evacuation
[2022-07-21T19:04:52.428+0800][gc,phases     ] GC(9)   Pre Evacuate Collection Set: 0.1ms
[2022-07-21T19:04:52.429+0800][gc,phases     ] GC(9)   Evacuate Collection Set: 39.5ms
[2022-07-21T19:04:52.429+0800][gc,phases     ] GC(9)   Post Evacuate Collection Set: 0.7ms
[2022-07-21T19:04:52.429+0800][gc,phases     ] GC(9)   Other: 0.3ms
[2022-07-21T19:04:52.429+0800][gc,heap       ] GC(9) Eden regions: 2->0(243)
[2022-07-21T19:04:52.429+0800][gc,heap       ] GC(9) Survivor regions: 20->13(32)
[2022-07-21T19:04:52.429+0800][gc,heap       ] GC(9) Old regions: 18->26
[2022-07-21T19:04:52.429+0800][gc,heap       ] GC(9) Humongous regions: 0->0
[2022-07-21T19:04:52.429+0800][gc,metaspace  ] GC(9) Metaspace: 39049K->39049K(1085440K)
[2022-07-21T19:04:52.429+0800][gc            ] GC(9) Pause Young (Concurrent Start) (Metadata GC Threshold) 37M->36M(512M) 40.719ms
[2022-07-21T19:04:52.429+0800][gc,cpu        ] GC(9) User=0.29s Sys=0.01s Real=0.04s
[2022-07-21T19:04:52.429+0800][gc            ] GC(10) Concurrent Cycle
[2022-07-21T19:04:52.429+0800][gc,marking    ] GC(10) Concurrent Clear Claimed Marks
[2022-07-21T19:04:52.429+0800][gc,marking    ] GC(10) Concurrent Clear Claimed Marks 0.165ms
[2022-07-21T19:04:52.429+0800][gc,marking    ] GC(10) Concurrent Scan Root Regions
[2022-07-21T19:04:52.434+0800][gc,marking    ] GC(10) Concurrent Scan Root Regions 5.195ms
[2022-07-21T19:04:52.434+0800][gc,marking    ] GC(10) Concurrent Mark (8.157s)
[2022-07-21T19:04:52.434+0800][gc,marking    ] GC(10) Concurrent Mark From Roots
[2022-07-21T19:04:52.434+0800][gc,task       ] GC(10) Using 2 workers of 2 for marking
[2022-07-21T19:04:52.462+0800][gc,marking    ] GC(10) Concurrent Mark From Roots 27.735ms
[2022-07-21T19:04:52.462+0800][gc,marking    ] GC(10) Concurrent Preclean
[2022-07-21T19:04:52.462+0800][gc,marking    ] GC(10) Concurrent Preclean 0.156ms
[2022-07-21T19:04:52.462+0800][gc,marking    ] GC(10) Concurrent Mark (8.157s, 8.185s) 28.040ms
[2022-07-21T19:04:52.463+0800][gc,start      ] GC(10) Pause Remark
[2022-07-21T19:04:52.472+0800][gc,stringtable] GC(10) Cleaned string and symbol table, strings: 20994 processed, 37 removed, symbols: 113072 processed, 344 removed
[2022-07-21T19:04:52.472+0800][gc            ] GC(10) Pause Remark 37M->37M(512M) 9.309ms
[2022-07-21T19:04:52.472+0800][gc,cpu        ] GC(10) User=0.06s Sys=0.00s Real=0.01s
[2022-07-21T19:04:52.472+0800][gc,marking    ] GC(10) Concurrent Rebuild Remembered Sets
[2022-07-21T19:04:52.490+0800][gc,marking    ] GC(10) Concurrent Rebuild Remembered Sets 18.161ms
[2022-07-21T19:04:52.491+0800][gc,start      ] GC(10) Pause Cleanup
[2022-07-21T19:04:52.491+0800][gc            ] GC(10) Pause Cleanup 38M->38M(512M) 0.297ms
[2022-07-21T19:04:52.491+0800][gc,cpu        ] GC(10) User=0.00s Sys=0.00s Real=0.00s
[2022-07-21T19:04:52.491+0800][gc,marking    ] GC(10) Concurrent Cleanup for Next Mark
[2022-07-21T19:04:52.492+0800][gc,marking    ] GC(10) Concurrent Cleanup for Next Mark 0.777ms
[2022-07-21T19:04:52.492+0800][gc            ] GC(10) Concurrent Cycle 63.287ms
