[2022-07-22T11:30:19.048+0800][gc,heap] Heap region size: 1M
[2022-07-22T11:30:19.054+0800][gc     ] Using G1
[2022-07-22T11:30:19.054+0800][gc,heap,coops] Heap address: 0x00000000e0000000, size: 512 MB, Compressed Oops mode: 32-bit
[2022-07-22T11:30:19.054+0800][gc,cds       ] Mark closed archive regions in map: [0x00000000fff00000, 0x00000000fff6aff8]
[2022-07-22T11:30:19.055+0800][gc,cds       ] Mark open archive regions in map: [0x00000000ffe00000, 0x00000000ffe46ff8]
[2022-07-22T11:30:22.554+0800][gc,start     ] GC(0) Pause Young (Normal) (G1 Evacuation Pause)
[2022-07-22T11:30:22.555+0800][gc,task      ] GC(0) Using 8 workers of 8 for evacuation
[2022-07-22T11:30:22.574+0800][gc,phases    ] GC(0)   Pre Evacuate Collection Set: 0.1ms
[2022-07-22T11:30:22.574+0800][gc,phases    ] GC(0)   Evacuate Collection Set: 17.2ms
[2022-07-22T11:30:22.574+0800][gc,phases    ] GC(0)   Post Evacuate Collection Set: 1.3ms
[2022-07-22T11:30:22.574+0800][gc,phases    ] GC(0)   Other: 1.7ms
[2022-07-22T11:30:22.574+0800][gc,heap      ] GC(0) Eden regions: 256->0(249)
[2022-07-22T11:30:22.574+0800][gc,heap      ] GC(0) Survivor regions: 0->7(32)
[2022-07-22T11:30:22.574+0800][gc,heap      ] GC(0) Old regions: 2->2
[2022-07-22T11:30:22.574+0800][gc,heap      ] GC(0) Humongous regions: 3->0
[2022-07-22T11:30:22.574+0800][gc,metaspace ] GC(0) Metaspace: 16416K->16416K(1064960K)
[2022-07-22T11:30:22.574+0800][gc           ] GC(0) Pause Young (Normal) (G1 Evacuation Pause) 259M->7M(512M) 20.417ms
[2022-07-22T11:30:22.574+0800][gc,cpu       ] GC(0) User=0.10s Sys=0.04s Real=0.02s
[2022-07-22T11:30:23.239+0800][gc,start     ] GC(1) Pause Young (Concurrent Start) (Metadata GC Threshold)
[2022-07-22T11:30:23.239+0800][gc,task      ] GC(1) Using 8 workers of 8 for evacuation
[2022-07-22T11:30:23.263+0800][gc,phases    ] GC(1)   Pre Evacuate Collection Set: 0.1ms
[2022-07-22T11:30:23.263+0800][gc,phases    ] GC(1)   Evacuate Collection Set: 20.9ms
[2022-07-22T11:30:23.263+0800][gc,phases    ] GC(1)   Post Evacuate Collection Set: 2.3ms
[2022-07-22T11:30:23.263+0800][gc,phases    ] GC(1)   Other: 0.4ms
[2022-07-22T11:30:23.263+0800][gc,heap      ] GC(1) Eden regions: 91->0(247)
[2022-07-22T11:30:23.263+0800][gc,heap      ] GC(1) Survivor regions: 7->9(32)
[2022-07-22T11:30:23.263+0800][gc,heap      ] GC(1) Old regions: 2->2
[2022-07-22T11:30:23.263+0800][gc,heap      ] GC(1) Humongous regions: 0->0
[2022-07-22T11:30:23.263+0800][gc,metaspace ] GC(1) Metaspace: 20578K->20578K(1067008K)
[2022-07-22T11:30:23.263+0800][gc           ] GC(1) Pause Young (Concurrent Start) (Metadata GC Threshold) 98M->9M(512M) 23.953ms
[2022-07-22T11:30:23.263+0800][gc,cpu       ] GC(1) User=0.14s Sys=0.02s Real=0.03s
[2022-07-22T11:30:23.263+0800][gc           ] GC(2) Concurrent Cycle
[2022-07-22T11:30:23.263+0800][gc,marking   ] GC(2) Concurrent Clear Claimed Marks
[2022-07-22T11:30:23.263+0800][gc,marking   ] GC(2) Concurrent Clear Claimed Marks 0.080ms
[2022-07-22T11:30:23.263+0800][gc,marking   ] GC(2) Concurrent Scan Root Regions
[2022-07-22T11:30:23.269+0800][gc,marking   ] GC(2) Concurrent Scan Root Regions 5.492ms
[2022-07-22T11:30:23.269+0800][gc,marking   ] GC(2) Concurrent Mark (4.223s)
[2022-07-22T11:30:23.269+0800][gc,marking   ] GC(2) Concurrent Mark From Roots
[2022-07-22T11:30:23.269+0800][gc,task      ] GC(2) Using 2 workers of 2 for marking
[2022-07-22T11:30:23.276+0800][gc,marking   ] GC(2) Concurrent Mark From Roots 6.661ms
[2022-07-22T11:30:23.276+0800][gc,marking   ] GC(2) Concurrent Preclean
[2022-07-22T11:30:23.276+0800][gc,marking   ] GC(2) Concurrent Preclean 0.167ms
[2022-07-22T11:30:23.276+0800][gc,marking   ] GC(2) Concurrent Mark (4.223s, 4.230s) 6.970ms
[2022-07-22T11:30:23.280+0800][gc,start     ] GC(2) Pause Remark
[2022-07-22T11:30:23.292+0800][gc,stringtable] GC(2) Cleaned string and symbol table, strings: 8957 processed, 0 removed, symbols: 55642 processed, 113 removed
[2022-07-22T11:30:23.293+0800][gc            ] GC(2) Pause Remark 10M->10M(512M) 13.383ms
[2022-07-22T11:30:23.293+0800][gc,cpu        ] GC(2) User=0.08s Sys=0.00s Real=0.01s
[2022-07-22T11:30:23.294+0800][gc,marking    ] GC(2) Concurrent Rebuild Remembered Sets
[2022-07-22T11:30:23.295+0800][gc,marking    ] GC(2) Concurrent Rebuild Remembered Sets 1.260ms
[2022-07-22T11:30:23.295+0800][gc,start      ] GC(2) Pause Cleanup
[2022-07-22T11:30:23.296+0800][gc            ] GC(2) Pause Cleanup 11M->11M(512M) 0.329ms
[2022-07-22T11:30:23.296+0800][gc,cpu        ] GC(2) User=0.00s Sys=0.00s Real=0.00s
[2022-07-22T11:30:23.296+0800][gc,marking    ] GC(2) Concurrent Cleanup for Next Mark
[2022-07-22T11:30:23.299+0800][gc,marking    ] GC(2) Concurrent Cleanup for Next Mark 3.645ms
[2022-07-22T11:30:23.300+0800][gc            ] GC(2) Concurrent Cycle 36.379ms
[2022-07-22T11:30:24.938+0800][gc,start      ] GC(3) Pause Young (Normal) (G1 Evacuation Pause)
[2022-07-22T11:30:24.938+0800][gc,task       ] GC(3) Using 8 workers of 8 for evacuation
[2022-07-22T11:30:24.959+0800][gc,phases     ] GC(3)   Pre Evacuate Collection Set: 0.0ms
[2022-07-22T11:30:24.959+0800][gc,phases     ] GC(3)   Evacuate Collection Set: 19.4ms
[2022-07-22T11:30:24.959+0800][gc,phases     ] GC(3)   Post Evacuate Collection Set: 1.4ms
[2022-07-22T11:30:24.959+0800][gc,phases     ] GC(3)   Other: 0.2ms
[2022-07-22T11:30:24.959+0800][gc,heap       ] GC(3) Eden regions: 247->0(239)
[2022-07-22T11:30:24.959+0800][gc,heap       ] GC(3) Survivor regions: 9->17(32)
[2022-07-22T11:30:24.959+0800][gc,heap       ] GC(3) Old regions: 2->2
[2022-07-22T11:30:24.959+0800][gc,heap       ] GC(3) Humongous regions: 0->0
[2022-07-22T11:30:24.959+0800][gc,metaspace  ] GC(3) Metaspace: 23306K->23306K(1071104K)
[2022-07-22T11:30:24.959+0800][gc            ] GC(3) Pause Young (Normal) (G1 Evacuation Pause) 256M->17M(512M) 21.211ms
[2022-07-22T11:30:24.959+0800][gc,cpu        ] GC(3) User=0.16s Sys=0.00s Real=0.02s
[2022-07-22T11:30:26.096+0800][gc,start      ] GC(4) Pause Young (Normal) (G1 Evacuation Pause)
[2022-07-22T11:30:26.096+0800][gc,task       ] GC(4) Using 8 workers of 8 for evacuation
[2022-07-22T11:30:26.121+0800][gc,phases     ] GC(4)   Pre Evacuate Collection Set: 0.0ms
[2022-07-22T11:30:26.121+0800][gc,phases     ] GC(4)   Evacuate Collection Set: 23.6ms
[2022-07-22T11:30:26.121+0800][gc,phases     ] GC(4)   Post Evacuate Collection Set: 1.2ms
[2022-07-22T11:30:26.121+0800][gc,phases     ] GC(4)   Other: 0.2ms
[2022-07-22T11:30:26.121+0800][gc,heap       ] GC(4) Eden regions: 239->0(231)
[2022-07-22T11:30:26.121+0800][gc,heap       ] GC(4) Survivor regions: 17->25(32)
[2022-07-22T11:30:26.121+0800][gc,heap       ] GC(4) Old regions: 2->2
[2022-07-22T11:30:26.121+0800][gc,heap       ] GC(4) Humongous regions: 0->0
[2022-07-22T11:30:26.121+0800][gc,metaspace  ] GC(4) Metaspace: 23907K->23907K(1071104K)
[2022-07-22T11:30:26.121+0800][gc            ] GC(4) Pause Young (Normal) (G1 Evacuation Pause) 256M->25M(512M) 25.136ms
[2022-07-22T11:30:26.121+0800][gc,cpu        ] GC(4) User=0.20s Sys=0.00s Real=0.03s
[2022-07-22T11:30:27.105+0800][gc,start      ] GC(5) Pause Young (Normal) (G1 Evacuation Pause)
[2022-07-22T11:30:27.105+0800][gc,task       ] GC(5) Using 8 workers of 8 for evacuation
[2022-07-22T11:30:27.137+0800][gc,phases     ] GC(5)   Pre Evacuate Collection Set: 0.0ms
[2022-07-22T11:30:27.137+0800][gc,phases     ] GC(5)   Evacuate Collection Set: 30.2ms
[2022-07-22T11:30:27.137+0800][gc,phases     ] GC(5)   Post Evacuate Collection Set: 1.2ms
[2022-07-22T11:30:27.137+0800][gc,phases     ] GC(5)   Other: 0.2ms
[2022-07-22T11:30:27.137+0800][gc,heap       ] GC(5) Eden regions: 231->0(235)
[2022-07-22T11:30:27.137+0800][gc,heap       ] GC(5) Survivor regions: 25->21(32)
[2022-07-22T11:30:27.137+0800][gc,heap       ] GC(5) Old regions: 2->10
[2022-07-22T11:30:27.137+0800][gc,heap       ] GC(5) Humongous regions: 0->0
[2022-07-22T11:30:27.137+0800][gc,metaspace  ] GC(5) Metaspace: 25953K->25953K(1073152K)
[2022-07-22T11:30:27.137+0800][gc            ] GC(5) Pause Young (Normal) (G1 Evacuation Pause) 256M->28M(512M) 31.998ms
[2022-07-22T11:30:27.137+0800][gc,cpu        ] GC(5) User=0.25s Sys=0.00s Real=0.03s
[2022-07-22T11:30:29.027+0800][gc,start      ] GC(6) Pause Young (Normal) (G1 Evacuation Pause)
[2022-07-22T11:30:29.027+0800][gc,task       ] GC(6) Using 8 workers of 8 for evacuation
[2022-07-22T11:30:29.046+0800][gc,phases     ] GC(6)   Pre Evacuate Collection Set: 0.0ms
[2022-07-22T11:30:29.046+0800][gc,phases     ] GC(6)   Evacuate Collection Set: 17.9ms
[2022-07-22T11:30:29.046+0800][gc,phases     ] GC(6)   Post Evacuate Collection Set: 1.0ms
[2022-07-22T11:30:29.046+0800][gc,phases     ] GC(6)   Other: 0.3ms
[2022-07-22T11:30:29.046+0800][gc,heap       ] GC(6) Eden regions: 235->0(239)
[2022-07-22T11:30:29.046+0800][gc,heap       ] GC(6) Survivor regions: 21->17(32)
[2022-07-22T11:30:29.046+0800][gc,heap       ] GC(6) Old regions: 10->18
[2022-07-22T11:30:29.046+0800][gc,heap       ] GC(6) Humongous regions: 0->0
[2022-07-22T11:30:29.046+0800][gc,metaspace  ] GC(6) Metaspace: 31031K->31031K(1077248K)
[2022-07-22T11:30:29.046+0800][gc            ] GC(6) Pause Young (Normal) (G1 Evacuation Pause) 263M->33M(512M) 19.339ms
[2022-07-22T11:30:29.047+0800][gc,cpu        ] GC(6) User=0.15s Sys=0.00s Real=0.02s
[2022-07-22T11:30:30.262+0800][gc,start      ] GC(7) Pause Young (Concurrent Start) (Metadata GC Threshold)
[2022-07-22T11:30:30.262+0800][gc,task       ] GC(7) Using 8 workers of 8 for evacuation
[2022-07-22T11:30:30.279+0800][gc,phases     ] GC(7)   Pre Evacuate Collection Set: 0.1ms
[2022-07-22T11:30:30.279+0800][gc,phases     ] GC(7)   Evacuate Collection Set: 13.7ms
[2022-07-22T11:30:30.279+0800][gc,phases     ] GC(7)   Post Evacuate Collection Set: 2.2ms
[2022-07-22T11:30:30.279+0800][gc,phases     ] GC(7)   Other: 0.5ms
[2022-07-22T11:30:30.279+0800][gc,heap       ] GC(7) Eden regions: 141->0(238)
[2022-07-22T11:30:30.279+0800][gc,heap       ] GC(7) Survivor regions: 17->18(32)
[2022-07-22T11:30:30.279+0800][gc,heap       ] GC(7) Old regions: 18->18
[2022-07-22T11:30:30.279+0800][gc,heap       ] GC(7) Humongous regions: 0->0
[2022-07-22T11:30:30.279+0800][gc,metaspace  ] GC(7) Metaspace: 34772K->34772K(1081344K)
[2022-07-22T11:30:30.279+0800][gc            ] GC(7) Pause Young (Concurrent Start) (Metadata GC Threshold) 174M->34M(512M) 16.903ms
[2022-07-22T11:30:30.279+0800][gc,cpu        ] GC(7) User=0.12s Sys=0.00s Real=0.01s
[2022-07-22T11:30:30.279+0800][gc            ] GC(8) Concurrent Cycle
[2022-07-22T11:30:30.279+0800][gc,marking    ] GC(8) Concurrent Clear Claimed Marks
[2022-07-22T11:30:30.282+0800][gc,marking    ] GC(8) Concurrent Clear Claimed Marks 2.746ms
[2022-07-22T11:30:30.282+0800][gc,marking    ] GC(8) Concurrent Scan Root Regions
[2022-07-22T11:30:30.299+0800][gc,marking    ] GC(8) Concurrent Scan Root Regions 16.814ms
[2022-07-22T11:30:30.299+0800][gc,marking    ] GC(8) Concurrent Mark (11.253s)
[2022-07-22T11:30:30.299+0800][gc,marking    ] GC(8) Concurrent Mark From Roots
[2022-07-22T11:30:30.299+0800][gc,task       ] GC(8) Using 2 workers of 2 for marking
[2022-07-22T11:30:30.331+0800][gc,marking    ] GC(8) Concurrent Mark From Roots 31.875ms
[2022-07-22T11:30:30.331+0800][gc,marking    ] GC(8) Concurrent Preclean
[2022-07-22T11:30:30.331+0800][gc,marking    ] GC(8) Concurrent Preclean 0.183ms
[2022-07-22T11:30:30.331+0800][gc,marking    ] GC(8) Concurrent Mark (11.253s, 11.285s) 32.206ms
[2022-07-22T11:30:30.332+0800][gc,start      ] GC(8) Pause Remark
[2022-07-22T11:30:30.336+0800][gc,stringtable] GC(8) Cleaned string and symbol table, strings: 16477 processed, 36 removed, symbols: 98239 processed, 328 removed
[2022-07-22T11:30:30.337+0800][gc            ] GC(8) Pause Remark 36M->36M(512M) 5.455ms
[2022-07-22T11:30:30.337+0800][gc,cpu        ] GC(8) User=0.03s Sys=0.00s Real=0.00s
[2022-07-22T11:30:30.337+0800][gc,marking    ] GC(8) Concurrent Rebuild Remembered Sets
[2022-07-22T11:30:30.355+0800][gc,marking    ] GC(8) Concurrent Rebuild Remembered Sets 18.159ms
[2022-07-22T11:30:30.357+0800][gc,start      ] GC(8) Pause Cleanup
[2022-07-22T11:30:30.357+0800][gc            ] GC(8) Pause Cleanup 36M->36M(512M) 0.357ms
[2022-07-22T11:30:30.357+0800][gc,cpu        ] GC(8) User=0.00s Sys=0.00s Real=0.00s
[2022-07-22T11:30:30.357+0800][gc,marking    ] GC(8) Concurrent Cleanup for Next Mark
[2022-07-22T11:30:30.363+0800][gc,marking    ] GC(8) Concurrent Cleanup for Next Mark 5.561ms
[2022-07-22T11:30:30.363+0800][gc            ] GC(8) Concurrent Cycle 83.994ms
[2022-07-22T11:30:34.702+0800][gc,start      ] GC(9) Pause Young (Normal) (G1 Evacuation Pause)
[2022-07-22T11:30:34.702+0800][gc,task       ] GC(9) Using 8 workers of 8 for evacuation
[2022-07-22T11:30:34.736+0800][gc,phases     ] GC(9)   Pre Evacuate Collection Set: 0.0ms
[2022-07-22T11:30:34.736+0800][gc,phases     ] GC(9)   Evacuate Collection Set: 30.7ms
[2022-07-22T11:30:34.736+0800][gc,phases     ] GC(9)   Post Evacuate Collection Set: 2.1ms
[2022-07-22T11:30:34.736+0800][gc,phases     ] GC(9)   Other: 0.4ms
[2022-07-22T11:30:34.736+0800][gc,heap       ] GC(9) Eden regions: 238->0(236)
[2022-07-22T11:30:34.736+0800][gc,heap       ] GC(9) Survivor regions: 18->20(32)
[2022-07-22T11:30:34.736+0800][gc,heap       ] GC(9) Old regions: 18->26
[2022-07-22T11:30:34.736+0800][gc,heap       ] GC(9) Humongous regions: 5->5
[2022-07-22T11:30:34.736+0800][gc,metaspace  ] GC(9) Metaspace: 46467K->46467K(1091584K)
[2022-07-22T11:30:34.736+0800][gc            ] GC(9) Pause Young (Normal) (G1 Evacuation Pause) 277M->48M(512M) 33.388ms
[2022-07-22T11:30:34.736+0800][gc,cpu        ] GC(9) User=0.23s Sys=0.02s Real=0.03s
[2022-07-22T11:30:44.388+0800][gc,start      ] GC(10) Pause Young (Concurrent Start) (Metadata GC Threshold)
[2022-07-22T11:30:44.388+0800][gc,task       ] GC(10) Using 8 workers of 8 for evacuation
[2022-07-22T11:30:44.405+0800][gc,phases     ] GC(10)   Pre Evacuate Collection Set: 0.1ms
[2022-07-22T11:30:44.405+0800][gc,phases     ] GC(10)   Evacuate Collection Set: 15.1ms
[2022-07-22T11:30:44.405+0800][gc,phases     ] GC(10)   Post Evacuate Collection Set: 1.6ms
[2022-07-22T11:30:44.405+0800][gc,phases     ] GC(10)   Other: 0.2ms
[2022-07-22T11:30:44.405+0800][gc,heap       ] GC(10) Eden regions: 198->0(238)
[2022-07-22T11:30:44.405+0800][gc,heap       ] GC(10) Survivor regions: 20->18(32)
[2022-07-22T11:30:44.405+0800][gc,heap       ] GC(10) Old regions: 26->32
[2022-07-22T11:30:44.405+0800][gc,heap       ] GC(10) Humongous regions: 5->5
[2022-07-22T11:30:44.405+0800][gc,metaspace  ] GC(10) Metaspace: 58357K->58357K(1101824K)
[2022-07-22T11:30:44.405+0800][gc            ] GC(10) Pause Young (Concurrent Start) (Metadata GC Threshold) 246M->53M(512M) 17.178ms
[2022-07-22T11:30:44.405+0800][gc,cpu        ] GC(10) User=0.06s Sys=0.03s Real=0.02s
[2022-07-22T11:30:44.405+0800][gc            ] GC(11) Concurrent Cycle
[2022-07-22T11:30:44.405+0800][gc,marking    ] GC(11) Concurrent Clear Claimed Marks
[2022-07-22T11:30:44.405+0800][gc,marking    ] GC(11) Concurrent Clear Claimed Marks 0.163ms
[2022-07-22T11:30:44.405+0800][gc,marking    ] GC(11) Concurrent Scan Root Regions
[2022-07-22T11:30:44.413+0800][gc,marking    ] GC(11) Concurrent Scan Root Regions 7.460ms
[2022-07-22T11:30:44.413+0800][gc,marking    ] GC(11) Concurrent Mark (25.367s)
[2022-07-22T11:30:44.413+0800][gc,marking    ] GC(11) Concurrent Mark From Roots
[2022-07-22T11:30:44.413+0800][gc,task       ] GC(11) Using 2 workers of 2 for marking
[2022-07-22T11:30:44.445+0800][gc,marking    ] GC(11) Concurrent Mark From Roots 32.500ms
[2022-07-22T11:30:44.445+0800][gc,marking    ] GC(11) Concurrent Preclean
[2022-07-22T11:30:44.446+0800][gc,marking    ] GC(11) Concurrent Preclean 0.195ms
[2022-07-22T11:30:44.446+0800][gc,marking    ] GC(11) Concurrent Mark (25.367s, 25.400s) 32.813ms
[2022-07-22T11:30:44.446+0800][gc,start      ] GC(11) Pause Remark
[2022-07-22T11:30:44.452+0800][gc,stringtable] GC(11) Cleaned string and symbol table, strings: 29955 processed, 0 removed, symbols: 156331 processed, 118 removed
[2022-07-22T11:30:44.452+0800][gc            ] GC(11) Pause Remark 58M->58M(512M) 6.098ms
[2022-07-22T11:30:44.452+0800][gc,cpu        ] GC(11) User=0.04s Sys=0.00s Real=0.01s
[2022-07-22T11:30:44.452+0800][gc,marking    ] GC(11) Concurrent Rebuild Remembered Sets
[2022-07-22T11:30:44.470+0800][gc,marking    ] GC(11) Concurrent Rebuild Remembered Sets 17.713ms
[2022-07-22T11:30:44.470+0800][gc,start      ] GC(11) Pause Cleanup
[2022-07-22T11:30:44.471+0800][gc            ] GC(11) Pause Cleanup 60M->60M(512M) 0.270ms
[2022-07-22T11:30:44.471+0800][gc,cpu        ] GC(11) User=0.00s Sys=0.00s Real=0.00s
[2022-07-22T11:30:44.471+0800][gc,marking    ] GC(11) Concurrent Cleanup for Next Mark
[2022-07-22T11:30:44.471+0800][gc,marking    ] GC(11) Concurrent Cleanup for Next Mark 0.510ms
[2022-07-22T11:30:44.471+0800][gc            ] GC(11) Concurrent Cycle 66.377ms
[2022-07-22T11:30:49.996+0800][gc,start      ] GC(12) Pause Young (Normal) (G1 Evacuation Pause)
[2022-07-22T11:30:49.996+0800][gc,task       ] GC(12) Using 8 workers of 8 for evacuation
[2022-07-22T11:30:50.025+0800][gc,phases     ] GC(12)   Pre Evacuate Collection Set: 0.0ms
[2022-07-22T11:30:50.025+0800][gc,phases     ] GC(12)   Evacuate Collection Set: 25.8ms
[2022-07-22T11:30:50.025+0800][gc,phases     ] GC(12)   Post Evacuate Collection Set: 2.1ms
[2022-07-22T11:30:50.025+0800][gc,phases     ] GC(12)   Other: 0.5ms
[2022-07-22T11:30:50.025+0800][gc,heap       ] GC(12) Eden regions: 238->0(226)
[2022-07-22T11:30:50.025+0800][gc,heap       ] GC(12) Survivor regions: 18->30(32)
[2022-07-22T11:30:50.025+0800][gc,heap       ] GC(12) Old regions: 32->35
[2022-07-22T11:30:50.025+0800][gc,heap       ] GC(12) Humongous regions: 5->5
[2022-07-22T11:30:50.025+0800][gc,metaspace  ] GC(12) Metaspace: 71167K->71167K(1114112K)
[2022-07-22T11:30:50.025+0800][gc            ] GC(12) Pause Young (Normal) (G1 Evacuation Pause) 291M->67M(512M) 28.737ms
[2022-07-22T11:30:50.025+0800][gc,cpu        ] GC(12) User=0.22s Sys=0.01s Real=0.03s
[2022-07-22T11:31:46.460+0800][gc,start      ] GC(13) Pause Young (Normal) (G1 Evacuation Pause)
[2022-07-22T11:31:46.460+0800][gc,task       ] GC(13) Using 8 workers of 8 for evacuation
[2022-07-22T11:31:46.483+0800][gc,phases     ] GC(13)   Pre Evacuate Collection Set: 0.0ms
[2022-07-22T11:31:46.483+0800][gc,phases     ] GC(13)   Evacuate Collection Set: 20.0ms
[2022-07-22T11:31:46.483+0800][gc,phases     ] GC(13)   Post Evacuate Collection Set: 2.1ms
[2022-07-22T11:31:46.483+0800][gc,phases     ] GC(13)   Other: 0.4ms
[2022-07-22T11:31:46.483+0800][gc,heap       ] GC(13) Eden regions: 226->0(233)
[2022-07-22T11:31:46.483+0800][gc,heap       ] GC(13) Survivor regions: 30->23(32)
[2022-07-22T11:31:46.483+0800][gc,heap       ] GC(13) Old regions: 35->49
[2022-07-22T11:31:46.483+0800][gc,heap       ] GC(13) Humongous regions: 5->5
[2022-07-22T11:31:46.483+0800][gc,metaspace  ] GC(13) Metaspace: 78767K->78767K(1120256K)
[2022-07-22T11:31:46.483+0800][gc            ] GC(13) Pause Young (Normal) (G1 Evacuation Pause) 293M->74M(512M) 22.748ms
[2022-07-22T11:31:46.483+0800][gc,cpu        ] GC(13) User=0.16s Sys=0.00s Real=0.02s
[2022-07-22T11:49:39.814+0800][gc,start      ] GC(14) Pause Young (Normal) (G1 Evacuation Pause)
[2022-07-22T11:49:39.814+0800][gc,task       ] GC(14) Using 8 workers of 8 for evacuation
[2022-07-22T11:49:39.917+0800][gc,phases     ] GC(14)   Pre Evacuate Collection Set: 0.1ms
[2022-07-22T11:49:39.917+0800][gc,phases     ] GC(14)   Evacuate Collection Set: 84.2ms
[2022-07-22T11:49:39.917+0800][gc,phases     ] GC(14)   Post Evacuate Collection Set: 17.5ms
[2022-07-22T11:49:39.917+0800][gc,phases     ] GC(14)   Other: 1.2ms
[2022-07-22T11:49:39.917+0800][gc,heap       ] GC(14) Eden regions: 233->0(224)
[2022-07-22T11:49:39.917+0800][gc,heap       ] GC(14) Survivor regions: 23->32(32)
[2022-07-22T11:49:39.917+0800][gc,heap       ] GC(14) Old regions: 49->67
[2022-07-22T11:49:39.917+0800][gc,heap       ] GC(14) Humongous regions: 38->38
[2022-07-22T11:49:39.917+0800][gc,metaspace  ] GC(14) Metaspace: 81992K->81992K(1122304K)
[2022-07-22T11:49:39.917+0800][gc            ] GC(14) Pause Young (Normal) (G1 Evacuation Pause) 340M->135M(512M) 103.014ms
[2022-07-22T11:49:39.917+0800][gc,cpu        ] GC(14) User=0.15s Sys=0.04s Real=0.10s
[2022-07-22T12:13:16.011+0800][gc,start      ] GC(15) Pause Young (Normal) (G1 Evacuation Pause)
[2022-07-22T12:13:16.011+0800][gc,task       ] GC(15) Using 8 workers of 8 for evacuation
[2022-07-22T12:13:16.033+0800][gc,phases     ] GC(15)   Pre Evacuate Collection Set: 0.0ms
[2022-07-22T12:13:16.033+0800][gc,phases     ] GC(15)   Evacuate Collection Set: 17.0ms
[2022-07-22T12:13:16.033+0800][gc,phases     ] GC(15)   Post Evacuate Collection Set: 3.8ms
[2022-07-22T12:13:16.033+0800][gc,phases     ] GC(15)   Other: 0.9ms
[2022-07-22T12:13:16.033+0800][gc,heap       ] GC(15) Eden regions: 224->0(251)
[2022-07-22T12:13:16.033+0800][gc,heap       ] GC(15) Survivor regions: 32->5(32)
[2022-07-22T12:13:16.033+0800][gc,heap       ] GC(15) Old regions: 67->100
[2022-07-22T12:13:16.033+0800][gc,heap       ] GC(15) Humongous regions: 38->38
[2022-07-22T12:13:16.033+0800][gc,metaspace  ] GC(15) Metaspace: 82573K->82573K(1124352K)
[2022-07-22T12:13:16.033+0800][gc            ] GC(15) Pause Young (Normal) (G1 Evacuation Pause) 359M->141M(512M) 21.899ms
[2022-07-22T12:13:16.033+0800][gc,cpu        ] GC(15) User=0.07s Sys=0.07s Real=0.02s
[2022-07-22T12:41:14.445+0800][gc,start      ] GC(16) Pause Young (Normal) (G1 Evacuation Pause)
[2022-07-22T12:41:14.445+0800][gc,task       ] GC(16) Using 8 workers of 8 for evacuation
[2022-07-22T12:41:14.449+0800][gc,phases     ] GC(16)   Pre Evacuate Collection Set: 0.0ms
[2022-07-22T12:41:14.449+0800][gc,phases     ] GC(16)   Evacuate Collection Set: 2.4ms
[2022-07-22T12:41:14.449+0800][gc,phases     ] GC(16)   Post Evacuate Collection Set: 1.5ms
[2022-07-22T12:41:14.449+0800][gc,phases     ] GC(16)   Other: 0.4ms
[2022-07-22T12:41:14.449+0800][gc,heap       ] GC(16) Eden regions: 251->0(254)
[2022-07-22T12:41:14.449+0800][gc,heap       ] GC(16) Survivor regions: 5->2(32)
[2022-07-22T12:41:14.449+0800][gc,heap       ] GC(16) Old regions: 100->100
[2022-07-22T12:41:14.449+0800][gc,heap       ] GC(16) Humongous regions: 38->38
[2022-07-22T12:41:14.449+0800][gc,metaspace  ] GC(16) Metaspace: 82702K->82702K(1124352K)
[2022-07-22T12:41:14.449+0800][gc            ] GC(16) Pause Young (Normal) (G1 Evacuation Pause) 392M->138M(512M) 4.283ms
[2022-07-22T12:41:14.449+0800][gc,cpu        ] GC(16) User=0.02s Sys=0.00s Real=0.00s
[2022-07-22T13:09:38.831+0800][gc,start      ] GC(17) Pause Young (Normal) (G1 Evacuation Pause)
[2022-07-22T13:09:38.831+0800][gc,task       ] GC(17) Using 8 workers of 8 for evacuation
[2022-07-22T13:09:38.836+0800][gc,phases     ] GC(17)   Pre Evacuate Collection Set: 0.0ms
[2022-07-22T13:09:38.836+0800][gc,phases     ] GC(17)   Evacuate Collection Set: 4.1ms
[2022-07-22T13:09:38.836+0800][gc,phases     ] GC(17)   Post Evacuate Collection Set: 1.2ms
[2022-07-22T13:09:38.836+0800][gc,phases     ] GC(17)   Other: 0.5ms
[2022-07-22T13:09:38.837+0800][gc,heap       ] GC(17) Eden regions: 254->0(254)
[2022-07-22T13:09:38.837+0800][gc,heap       ] GC(17) Survivor regions: 2->2(32)
[2022-07-22T13:09:38.837+0800][gc,heap       ] GC(17) Old regions: 100->100
[2022-07-22T13:09:38.837+0800][gc,heap       ] GC(17) Humongous regions: 38->38
[2022-07-22T13:09:38.837+0800][gc,metaspace  ] GC(17) Metaspace: 82746K->82746K(1124352K)
[2022-07-22T13:09:38.837+0800][gc            ] GC(17) Pause Young (Normal) (G1 Evacuation Pause) 392M->138M(512M) 5.847ms
[2022-07-22T13:09:38.837+0800][gc,cpu        ] GC(17) User=0.02s Sys=0.01s Real=0.00s
[2022-07-22T13:38:01.139+0800][gc,start      ] GC(18) Pause Young (Normal) (G1 Evacuation Pause)
[2022-07-22T13:38:01.139+0800][gc,task       ] GC(18) Using 8 workers of 8 for evacuation
[2022-07-22T13:38:01.143+0800][gc,phases     ] GC(18)   Pre Evacuate Collection Set: 0.0ms
[2022-07-22T13:38:01.143+0800][gc,phases     ] GC(18)   Evacuate Collection Set: 2.0ms
[2022-07-22T13:38:01.143+0800][gc,phases     ] GC(18)   Post Evacuate Collection Set: 1.4ms
[2022-07-22T13:38:01.143+0800][gc,phases     ] GC(18)   Other: 0.5ms
[2022-07-22T13:38:01.143+0800][gc,heap       ] GC(18) Eden regions: 254->0(254)
[2022-07-22T13:38:01.143+0800][gc,heap       ] GC(18) Survivor regions: 2->2(32)
[2022-07-22T13:38:01.143+0800][gc,heap       ] GC(18) Old regions: 100->100
[2022-07-22T13:38:01.143+0800][gc,heap       ] GC(18) Humongous regions: 38->38
[2022-07-22T13:38:01.143+0800][gc,metaspace  ] GC(18) Metaspace: 82756K->82756K(1124352K)
[2022-07-22T13:38:01.143+0800][gc            ] GC(18) Pause Young (Normal) (G1 Evacuation Pause) 392M->138M(512M) 4.013ms
[2022-07-22T13:38:01.143+0800][gc,cpu        ] GC(18) User=0.02s Sys=0.00s Real=0.01s
[2022-07-22T14:06:37.519+0800][gc,start      ] GC(19) Pause Young (Normal) (G1 Evacuation Pause)
[2022-07-22T14:06:37.519+0800][gc,task       ] GC(19) Using 8 workers of 8 for evacuation
[2022-07-22T14:06:37.523+0800][gc,phases     ] GC(19)   Pre Evacuate Collection Set: 0.0ms
[2022-07-22T14:06:37.523+0800][gc,phases     ] GC(19)   Evacuate Collection Set: 1.8ms
[2022-07-22T14:06:37.523+0800][gc,phases     ] GC(19)   Post Evacuate Collection Set: 1.3ms
[2022-07-22T14:06:37.523+0800][gc,phases     ] GC(19)   Other: 0.4ms
[2022-07-22T14:06:37.523+0800][gc,heap       ] GC(19) Eden regions: 254->0(254)
[2022-07-22T14:06:37.523+0800][gc,heap       ] GC(19) Survivor regions: 2->2(32)
[2022-07-22T14:06:37.523+0800][gc,heap       ] GC(19) Old regions: 100->100
[2022-07-22T14:06:37.523+0800][gc,heap       ] GC(19) Humongous regions: 38->38
[2022-07-22T14:06:37.523+0800][gc,metaspace  ] GC(19) Metaspace: 82782K->82782K(1124352K)
[2022-07-22T14:06:37.523+0800][gc            ] GC(19) Pause Young (Normal) (G1 Evacuation Pause) 392M->138M(512M) 3.553ms
[2022-07-22T14:06:37.523+0800][gc,cpu        ] GC(19) User=0.02s Sys=0.00s Real=0.01s
[2022-07-22T14:35:07.035+0800][gc,start      ] GC(20) Pause Young (Normal) (G1 Evacuation Pause)
[2022-07-22T14:35:07.035+0800][gc,task       ] GC(20) Using 8 workers of 8 for evacuation
[2022-07-22T14:35:07.038+0800][gc,phases     ] GC(20)   Pre Evacuate Collection Set: 0.0ms
[2022-07-22T14:35:07.038+0800][gc,phases     ] GC(20)   Evacuate Collection Set: 1.9ms
[2022-07-22T14:35:07.038+0800][gc,phases     ] GC(20)   Post Evacuate Collection Set: 1.2ms
[2022-07-22T14:35:07.038+0800][gc,phases     ] GC(20)   Other: 0.5ms
[2022-07-22T14:35:07.038+0800][gc,heap       ] GC(20) Eden regions: 254->0(254)
[2022-07-22T14:35:07.038+0800][gc,heap       ] GC(20) Survivor regions: 2->2(32)
[2022-07-22T14:35:07.038+0800][gc,heap       ] GC(20) Old regions: 100->100
[2022-07-22T14:35:07.038+0800][gc,heap       ] GC(20) Humongous regions: 38->38
[2022-07-22T14:35:07.038+0800][gc,metaspace  ] GC(20) Metaspace: 82797K->82797K(1124352K)
[2022-07-22T14:35:07.039+0800][gc            ] GC(20) Pause Young (Normal) (G1 Evacuation Pause) 392M->138M(512M) 3.703ms
[2022-07-22T14:35:07.039+0800][gc,cpu        ] GC(20) User=0.01s Sys=0.00s Real=0.00s
[2022-07-22T14:58:24.694+0800][gc,start      ] GC(21) Pause Young (Normal) (G1 Evacuation Pause)
[2022-07-22T14:58:24.694+0800][gc,task       ] GC(21) Using 8 workers of 8 for evacuation
[2022-07-22T14:58:24.707+0800][gc,phases     ] GC(21)   Pre Evacuate Collection Set: 0.0ms
[2022-07-22T14:58:24.707+0800][gc,phases     ] GC(21)   Evacuate Collection Set: 7.0ms
[2022-07-22T14:58:24.707+0800][gc,phases     ] GC(21)   Post Evacuate Collection Set: 6.1ms
[2022-07-22T14:58:24.707+0800][gc,phases     ] GC(21)   Other: 0.6ms
[2022-07-22T14:58:24.707+0800][gc,heap       ] GC(21) Eden regions: 254->0(253)
[2022-07-22T14:58:24.707+0800][gc,heap       ] GC(21) Survivor regions: 2->3(32)
[2022-07-22T14:58:24.707+0800][gc,heap       ] GC(21) Old regions: 100->100
[2022-07-22T14:58:24.707+0800][gc,heap       ] GC(21) Humongous regions: 50->50
[2022-07-22T14:58:24.707+0800][gc,metaspace  ] GC(21) Metaspace: 84908K->84908K(1126400K)
[2022-07-22T14:58:24.707+0800][gc            ] GC(21) Pause Young (Normal) (G1 Evacuation Pause) 404M->151M(512M) 13.924ms
[2022-07-22T14:58:24.708+0800][gc,cpu        ] GC(21) User=0.09s Sys=0.00s Real=0.01s
[2022-07-22T15:24:36.546+0800][gc,start      ] GC(22) Pause Young (Normal) (G1 Evacuation Pause)
[2022-07-22T15:24:36.546+0800][gc,task       ] GC(22) Using 8 workers of 8 for evacuation
[2022-07-22T15:24:36.553+0800][gc,phases     ] GC(22)   Pre Evacuate Collection Set: 0.0ms
[2022-07-22T15:24:36.553+0800][gc,phases     ] GC(22)   Evacuate Collection Set: 3.7ms
[2022-07-22T15:24:36.553+0800][gc,phases     ] GC(22)   Post Evacuate Collection Set: 2.2ms
[2022-07-22T15:24:36.553+0800][gc,phases     ] GC(22)   Other: 0.9ms
[2022-07-22T15:24:36.553+0800][gc,heap       ] GC(22) Eden regions: 253->0(252)
[2022-07-22T15:24:36.553+0800][gc,heap       ] GC(22) Survivor regions: 3->4(32)
[2022-07-22T15:24:36.553+0800][gc,heap       ] GC(22) Old regions: 100->100
[2022-07-22T15:24:36.553+0800][gc,heap       ] GC(22) Humongous regions: 50->50
[2022-07-22T15:24:36.553+0800][gc,metaspace  ] GC(22) Metaspace: 85150K->85150K(1126400K)
[2022-07-22T15:24:36.554+0800][gc            ] GC(22) Pause Young (Normal) (G1 Evacuation Pause) 404M->151M(512M) 7.391ms
[2022-07-22T15:24:36.554+0800][gc,cpu        ] GC(22) User=0.03s Sys=0.00s Real=0.01s
[2022-07-22T15:50:40.102+0800][gc,start      ] GC(23) Pause Young (Normal) (G1 Evacuation Pause)
[2022-07-22T15:50:40.103+0800][gc,task       ] GC(23) Using 8 workers of 8 for evacuation
[2022-07-22T15:50:40.121+0800][gc,phases     ] GC(23)   Pre Evacuate Collection Set: 0.0ms
[2022-07-22T15:50:40.121+0800][gc,phases     ] GC(23)   Evacuate Collection Set: 11.1ms
[2022-07-22T15:50:40.121+0800][gc,phases     ] GC(23)   Post Evacuate Collection Set: 6.7ms
[2022-07-22T15:50:40.121+0800][gc,phases     ] GC(23)   Other: 0.9ms
[2022-07-22T15:50:40.121+0800][gc,heap       ] GC(23) Eden regions: 252->0(252)
[2022-07-22T15:50:40.121+0800][gc,heap       ] GC(23) Survivor regions: 4->4(32)
[2022-07-22T15:50:40.121+0800][gc,heap       ] GC(23) Old regions: 100->100
[2022-07-22T15:50:40.121+0800][gc,heap       ] GC(23) Humongous regions: 50->50
[2022-07-22T15:50:40.121+0800][gc,metaspace  ] GC(23) Metaspace: 85244K->85244K(1126400K)
[2022-07-22T15:50:40.121+0800][gc            ] GC(23) Pause Young (Normal) (G1 Evacuation Pause) 403M->152M(512M) 18.920ms
[2022-07-22T15:50:40.122+0800][gc,cpu        ] GC(23) User=0.10s Sys=0.00s Real=0.02s
[2022-07-22T16:17:09.467+0800][gc,start      ] GC(24) Pause Young (Normal) (G1 Evacuation Pause)
[2022-07-22T16:17:09.467+0800][gc,task       ] GC(24) Using 8 workers of 8 for evacuation
[2022-07-22T16:17:09.473+0800][gc,phases     ] GC(24)   Pre Evacuate Collection Set: 0.0ms
[2022-07-22T16:17:09.473+0800][gc,phases     ] GC(24)   Evacuate Collection Set: 3.7ms
[2022-07-22T16:17:09.473+0800][gc,phases     ] GC(24)   Post Evacuate Collection Set: 2.1ms
[2022-07-22T16:17:09.473+0800][gc,phases     ] GC(24)   Other: 0.7ms
[2022-07-22T16:17:09.473+0800][gc,heap       ] GC(24) Eden regions: 252->0(252)
[2022-07-22T16:17:09.473+0800][gc,heap       ] GC(24) Survivor regions: 4->4(32)
[2022-07-22T16:17:09.473+0800][gc,heap       ] GC(24) Old regions: 100->100
[2022-07-22T16:17:09.473+0800][gc,heap       ] GC(24) Humongous regions: 50->50
[2022-07-22T16:17:09.473+0800][gc,metaspace  ] GC(24) Metaspace: 85286K->85286K(1126400K)
[2022-07-22T16:17:09.473+0800][gc            ] GC(24) Pause Young (Normal) (G1 Evacuation Pause) 404M->152M(512M) 6.656ms
[2022-07-22T16:17:09.474+0800][gc,cpu        ] GC(24) User=0.04s Sys=0.00s Real=0.01s
