[2022-07-21T18:30:23.030+0800][gc,heap] Heap region size: 1M
[2022-07-21T18:30:23.036+0800][gc     ] Using G1
[2022-07-21T18:30:23.036+0800][gc,heap,coops] Heap address: 0x00000000e0000000, size: 512 MB, Compressed Oops mode: 32-bit
[2022-07-21T18:30:23.036+0800][gc,cds       ] Mark closed archive regions in map: [0x00000000fff00000, 0x00000000fff6aff8]
[2022-07-21T18:30:23.036+0800][gc,cds       ] Mark open archive regions in map: [0x00000000ffe00000, 0x00000000ffe46ff8]
[2022-07-21T18:30:27.947+0800][gc,start     ] GC(0) Pause Young (Normal) (GCLocker Initiated GC)
[2022-07-21T18:30:27.948+0800][gc,task      ] GC(0) Using 8 workers of 8 for evacuation
[2022-07-21T18:30:27.963+0800][gc,phases    ] GC(0)   Pre Evacuate Collection Set: 0.0ms
[2022-07-21T18:30:27.963+0800][gc,phases    ] GC(0)   Evacuate Collection Set: 13.2ms
[2022-07-21T18:30:27.963+0800][gc,phases    ] GC(0)   Post Evacuate Collection Set: 1.2ms
[2022-07-21T18:30:27.963+0800][gc,phases    ] GC(0)   Other: 1.0ms
[2022-07-21T18:30:27.963+0800][gc,heap      ] GC(0) Eden regions: 257->0(249)
[2022-07-21T18:30:27.963+0800][gc,heap      ] GC(0) Survivor regions: 0->7(32)
[2022-07-21T18:30:27.963+0800][gc,heap      ] GC(0) Old regions: 2->2
[2022-07-21T18:30:27.963+0800][gc,heap      ] GC(0) Humongous regions: 3->0
[2022-07-21T18:30:27.963+0800][gc,metaspace ] GC(0) Metaspace: 17085K->17085K(1064960K)
[2022-07-21T18:30:27.963+0800][gc           ] GC(0) Pause Young (Normal) (GCLocker Initiated GC) 259M->7M(512M) 15.522ms
[2022-07-21T18:30:27.963+0800][gc,cpu       ] GC(0) User=0.06s Sys=0.03s Real=0.01s
[2022-07-21T18:30:28.610+0800][gc,start     ] GC(1) Pause Young (Concurrent Start) (Metadata GC Threshold)
[2022-07-21T18:30:28.610+0800][gc,task      ] GC(1) Using 8 workers of 8 for evacuation
[2022-07-21T18:30:28.619+0800][gc,phases    ] GC(1)   Pre Evacuate Collection Set: 0.1ms
[2022-07-21T18:30:28.619+0800][gc,phases    ] GC(1)   Evacuate Collection Set: 7.5ms
[2022-07-21T18:30:28.619+0800][gc,phases    ] GC(1)   Post Evacuate Collection Set: 0.8ms
[2022-07-21T18:30:28.619+0800][gc,phases    ] GC(1)   Other: 0.2ms
[2022-07-21T18:30:28.619+0800][gc,heap      ] GC(1) Eden regions: 77->0(247)
[2022-07-21T18:30:28.619+0800][gc,heap      ] GC(1) Survivor regions: 7->9(32)
[2022-07-21T18:30:28.619+0800][gc,heap      ] GC(1) Old regions: 2->2
[2022-07-21T18:30:28.619+0800][gc,heap      ] GC(1) Humongous regions: 0->0
[2022-07-21T18:30:28.619+0800][gc,metaspace ] GC(1) Metaspace: 20546K->20546K(1067008K)
[2022-07-21T18:30:28.619+0800][gc           ] GC(1) Pause Young (Concurrent Start) (Metadata GC Threshold) 84M->9M(512M) 8.725ms
[2022-07-21T18:30:28.619+0800][gc,cpu       ] GC(1) User=0.06s Sys=0.00s Real=0.01s
[2022-07-21T18:30:28.619+0800][gc           ] GC(2) Concurrent Cycle
[2022-07-21T18:30:28.619+0800][gc,marking   ] GC(2) Concurrent Clear Claimed Marks
[2022-07-21T18:30:28.619+0800][gc,marking   ] GC(2) Concurrent Clear Claimed Marks 0.044ms
[2022-07-21T18:30:28.619+0800][gc,marking   ] GC(2) Concurrent Scan Root Regions
[2022-07-21T18:30:28.622+0800][gc,marking   ] GC(2) Concurrent Scan Root Regions 2.711ms
[2022-07-21T18:30:28.622+0800][gc,marking   ] GC(2) Concurrent Mark (5.595s)
[2022-07-21T18:30:28.622+0800][gc,marking   ] GC(2) Concurrent Mark From Roots
[2022-07-21T18:30:28.622+0800][gc,task      ] GC(2) Using 2 workers of 2 for marking
[2022-07-21T18:30:28.623+0800][gc,marking   ] GC(2) Concurrent Mark From Roots 1.301ms
[2022-07-21T18:30:28.623+0800][gc,marking   ] GC(2) Concurrent Preclean
[2022-07-21T18:30:28.623+0800][gc,marking   ] GC(2) Concurrent Preclean 0.093ms
[2022-07-21T18:30:28.623+0800][gc,marking   ] GC(2) Concurrent Mark (5.595s, 5.596s) 1.501ms
[2022-07-21T18:30:28.626+0800][gc,start     ] GC(2) Pause Remark
[2022-07-21T18:30:28.627+0800][gc,stringtable] GC(2) Cleaned string and symbol table, strings: 9301 processed, 0 removed, symbols: 55502 processed, 111 removed
[2022-07-21T18:30:28.628+0800][gc            ] GC(2) Pause Remark 10M->10M(512M) 1.862ms
[2022-07-21T18:30:28.628+0800][gc,cpu        ] GC(2) User=0.00s Sys=0.00s Real=0.00s
[2022-07-21T18:30:28.628+0800][gc,marking    ] GC(2) Concurrent Rebuild Remembered Sets
[2022-07-21T18:30:28.628+0800][gc,marking    ] GC(2) Concurrent Rebuild Remembered Sets 0.458ms
[2022-07-21T18:30:28.629+0800][gc,start      ] GC(2) Pause Cleanup
[2022-07-21T18:30:28.629+0800][gc            ] GC(2) Pause Cleanup 10M->10M(512M) 0.217ms
[2022-07-21T18:30:28.629+0800][gc,cpu        ] GC(2) User=0.00s Sys=0.00s Real=0.00s
[2022-07-21T18:30:28.629+0800][gc,marking    ] GC(2) Concurrent Cleanup for Next Mark
[2022-07-21T18:30:28.632+0800][gc,marking    ] GC(2) Concurrent Cleanup for Next Mark 3.333ms
[2022-07-21T18:30:28.632+0800][gc            ] GC(2) Concurrent Cycle 13.571ms
[2022-07-21T18:30:30.091+0800][gc,start      ] GC(3) Pause Young (Normal) (G1 Evacuation Pause)
[2022-07-21T18:30:30.091+0800][gc,task       ] GC(3) Using 8 workers of 8 for evacuation
[2022-07-21T18:30:30.106+0800][gc,phases     ] GC(3)   Pre Evacuate Collection Set: 0.0ms
[2022-07-21T18:30:30.106+0800][gc,phases     ] GC(3)   Evacuate Collection Set: 13.9ms
[2022-07-21T18:30:30.106+0800][gc,phases     ] GC(3)   Post Evacuate Collection Set: 1.2ms
[2022-07-21T18:30:30.106+0800][gc,phases     ] GC(3)   Other: 0.2ms
[2022-07-21T18:30:30.106+0800][gc,heap       ] GC(3) Eden regions: 247->0(239)
[2022-07-21T18:30:30.106+0800][gc,heap       ] GC(3) Survivor regions: 9->17(32)
[2022-07-21T18:30:30.106+0800][gc,heap       ] GC(3) Old regions: 2->2
[2022-07-21T18:30:30.106+0800][gc,heap       ] GC(3) Humongous regions: 0->0
[2022-07-21T18:30:30.106+0800][gc,metaspace  ] GC(3) Metaspace: 23317K->23317K(1071104K)
[2022-07-21T18:30:30.106+0800][gc            ] GC(3) Pause Young (Normal) (G1 Evacuation Pause) 256M->17M(512M) 15.437ms
[2022-07-21T18:30:30.106+0800][gc,cpu        ] GC(3) User=0.12s Sys=0.01s Real=0.02s
[2022-07-21T18:30:30.926+0800][gc,start      ] GC(4) Pause Young (Normal) (G1 Evacuation Pause)
[2022-07-21T18:30:30.926+0800][gc,task       ] GC(4) Using 8 workers of 8 for evacuation
[2022-07-21T18:30:30.945+0800][gc,phases     ] GC(4)   Pre Evacuate Collection Set: 0.0ms
[2022-07-21T18:30:30.945+0800][gc,phases     ] GC(4)   Evacuate Collection Set: 16.9ms
[2022-07-21T18:30:30.945+0800][gc,phases     ] GC(4)   Post Evacuate Collection Set: 1.3ms
[2022-07-21T18:30:30.945+0800][gc,phases     ] GC(4)   Other: 0.2ms
[2022-07-21T18:30:30.945+0800][gc,heap       ] GC(4) Eden regions: 239->0(232)
[2022-07-21T18:30:30.945+0800][gc,heap       ] GC(4) Survivor regions: 17->24(32)
[2022-07-21T18:30:30.945+0800][gc,heap       ] GC(4) Old regions: 2->2
[2022-07-21T18:30:30.945+0800][gc,heap       ] GC(4) Humongous regions: 0->0
[2022-07-21T18:30:30.945+0800][gc,metaspace  ] GC(4) Metaspace: 23866K->23866K(1071104K)
[2022-07-21T18:30:30.945+0800][gc            ] GC(4) Pause Young (Normal) (G1 Evacuation Pause) 256M->24M(512M) 18.631ms
[2022-07-21T18:30:30.945+0800][gc,cpu        ] GC(4) User=0.13s Sys=0.00s Real=0.02s
[2022-07-21T18:30:31.776+0800][gc,start      ] GC(5) Pause Young (Normal) (G1 Evacuation Pause)
[2022-07-21T18:30:31.776+0800][gc,task       ] GC(5) Using 8 workers of 8 for evacuation
[2022-07-21T18:30:31.791+0800][gc,phases     ] GC(5)   Pre Evacuate Collection Set: 0.0ms
[2022-07-21T18:30:31.791+0800][gc,phases     ] GC(5)   Evacuate Collection Set: 14.3ms
[2022-07-21T18:30:31.791+0800][gc,phases     ] GC(5)   Post Evacuate Collection Set: 1.0ms
[2022-07-21T18:30:31.791+0800][gc,phases     ] GC(5)   Other: 0.2ms
[2022-07-21T18:30:31.791+0800][gc,heap       ] GC(5) Eden regions: 232->0(236)
[2022-07-21T18:30:31.791+0800][gc,heap       ] GC(5) Survivor regions: 24->20(32)
[2022-07-21T18:30:31.791+0800][gc,heap       ] GC(5) Old regions: 2->10
[2022-07-21T18:30:31.791+0800][gc,heap       ] GC(5) Humongous regions: 0->0
[2022-07-21T18:30:31.791+0800][gc,metaspace  ] GC(5) Metaspace: 25961K->25961K(1073152K)
[2022-07-21T18:30:31.791+0800][gc            ] GC(5) Pause Young (Normal) (G1 Evacuation Pause) 256M->28M(512M) 15.588ms
[2022-07-21T18:30:31.791+0800][gc,cpu        ] GC(5) User=0.10s Sys=0.00s Real=0.01s
[2022-07-21T18:30:33.280+0800][gc,start      ] GC(6) Pause Young (Normal) (G1 Evacuation Pause)
[2022-07-21T18:30:33.280+0800][gc,task       ] GC(6) Using 8 workers of 8 for evacuation
[2022-07-21T18:30:33.293+0800][gc,phases     ] GC(6)   Pre Evacuate Collection Set: 0.0ms
[2022-07-21T18:30:33.293+0800][gc,phases     ] GC(6)   Evacuate Collection Set: 12.2ms
[2022-07-21T18:30:33.293+0800][gc,phases     ] GC(6)   Post Evacuate Collection Set: 0.9ms
[2022-07-21T18:30:33.293+0800][gc,phases     ] GC(6)   Other: 0.2ms
[2022-07-21T18:30:33.293+0800][gc,heap       ] GC(6) Eden regions: 236->0(239)
[2022-07-21T18:30:33.293+0800][gc,heap       ] GC(6) Survivor regions: 20->17(32)
[2022-07-21T18:30:33.293+0800][gc,heap       ] GC(6) Old regions: 10->18
[2022-07-21T18:30:33.293+0800][gc,heap       ] GC(6) Humongous regions: 0->0
[2022-07-21T18:30:33.293+0800][gc,metaspace  ] GC(6) Metaspace: 31060K->31060K(1077248K)
[2022-07-21T18:30:33.293+0800][gc            ] GC(6) Pause Young (Normal) (G1 Evacuation Pause) 264M->32M(512M) 13.459ms
[2022-07-21T18:30:33.293+0800][gc,cpu        ] GC(6) User=0.10s Sys=0.00s Real=0.01s
[2022-07-21T18:30:34.143+0800][gc,start      ] GC(7) Pause Young (Concurrent Start) (Metadata GC Threshold)
[2022-07-21T18:30:34.143+0800][gc,task       ] GC(7) Using 8 workers of 8 for evacuation
[2022-07-21T18:30:34.154+0800][gc,phases     ] GC(7)   Pre Evacuate Collection Set: 0.1ms
[2022-07-21T18:30:34.154+0800][gc,phases     ] GC(7)   Evacuate Collection Set: 9.1ms
[2022-07-21T18:30:34.154+0800][gc,phases     ] GC(7)   Post Evacuate Collection Set: 0.9ms
[2022-07-21T18:30:34.154+0800][gc,phases     ] GC(7)   Other: 0.2ms
[2022-07-21T18:30:34.154+0800][gc,heap       ] GC(7) Eden regions: 140->0(238)
[2022-07-21T18:30:34.154+0800][gc,heap       ] GC(7) Survivor regions: 17->18(32)
[2022-07-21T18:30:34.154+0800][gc,heap       ] GC(7) Old regions: 18->18
[2022-07-21T18:30:34.154+0800][gc,heap       ] GC(7) Humongous regions: 0->0
[2022-07-21T18:30:34.154+0800][gc,metaspace  ] GC(7) Metaspace: 34782K->34782K(1081344K)
[2022-07-21T18:30:34.154+0800][gc            ] GC(7) Pause Young (Concurrent Start) (Metadata GC Threshold) 172M->33M(512M) 10.542ms
[2022-07-21T18:30:34.154+0800][gc,cpu        ] GC(7) User=0.06s Sys=0.00s Real=0.01s
[2022-07-21T18:30:34.154+0800][gc            ] GC(8) Concurrent Cycle
[2022-07-21T18:30:34.154+0800][gc,marking    ] GC(8) Concurrent Clear Claimed Marks
[2022-07-21T18:30:34.154+0800][gc,marking    ] GC(8) Concurrent Clear Claimed Marks 0.122ms
[2022-07-21T18:30:34.154+0800][gc,marking    ] GC(8) Concurrent Scan Root Regions
[2022-07-21T18:30:34.160+0800][gc,marking    ] GC(8) Concurrent Scan Root Regions 5.508ms
[2022-07-21T18:30:34.160+0800][gc,marking    ] GC(8) Concurrent Mark (11.133s)
[2022-07-21T18:30:34.160+0800][gc,marking    ] GC(8) Concurrent Mark From Roots
[2022-07-21T18:30:34.160+0800][gc,task       ] GC(8) Using 2 workers of 2 for marking
[2022-07-21T18:30:34.174+0800][gc,marking    ] GC(8) Concurrent Mark From Roots 14.719ms
[2022-07-21T18:30:34.175+0800][gc,marking    ] GC(8) Concurrent Preclean
[2022-07-21T18:30:34.175+0800][gc,marking    ] GC(8) Concurrent Preclean 0.118ms
[2022-07-21T18:30:34.175+0800][gc,marking    ] GC(8) Concurrent Mark (11.133s, 11.147s) 14.947ms
[2022-07-21T18:30:34.175+0800][gc,start      ] GC(8) Pause Remark
[2022-07-21T18:30:34.180+0800][gc,stringtable] GC(8) Cleaned string and symbol table, strings: 16493 processed, 36 removed, symbols: 98236 processed, 328 removed
[2022-07-21T18:30:34.180+0800][gc            ] GC(8) Pause Remark 35M->35M(512M) 4.931ms
[2022-07-21T18:30:34.180+0800][gc,cpu        ] GC(8) User=0.02s Sys=0.00s Real=0.00s
[2022-07-21T18:30:34.180+0800][gc,marking    ] GC(8) Concurrent Rebuild Remembered Sets
[2022-07-21T18:30:34.187+0800][gc,marking    ] GC(8) Concurrent Rebuild Remembered Sets 7.441ms
[2022-07-21T18:30:34.188+0800][gc,start      ] GC(8) Pause Cleanup
[2022-07-21T18:30:34.188+0800][gc            ] GC(8) Pause Cleanup 36M->36M(512M) 0.245ms
[2022-07-21T18:30:34.188+0800][gc,cpu        ] GC(8) User=0.00s Sys=0.00s Real=0.00s
[2022-07-21T18:30:34.188+0800][gc,marking    ] GC(8) Concurrent Cleanup for Next Mark
[2022-07-21T18:30:34.191+0800][gc,marking    ] GC(8) Concurrent Cleanup for Next Mark 2.473ms
[2022-07-21T18:30:34.191+0800][gc            ] GC(8) Concurrent Cycle 36.873ms
[2022-07-21T18:30:38.054+0800][gc,start      ] GC(9) Pause Young (Normal) (G1 Evacuation Pause)
[2022-07-21T18:30:38.054+0800][gc,task       ] GC(9) Using 8 workers of 8 for evacuation
[2022-07-21T18:30:38.081+0800][gc,phases     ] GC(9)   Pre Evacuate Collection Set: 0.0ms
[2022-07-21T18:30:38.081+0800][gc,phases     ] GC(9)   Evacuate Collection Set: 17.7ms
[2022-07-21T18:30:38.081+0800][gc,phases     ] GC(9)   Post Evacuate Collection Set: 9.2ms
[2022-07-21T18:30:38.081+0800][gc,phases     ] GC(9)   Other: 0.3ms
[2022-07-21T18:30:38.081+0800][gc,heap       ] GC(9) Eden regions: 238->0(236)
[2022-07-21T18:30:38.081+0800][gc,heap       ] GC(9) Survivor regions: 18->20(32)
[2022-07-21T18:30:38.081+0800][gc,heap       ] GC(9) Old regions: 18->26
[2022-07-21T18:30:38.081+0800][gc,heap       ] GC(9) Humongous regions: 5->5
[2022-07-21T18:30:38.081+0800][gc,metaspace  ] GC(9) Metaspace: 46649K->46649K(1091584K)
[2022-07-21T18:30:38.081+0800][gc            ] GC(9) Pause Young (Normal) (G1 Evacuation Pause) 276M->48M(512M) 27.352ms
[2022-07-21T18:30:38.081+0800][gc,cpu        ] GC(9) User=0.19s Sys=0.01s Real=0.03s
[2022-07-21T18:30:50.811+0800][gc,start      ] GC(10) Pause Young (Concurrent Start) (Metadata GC Threshold)
[2022-07-21T18:30:50.811+0800][gc,task       ] GC(10) Using 8 workers of 8 for evacuation
[2022-07-21T18:30:50.826+0800][gc,phases     ] GC(10)   Pre Evacuate Collection Set: 0.1ms
[2022-07-21T18:30:50.826+0800][gc,phases     ] GC(10)   Evacuate Collection Set: 12.8ms
[2022-07-21T18:30:50.826+0800][gc,phases     ] GC(10)   Post Evacuate Collection Set: 1.8ms
[2022-07-21T18:30:50.826+0800][gc,phases     ] GC(10)   Other: 0.3ms
[2022-07-21T18:30:50.826+0800][gc,heap       ] GC(10) Eden regions: 189->0(237)
[2022-07-21T18:30:50.826+0800][gc,heap       ] GC(10) Survivor regions: 20->19(32)
[2022-07-21T18:30:50.826+0800][gc,heap       ] GC(10) Old regions: 26->32
[2022-07-21T18:30:50.826+0800][gc,heap       ] GC(10) Humongous regions: 5->5
[2022-07-21T18:30:50.826+0800][gc,metaspace  ] GC(10) Metaspace: 58286K->58286K(1101824K)
[2022-07-21T18:30:50.827+0800][gc            ] GC(10) Pause Young (Concurrent Start) (Metadata GC Threshold) 237M->54M(512M) 15.210ms
[2022-07-21T18:30:50.827+0800][gc,cpu        ] GC(10) User=0.06s Sys=0.02s Real=0.02s
[2022-07-21T18:30:50.827+0800][gc            ] GC(11) Concurrent Cycle
[2022-07-21T18:30:50.827+0800][gc,marking    ] GC(11) Concurrent Clear Claimed Marks
[2022-07-21T18:30:50.827+0800][gc,marking    ] GC(11) Concurrent Clear Claimed Marks 0.262ms
[2022-07-21T18:30:50.827+0800][gc,marking    ] GC(11) Concurrent Scan Root Regions
[2022-07-21T18:30:50.834+0800][gc,marking    ] GC(11) Concurrent Scan Root Regions 6.785ms
[2022-07-21T18:30:50.834+0800][gc,marking    ] GC(11) Concurrent Mark (27.807s)
[2022-07-21T18:30:50.834+0800][gc,marking    ] GC(11) Concurrent Mark From Roots
[2022-07-21T18:30:50.834+0800][gc,task       ] GC(11) Using 2 workers of 2 for marking
[2022-07-21T18:30:50.859+0800][gc,marking    ] GC(11) Concurrent Mark From Roots 24.577ms
[2022-07-21T18:30:50.859+0800][gc,marking    ] GC(11) Concurrent Preclean
[2022-07-21T18:30:50.859+0800][gc,marking    ] GC(11) Concurrent Preclean 0.167ms
[2022-07-21T18:30:50.859+0800][gc,marking    ] GC(11) Concurrent Mark (27.807s, 27.832s) 24.879ms
[2022-07-21T18:30:50.859+0800][gc,start      ] GC(11) Pause Remark
[2022-07-21T18:30:50.865+0800][gc,stringtable] GC(11) Cleaned string and symbol table, strings: 30106 processed, 0 removed, symbols: 155947 processed, 117 removed
[2022-07-21T18:30:50.866+0800][gc            ] GC(11) Pause Remark 59M->59M(512M) 6.583ms
[2022-07-21T18:30:50.866+0800][gc,cpu        ] GC(11) User=0.04s Sys=0.00s Real=0.01s
[2022-07-21T18:30:50.867+0800][gc,marking    ] GC(11) Concurrent Rebuild Remembered Sets
[2022-07-21T18:30:50.884+0800][gc,marking    ] GC(11) Concurrent Rebuild Remembered Sets 17.617ms
[2022-07-21T18:30:50.885+0800][gc,start      ] GC(11) Pause Cleanup
[2022-07-21T18:30:50.885+0800][gc            ] GC(11) Pause Cleanup 60M->60M(512M) 0.315ms
[2022-07-21T18:30:50.885+0800][gc,cpu        ] GC(11) User=0.00s Sys=0.00s Real=0.00s
[2022-07-21T18:30:50.885+0800][gc,marking    ] GC(11) Concurrent Cleanup for Next Mark
[2022-07-21T18:30:50.886+0800][gc,marking    ] GC(11) Concurrent Cleanup for Next Mark 0.613ms
[2022-07-21T18:30:50.886+0800][gc            ] GC(11) Concurrent Cycle 59.495ms
[2022-07-21T18:30:56.554+0800][gc,start      ] GC(12) Pause Young (Normal) (G1 Evacuation Pause)
[2022-07-21T18:30:56.554+0800][gc,task       ] GC(12) Using 8 workers of 8 for evacuation
[2022-07-21T18:30:56.580+0800][gc,phases     ] GC(12)   Pre Evacuate Collection Set: 0.0ms
[2022-07-21T18:30:56.580+0800][gc,phases     ] GC(12)   Evacuate Collection Set: 16.4ms
[2022-07-21T18:30:56.580+0800][gc,phases     ] GC(12)   Post Evacuate Collection Set: 9.6ms
[2022-07-21T18:30:56.580+0800][gc,phases     ] GC(12)   Other: 0.4ms
[2022-07-21T18:30:56.580+0800][gc,heap       ] GC(12) Eden regions: 237->0(227)
[2022-07-21T18:30:56.580+0800][gc,heap       ] GC(12) Survivor regions: 19->29(32)
[2022-07-21T18:30:56.580+0800][gc,heap       ] GC(12) Old regions: 32->35
[2022-07-21T18:30:56.580+0800][gc,heap       ] GC(12) Humongous regions: 5->5
[2022-07-21T18:30:56.580+0800][gc,metaspace  ] GC(12) Metaspace: 71276K->71276K(1114112K)
[2022-07-21T18:30:56.581+0800][gc            ] GC(12) Pause Young (Normal) (G1 Evacuation Pause) 291M->67M(512M) 26.661ms
[2022-07-21T18:30:56.581+0800][gc,cpu        ] GC(12) User=0.18s Sys=0.01s Real=0.02s
[2022-07-21T18:31:01.186+0800][gc,start      ] GC(13) Pause Young (Normal) (G1 Evacuation Pause)
[2022-07-21T18:31:01.186+0800][gc,task       ] GC(13) Using 8 workers of 8 for evacuation
[2022-07-21T18:31:01.236+0800][gc,phases     ] GC(13)   Pre Evacuate Collection Set: 0.0ms
[2022-07-21T18:31:01.237+0800][gc,phases     ] GC(13)   Evacuate Collection Set: 39.9ms
[2022-07-21T18:31:01.237+0800][gc,phases     ] GC(13)   Post Evacuate Collection Set: 10.2ms
[2022-07-21T18:31:01.237+0800][gc,phases     ] GC(13)   Other: 0.5ms
[2022-07-21T18:31:01.237+0800][gc,heap       ] GC(13) Eden regions: 227->0(234)
[2022-07-21T18:31:01.237+0800][gc,heap       ] GC(13) Survivor regions: 29->22(32)
[2022-07-21T18:31:01.237+0800][gc,heap       ] GC(13) Old regions: 35->49
[2022-07-21T18:31:01.237+0800][gc,heap       ] GC(13) Humongous regions: 17->17
[2022-07-21T18:31:01.237+0800][gc,metaspace  ] GC(13) Metaspace: 78749K->78749K(1120256K)
[2022-07-21T18:31:01.237+0800][gc            ] GC(13) Pause Young (Normal) (G1 Evacuation Pause) 306M->86M(512M) 50.880ms
[2022-07-21T18:31:01.237+0800][gc,cpu        ] GC(13) User=0.27s Sys=0.08s Real=0.05s
[2022-07-21T18:47:36.270+0800][gc,start      ] GC(14) Pause Young (Normal) (G1 Evacuation Pause)
[2022-07-21T18:47:36.270+0800][gc,task       ] GC(14) Using 8 workers of 8 for evacuation
[2022-07-21T18:47:36.292+0800][gc,phases     ] GC(14)   Pre Evacuate Collection Set: 0.1ms
[2022-07-21T18:47:36.293+0800][gc,phases     ] GC(14)   Evacuate Collection Set: 19.6ms
[2022-07-21T18:47:36.293+0800][gc,phases     ] GC(14)   Post Evacuate Collection Set: 2.1ms
[2022-07-21T18:47:36.293+0800][gc,phases     ] GC(14)   Other: 0.5ms
[2022-07-21T18:47:36.293+0800][gc,heap       ] GC(14) Eden regions: 234->0(242)
[2022-07-21T18:47:36.293+0800][gc,heap       ] GC(14) Survivor regions: 22->14(32)
[2022-07-21T18:47:36.293+0800][gc,heap       ] GC(14) Old regions: 49->63
[2022-07-21T18:47:36.293+0800][gc,heap       ] GC(14) Humongous regions: 17->17
[2022-07-21T18:47:36.293+0800][gc,metaspace  ] GC(14) Metaspace: 84218K->84218K(1124352K)
[2022-07-21T18:47:36.293+0800][gc            ] GC(14) Pause Young (Normal) (G1 Evacuation Pause) 320M->91M(512M) 22.385ms
[2022-07-21T18:47:36.293+0800][gc,cpu        ] GC(14) User=0.14s Sys=0.02s Real=0.02s
[2022-07-21T19:08:41.557+0800][gc,start      ] GC(15) Pause Young (Normal) (G1 Evacuation Pause)
[2022-07-21T19:08:41.557+0800][gc,task       ] GC(15) Using 8 workers of 8 for evacuation
[2022-07-21T19:08:41.568+0800][gc,phases     ] GC(15)   Pre Evacuate Collection Set: 0.0ms
[2022-07-21T19:08:41.568+0800][gc,phases     ] GC(15)   Evacuate Collection Set: 8.0ms
[2022-07-21T19:08:41.568+0800][gc,phases     ] GC(15)   Post Evacuate Collection Set: 2.2ms
[2022-07-21T19:08:41.568+0800][gc,phases     ] GC(15)   Other: 0.5ms
[2022-07-21T19:08:41.568+0800][gc,heap       ] GC(15) Eden regions: 242->0(231)
[2022-07-21T19:08:41.568+0800][gc,heap       ] GC(15) Survivor regions: 14->25(32)
[2022-07-21T19:08:41.568+0800][gc,heap       ] GC(15) Old regions: 63->63
[2022-07-21T19:08:41.568+0800][gc,heap       ] GC(15) Humongous regions: 50->50
[2022-07-21T19:08:41.568+0800][gc,metaspace  ] GC(15) Metaspace: 85072K->85072K(1126400K)
[2022-07-21T19:08:41.568+0800][gc            ] GC(15) Pause Young (Normal) (G1 Evacuation Pause) 366M->136M(512M) 10.789ms
[2022-07-21T19:08:41.568+0800][gc,cpu        ] GC(15) User=0.07s Sys=0.00s Real=0.01s
[2022-07-21T19:33:47.038+0800][gc,start      ] GC(16) Pause Young (Normal) (G1 Evacuation Pause)
[2022-07-21T19:33:47.038+0800][gc,task       ] GC(16) Using 8 workers of 8 for evacuation
[2022-07-21T19:33:47.051+0800][gc,phases     ] GC(16)   Pre Evacuate Collection Set: 0.0ms
[2022-07-21T19:33:47.051+0800][gc,phases     ] GC(16)   Evacuate Collection Set: 11.5ms
[2022-07-21T19:33:47.051+0800][gc,phases     ] GC(16)   Post Evacuate Collection Set: 1.5ms
[2022-07-21T19:33:47.051+0800][gc,phases     ] GC(16)   Other: 0.6ms
[2022-07-21T19:33:47.051+0800][gc,heap       ] GC(16) Eden regions: 231->0(242)
[2022-07-21T19:33:47.051+0800][gc,heap       ] GC(16) Survivor regions: 25->14(32)
[2022-07-21T19:33:47.051+0800][gc,heap       ] GC(16) Old regions: 63->74
[2022-07-21T19:33:47.051+0800][gc,heap       ] GC(16) Humongous regions: 50->50
[2022-07-21T19:33:47.051+0800][gc,metaspace  ] GC(16) Metaspace: 85191K->85191K(1126400K)
[2022-07-21T19:33:47.051+0800][gc            ] GC(16) Pause Young (Normal) (G1 Evacuation Pause) 367M->136M(512M) 13.673ms
[2022-07-21T19:33:47.052+0800][gc,cpu        ] GC(16) User=0.08s Sys=0.02s Real=0.01s
