[2022-07-21T19:52:45.005+0800][gc,heap] Heap region size: 1M
[2022-07-21T19:52:45.011+0800][gc     ] Using G1
[2022-07-21T19:52:45.011+0800][gc,heap,coops] Heap address: 0x00000000e0000000, size: 512 MB, Compressed Oops mode: 32-bit
[2022-07-21T19:52:45.012+0800][gc,cds       ] Mark closed archive regions in map: [0x00000000fff00000, 0x00000000fff6aff8]
[2022-07-21T19:52:45.012+0800][gc,cds       ] Mark open archive regions in map: [0x00000000ffe00000, 0x00000000ffe46ff8]
[2022-07-21T19:53:03.307+0800][gc,start     ] GC(0) Pause Young (Normal) (G1 Evacuation Pause)
[2022-07-21T19:53:03.308+0800][gc,task      ] GC(0) Using 8 workers of 8 for evacuation
[2022-07-21T19:53:03.356+0800][gc,phases    ] GC(0)   Pre Evacuate Collection Set: 0.0ms
[2022-07-21T19:53:03.356+0800][gc,phases    ] GC(0)   Evacuate Collection Set: 41.1ms
[2022-07-21T19:53:03.356+0800][gc,phases    ] GC(0)   Post Evacuate Collection Set: 6.6ms
[2022-07-21T19:53:03.356+0800][gc,phases    ] GC(0)   Other: 1.3ms
[2022-07-21T19:53:03.356+0800][gc,heap      ] GC(0) Eden regions: 256->0(248)
[2022-07-21T19:53:03.356+0800][gc,heap      ] GC(0) Survivor regions: 0->8(32)
[2022-07-21T19:53:03.356+0800][gc,heap      ] GC(0) Old regions: 2->2
[2022-07-21T19:53:03.356+0800][gc,heap      ] GC(0) Humongous regions: 3->0
[2022-07-21T19:53:03.356+0800][gc,metaspace ] GC(0) Metaspace: 18205K->18205K(1064960K)
[2022-07-21T19:53:03.356+0800][gc           ] GC(0) Pause Young (Normal) (G1 Evacuation Pause) 259M->7M(512M) 49.154ms
[2022-07-21T19:53:03.356+0800][gc,cpu       ] GC(0) User=0.17s Sys=0.04s Real=0.05s
[2022-07-21T19:53:04.401+0800][gc,start     ] GC(1) Pause Young (Concurrent Start) (Metadata GC Threshold)
[2022-07-21T19:53:04.401+0800][gc,task      ] GC(1) Using 8 workers of 8 for evacuation
[2022-07-21T19:53:04.410+0800][gc,phases    ] GC(1)   Pre Evacuate Collection Set: 0.1ms
[2022-07-21T19:53:04.410+0800][gc,phases    ] GC(1)   Evacuate Collection Set: 7.3ms
[2022-07-21T19:53:04.410+0800][gc,phases    ] GC(1)   Post Evacuate Collection Set: 1.5ms
[2022-07-21T19:53:04.410+0800][gc,phases    ] GC(1)   Other: 0.4ms
[2022-07-21T19:53:04.410+0800][gc,heap      ] GC(1) Eden regions: 79->0(247)
[2022-07-21T19:53:04.410+0800][gc,heap      ] GC(1) Survivor regions: 8->9(32)
[2022-07-21T19:53:04.410+0800][gc,heap      ] GC(1) Old regions: 2->2
[2022-07-21T19:53:04.410+0800][gc,heap      ] GC(1) Humongous regions: 0->0
[2022-07-21T19:53:04.410+0800][gc,metaspace ] GC(1) Metaspace: 20483K->20483K(1067008K)
[2022-07-21T19:53:04.411+0800][gc           ] GC(1) Pause Young (Concurrent Start) (Metadata GC Threshold) 86M->9M(512M) 9.486ms
[2022-07-21T19:53:04.411+0800][gc,cpu       ] GC(1) User=0.04s Sys=0.01s Real=0.01s
[2022-07-21T19:53:04.411+0800][gc           ] GC(2) Concurrent Cycle
[2022-07-21T19:53:04.411+0800][gc,marking   ] GC(2) Concurrent Clear Claimed Marks
[2022-07-21T19:53:04.411+0800][gc,marking   ] GC(2) Concurrent Clear Claimed Marks 0.078ms
[2022-07-21T19:53:04.411+0800][gc,marking   ] GC(2) Concurrent Scan Root Regions
[2022-07-21T19:53:04.415+0800][gc,marking   ] GC(2) Concurrent Scan Root Regions 4.113ms
[2022-07-21T19:53:04.415+0800][gc,marking   ] GC(2) Concurrent Mark (19.413s)
[2022-07-21T19:53:04.415+0800][gc,marking   ] GC(2) Concurrent Mark From Roots
[2022-07-21T19:53:04.415+0800][gc,task      ] GC(2) Using 2 workers of 2 for marking
[2022-07-21T19:53:04.417+0800][gc,marking   ] GC(2) Concurrent Mark From Roots 1.407ms
[2022-07-21T19:53:04.417+0800][gc,marking   ] GC(2) Concurrent Preclean
[2022-07-21T19:53:04.417+0800][gc,marking   ] GC(2) Concurrent Preclean 0.128ms
[2022-07-21T19:53:04.417+0800][gc,marking   ] GC(2) Concurrent Mark (19.413s, 19.415s) 1.711ms
[2022-07-21T19:53:04.417+0800][gc,start     ] GC(2) Pause Remark
[2022-07-21T19:53:04.419+0800][gc,stringtable] GC(2) Cleaned string and symbol table, strings: 9293 processed, 0 removed, symbols: 55409 processed, 100 removed
[2022-07-21T19:53:04.420+0800][gc            ] GC(2) Pause Remark 10M->10M(512M) 2.481ms
[2022-07-21T19:53:04.420+0800][gc,cpu        ] GC(2) User=0.01s Sys=0.00s Real=0.01s
[2022-07-21T19:53:04.420+0800][gc,marking    ] GC(2) Concurrent Rebuild Remembered Sets
[2022-07-21T19:53:04.421+0800][gc,marking    ] GC(2) Concurrent Rebuild Remembered Sets 0.664ms
[2022-07-21T19:53:04.421+0800][gc,start      ] GC(2) Pause Cleanup
[2022-07-21T19:53:04.422+0800][gc            ] GC(2) Pause Cleanup 10M->10M(512M) 0.236ms
[2022-07-21T19:53:04.422+0800][gc,cpu        ] GC(2) User=0.00s Sys=0.00s Real=0.00s
[2022-07-21T19:53:04.422+0800][gc,marking    ] GC(2) Concurrent Cleanup for Next Mark
[2022-07-21T19:53:04.424+0800][gc,marking    ] GC(2) Concurrent Cleanup for Next Mark 2.338ms
[2022-07-21T19:53:04.424+0800][gc            ] GC(2) Concurrent Cycle 13.475ms
[2022-07-21T19:53:07.730+0800][gc,start      ] GC(3) Pause Young (Normal) (G1 Evacuation Pause)
[2022-07-21T19:53:07.730+0800][gc,task       ] GC(3) Using 8 workers of 8 for evacuation
[2022-07-21T19:53:07.802+0800][gc,phases     ] GC(3)   Pre Evacuate Collection Set: 0.0ms
[2022-07-21T19:53:07.802+0800][gc,phases     ] GC(3)   Evacuate Collection Set: 69.1ms
[2022-07-21T19:53:07.802+0800][gc,phases     ] GC(3)   Post Evacuate Collection Set: 3.2ms
[2022-07-21T19:53:07.802+0800][gc,phases     ] GC(3)   Other: 0.2ms
[2022-07-21T19:53:07.802+0800][gc,heap       ] GC(3) Eden regions: 247->0(240)
[2022-07-21T19:53:07.802+0800][gc,heap       ] GC(3) Survivor regions: 9->16(32)
[2022-07-21T19:53:07.802+0800][gc,heap       ] GC(3) Old regions: 2->2
[2022-07-21T19:53:07.802+0800][gc,heap       ] GC(3) Humongous regions: 0->0
[2022-07-21T19:53:07.802+0800][gc,metaspace  ] GC(3) Metaspace: 23274K->23274K(1071104K)
[2022-07-21T19:53:07.802+0800][gc            ] GC(3) Pause Young (Normal) (G1 Evacuation Pause) 256M->16M(512M) 72.700ms
[2022-07-21T19:53:07.802+0800][gc,cpu        ] GC(3) User=0.18s Sys=0.02s Real=0.07s
[2022-07-21T19:53:09.428+0800][gc,start      ] GC(4) Pause Young (Normal) (G1 Evacuation Pause)
[2022-07-21T19:53:09.428+0800][gc,task       ] GC(4) Using 8 workers of 8 for evacuation
[2022-07-21T19:53:09.448+0800][gc,phases     ] GC(4)   Pre Evacuate Collection Set: 0.0ms
[2022-07-21T19:53:09.448+0800][gc,phases     ] GC(4)   Evacuate Collection Set: 19.4ms
[2022-07-21T19:53:09.448+0800][gc,phases     ] GC(4)   Post Evacuate Collection Set: 1.0ms
[2022-07-21T19:53:09.448+0800][gc,phases     ] GC(4)   Other: 0.2ms
[2022-07-21T19:53:09.448+0800][gc,heap       ] GC(4) Eden regions: 240->0(232)
[2022-07-21T19:53:09.448+0800][gc,heap       ] GC(4) Survivor regions: 16->24(32)
[2022-07-21T19:53:09.448+0800][gc,heap       ] GC(4) Old regions: 2->2
[2022-07-21T19:53:09.448+0800][gc,heap       ] GC(4) Humongous regions: 0->0
[2022-07-21T19:53:09.449+0800][gc,metaspace  ] GC(4) Metaspace: 23420K->23420K(1071104K)
[2022-07-21T19:53:09.449+0800][gc            ] GC(4) Pause Young (Normal) (G1 Evacuation Pause) 256M->24M(512M) 20.885ms
[2022-07-21T19:53:09.449+0800][gc,cpu        ] GC(4) User=0.15s Sys=0.00s Real=0.02s
[2022-07-21T19:53:12.172+0800][gc,start      ] GC(5) Pause Young (Normal) (G1 Evacuation Pause)
[2022-07-21T19:53:12.172+0800][gc,task       ] GC(5) Using 8 workers of 8 for evacuation
[2022-07-21T19:53:12.236+0800][gc,phases     ] GC(5)   Pre Evacuate Collection Set: 0.0ms
[2022-07-21T19:53:12.236+0800][gc,phases     ] GC(5)   Evacuate Collection Set: 61.8ms
[2022-07-21T19:53:12.236+0800][gc,phases     ] GC(5)   Post Evacuate Collection Set: 1.2ms
[2022-07-21T19:53:12.236+0800][gc,phases     ] GC(5)   Other: 0.4ms
[2022-07-21T19:53:12.236+0800][gc,heap       ] GC(5) Eden regions: 232->0(235)
[2022-07-21T19:53:12.236+0800][gc,heap       ] GC(5) Survivor regions: 24->21(32)
[2022-07-21T19:53:12.236+0800][gc,heap       ] GC(5) Old regions: 2->10
[2022-07-21T19:53:12.236+0800][gc,heap       ] GC(5) Humongous regions: 0->0
[2022-07-21T19:53:12.236+0800][gc,metaspace  ] GC(5) Metaspace: 25909K->25909K(1073152K)
[2022-07-21T19:53:12.236+0800][gc            ] GC(5) Pause Young (Normal) (G1 Evacuation Pause) 256M->29M(512M) 63.730ms
[2022-07-21T19:53:12.236+0800][gc,cpu        ] GC(5) User=0.24s Sys=0.00s Real=0.06s
[2022-07-21T19:53:15.656+0800][gc,start      ] GC(6) Pause Young (Normal) (G1 Evacuation Pause)
[2022-07-21T19:53:15.657+0800][gc,task       ] GC(6) Using 8 workers of 8 for evacuation
[2022-07-21T19:53:15.701+0800][gc,phases     ] GC(6)   Pre Evacuate Collection Set: 0.0ms
[2022-07-21T19:53:15.701+0800][gc,phases     ] GC(6)   Evacuate Collection Set: 43.3ms
[2022-07-21T19:53:15.701+0800][gc,phases     ] GC(6)   Post Evacuate Collection Set: 0.8ms
[2022-07-21T19:53:15.701+0800][gc,phases     ] GC(6)   Other: 0.3ms
[2022-07-21T19:53:15.701+0800][gc,heap       ] GC(6) Eden regions: 235->0(239)
[2022-07-21T19:53:15.701+0800][gc,heap       ] GC(6) Survivor regions: 21->17(32)
[2022-07-21T19:53:15.701+0800][gc,heap       ] GC(6) Old regions: 10->18
[2022-07-21T19:53:15.701+0800][gc,heap       ] GC(6) Humongous regions: 0->0
[2022-07-21T19:53:15.701+0800][gc,metaspace  ] GC(6) Metaspace: 30964K->30964K(1077248K)
[2022-07-21T19:53:15.701+0800][gc            ] GC(6) Pause Young (Normal) (G1 Evacuation Pause) 264M->32M(512M) 44.549ms
[2022-07-21T19:53:15.701+0800][gc,cpu        ] GC(6) User=0.25s Sys=0.02s Real=0.05s
[2022-07-21T19:53:23.455+0800][gc,start      ] GC(7) Pause Young (Concurrent Start) (Metadata GC Threshold)
[2022-07-21T19:53:23.455+0800][gc,task       ] GC(7) Using 8 workers of 8 for evacuation
[2022-07-21T19:53:23.486+0800][gc,phases     ] GC(7)   Pre Evacuate Collection Set: 0.1ms
[2022-07-21T19:53:23.486+0800][gc,phases     ] GC(7)   Evacuate Collection Set: 29.7ms
[2022-07-21T19:53:23.486+0800][gc,phases     ] GC(7)   Post Evacuate Collection Set: 1.0ms
[2022-07-21T19:53:23.486+0800][gc,phases     ] GC(7)   Other: 0.2ms
[2022-07-21T19:53:23.486+0800][gc,heap       ] GC(7) Eden regions: 154->0(238)
[2022-07-21T19:53:23.486+0800][gc,heap       ] GC(7) Survivor regions: 17->18(32)
[2022-07-21T19:53:23.486+0800][gc,heap       ] GC(7) Old regions: 18->18
[2022-07-21T19:53:23.486+0800][gc,heap       ] GC(7) Humongous regions: 0->0
[2022-07-21T19:53:23.486+0800][gc,metaspace  ] GC(7) Metaspace: 34663K->34663K(1081344K)
[2022-07-21T19:53:23.486+0800][gc            ] GC(7) Pause Young (Concurrent Start) (Metadata GC Threshold) 186M->34M(512M) 31.307ms
[2022-07-21T19:53:23.486+0800][gc,cpu        ] GC(7) User=0.22s Sys=0.02s Real=0.03s
[2022-07-21T19:53:23.486+0800][gc            ] GC(8) Concurrent Cycle
[2022-07-21T19:53:23.486+0800][gc,marking    ] GC(8) Concurrent Clear Claimed Marks
[2022-07-21T19:53:23.486+0800][gc,marking    ] GC(8) Concurrent Clear Claimed Marks 0.115ms
[2022-07-21T19:53:23.486+0800][gc,marking    ] GC(8) Concurrent Scan Root Regions
[2022-07-21T19:53:23.495+0800][gc,marking    ] GC(8) Concurrent Scan Root Regions 8.182ms
[2022-07-21T19:53:23.495+0800][gc,marking    ] GC(8) Concurrent Mark (38.492s)
[2022-07-21T19:53:23.495+0800][gc,marking    ] GC(8) Concurrent Mark From Roots
[2022-07-21T19:53:23.495+0800][gc,task       ] GC(8) Using 2 workers of 2 for marking
[2022-07-21T19:53:23.521+0800][gc,marking    ] GC(8) Concurrent Mark From Roots 26.409ms
[2022-07-21T19:53:23.521+0800][gc,marking    ] GC(8) Concurrent Preclean
[2022-07-21T19:53:23.521+0800][gc,marking    ] GC(8) Concurrent Preclean 0.173ms
[2022-07-21T19:53:23.521+0800][gc,marking    ] GC(8) Concurrent Mark (38.492s, 38.519s) 26.732ms
[2022-07-21T19:53:23.522+0800][gc,start      ] GC(8) Pause Remark
[2022-07-21T19:53:23.546+0800][gc,stringtable] GC(8) Cleaned string and symbol table, strings: 16494 processed, 37 removed, symbols: 98213 processed, 341 removed
[2022-07-21T19:53:23.547+0800][gc            ] GC(8) Pause Remark 36M->36M(512M) 24.879ms
[2022-07-21T19:53:23.547+0800][gc,cpu        ] GC(8) User=0.16s Sys=0.00s Real=0.02s
[2022-07-21T19:53:23.547+0800][gc,marking    ] GC(8) Concurrent Rebuild Remembered Sets
[2022-07-21T19:53:23.561+0800][gc,marking    ] GC(8) Concurrent Rebuild Remembered Sets 13.590ms
[2022-07-21T19:53:23.561+0800][gc,start      ] GC(8) Pause Cleanup
[2022-07-21T19:53:23.562+0800][gc            ] GC(8) Pause Cleanup 37M->37M(512M) 0.287ms
[2022-07-21T19:53:23.562+0800][gc,cpu        ] GC(8) User=0.00s Sys=0.00s Real=0.00s
[2022-07-21T19:53:23.562+0800][gc,marking    ] GC(8) Concurrent Cleanup for Next Mark
[2022-07-21T19:53:23.565+0800][gc,marking    ] GC(8) Concurrent Cleanup for Next Mark 3.232ms
[2022-07-21T19:53:23.565+0800][gc            ] GC(8) Concurrent Cycle 79.010ms
[2022-07-21T19:53:28.411+0800][gc,start      ] GC(9) Pause Young (Normal) (G1 Evacuation Pause)
[2022-07-21T19:53:28.411+0800][gc,task       ] GC(9) Using 8 workers of 8 for evacuation
[2022-07-21T19:53:28.432+0800][gc,phases     ] GC(9)   Pre Evacuate Collection Set: 0.0ms
[2022-07-21T19:53:28.432+0800][gc,phases     ] GC(9)   Evacuate Collection Set: 19.6ms
[2022-07-21T19:53:28.432+0800][gc,phases     ] GC(9)   Post Evacuate Collection Set: 1.5ms
[2022-07-21T19:53:28.432+0800][gc,phases     ] GC(9)   Other: 0.2ms
[2022-07-21T19:53:28.432+0800][gc,heap       ] GC(9) Eden regions: 238->0(236)
[2022-07-21T19:53:28.432+0800][gc,heap       ] GC(9) Survivor regions: 18->20(32)
[2022-07-21T19:53:28.432+0800][gc,heap       ] GC(9) Old regions: 18->26
[2022-07-21T19:53:28.432+0800][gc,heap       ] GC(9) Humongous regions: 5->5
[2022-07-21T19:53:28.432+0800][gc,metaspace  ] GC(9) Metaspace: 46606K->46606K(1091584K)
[2022-07-21T19:53:28.432+0800][gc            ] GC(9) Pause Young (Normal) (G1 Evacuation Pause) 277M->49M(512M) 21.436ms
[2022-07-21T19:53:28.433+0800][gc,cpu        ] GC(9) User=0.14s Sys=0.00s Real=0.02s
[2022-07-21T19:53:41.434+0800][gc,start      ] GC(10) Pause Young (Concurrent Start) (Metadata GC Threshold)
[2022-07-21T19:53:41.434+0800][gc,task       ] GC(10) Using 8 workers of 8 for evacuation
[2022-07-21T19:53:41.452+0800][gc,phases     ] GC(10)   Pre Evacuate Collection Set: 0.3ms
[2022-07-21T19:53:41.453+0800][gc,phases     ] GC(10)   Evacuate Collection Set: 14.2ms
[2022-07-21T19:53:41.453+0800][gc,phases     ] GC(10)   Post Evacuate Collection Set: 3.5ms
[2022-07-21T19:53:41.453+0800][gc,phases     ] GC(10)   Other: 0.9ms
[2022-07-21T19:53:41.453+0800][gc,heap       ] GC(10) Eden regions: 192->0(237)
[2022-07-21T19:53:41.453+0800][gc,heap       ] GC(10) Survivor regions: 20->19(32)
[2022-07-21T19:53:41.453+0800][gc,heap       ] GC(10) Old regions: 26->33
[2022-07-21T19:53:41.453+0800][gc,heap       ] GC(10) Humongous regions: 5->5
[2022-07-21T19:53:41.453+0800][gc,metaspace  ] GC(10) Metaspace: 58270K->58270K(1101824K)
[2022-07-21T19:53:41.453+0800][gc            ] GC(10) Pause Young (Concurrent Start) (Metadata GC Threshold) 241M->54M(512M) 19.094ms
[2022-07-21T19:53:41.453+0800][gc,cpu        ] GC(10) User=0.08s Sys=0.01s Real=0.02s
[2022-07-21T19:53:41.453+0800][gc            ] GC(11) Concurrent Cycle
[2022-07-21T19:53:41.453+0800][gc,marking    ] GC(11) Concurrent Clear Claimed Marks
[2022-07-21T19:53:41.453+0800][gc,marking    ] GC(11) Concurrent Clear Claimed Marks 0.172ms
[2022-07-21T19:53:41.453+0800][gc,marking    ] GC(11) Concurrent Scan Root Regions
[2022-07-21T19:53:41.460+0800][gc,marking    ] GC(11) Concurrent Scan Root Regions 6.395ms
[2022-07-21T19:53:41.460+0800][gc,marking    ] GC(11) Concurrent Mark (56.457s)
[2022-07-21T19:53:41.460+0800][gc,marking    ] GC(11) Concurrent Mark From Roots
[2022-07-21T19:53:41.460+0800][gc,task       ] GC(11) Using 2 workers of 2 for marking
[2022-07-21T19:53:41.486+0800][gc,marking    ] GC(11) Concurrent Mark From Roots 26.393ms
[2022-07-21T19:53:41.486+0800][gc,marking    ] GC(11) Concurrent Preclean
[2022-07-21T19:53:41.486+0800][gc,marking    ] GC(11) Concurrent Preclean 0.205ms
[2022-07-21T19:53:41.486+0800][gc,marking    ] GC(11) Concurrent Mark (56.457s, 56.484s) 26.701ms
[2022-07-21T19:53:41.487+0800][gc,start      ] GC(11) Pause Remark
[2022-07-21T19:53:41.491+0800][gc,stringtable] GC(11) Cleaned string and symbol table, strings: 30023 processed, 0 removed, symbols: 155460 processed, 118 removed
[2022-07-21T19:53:41.492+0800][gc            ] GC(11) Pause Remark 55M->55M(512M) 4.873ms
[2022-07-21T19:53:41.492+0800][gc,cpu        ] GC(11) User=0.03s Sys=0.00s Real=0.01s
[2022-07-21T19:53:41.492+0800][gc,marking    ] GC(11) Concurrent Rebuild Remembered Sets
[2022-07-21T19:53:41.508+0800][gc,marking    ] GC(11) Concurrent Rebuild Remembered Sets 16.263ms
[2022-07-21T19:53:41.509+0800][gc,start      ] GC(11) Pause Cleanup
[2022-07-21T19:53:41.509+0800][gc            ] GC(11) Pause Cleanup 56M->56M(512M) 0.300ms
[2022-07-21T19:53:41.509+0800][gc,cpu        ] GC(11) User=0.00s Sys=0.00s Real=0.00s
[2022-07-21T19:53:41.509+0800][gc,marking    ] GC(11) Concurrent Cleanup for Next Mark
[2022-07-21T19:53:41.510+0800][gc,marking    ] GC(11) Concurrent Cleanup for Next Mark 0.630ms
[2022-07-21T19:53:41.510+0800][gc            ] GC(11) Concurrent Cycle 56.842ms
[2022-07-21T19:53:49.266+0800][gc,start      ] GC(12) Pause Young (Normal) (G1 Evacuation Pause)
[2022-07-21T19:53:49.266+0800][gc,task       ] GC(12) Using 8 workers of 8 for evacuation
[2022-07-21T19:53:49.286+0800][gc,phases     ] GC(12)   Pre Evacuate Collection Set: 0.0ms
[2022-07-21T19:53:49.286+0800][gc,phases     ] GC(12)   Evacuate Collection Set: 18.4ms
[2022-07-21T19:53:49.286+0800][gc,phases     ] GC(12)   Post Evacuate Collection Set: 1.4ms
[2022-07-21T19:53:49.286+0800][gc,phases     ] GC(12)   Other: 0.4ms
[2022-07-21T19:53:49.286+0800][gc,heap       ] GC(12) Eden regions: 237->0(226)
[2022-07-21T19:53:49.286+0800][gc,heap       ] GC(12) Survivor regions: 19->30(32)
[2022-07-21T19:53:49.286+0800][gc,heap       ] GC(12) Old regions: 33->35
[2022-07-21T19:53:49.286+0800][gc,heap       ] GC(12) Humongous regions: 5->5
[2022-07-21T19:53:49.286+0800][gc,metaspace  ] GC(12) Metaspace: 71074K->71074K(1114112K)
[2022-07-21T19:53:49.286+0800][gc            ] GC(12) Pause Young (Normal) (G1 Evacuation Pause) 291M->68M(512M) 20.333ms
[2022-07-21T19:53:49.286+0800][gc,cpu        ] GC(12) User=0.15s Sys=0.00s Real=0.02s
[2022-07-21T19:55:24.943+0800][gc,start      ] GC(13) Pause Young (Normal) (G1 Evacuation Pause)
[2022-07-21T19:55:24.944+0800][gc,task       ] GC(13) Using 8 workers of 8 for evacuation
[2022-07-21T19:55:24.988+0800][gc,phases     ] GC(13)   Pre Evacuate Collection Set: 0.0ms
[2022-07-21T19:55:24.988+0800][gc,phases     ] GC(13)   Evacuate Collection Set: 38.4ms
[2022-07-21T19:55:24.988+0800][gc,phases     ] GC(13)   Post Evacuate Collection Set: 5.2ms
[2022-07-21T19:55:24.988+0800][gc,phases     ] GC(13)   Other: 0.7ms
[2022-07-21T19:55:24.988+0800][gc,heap       ] GC(13) Eden regions: 226->0(234)
[2022-07-21T19:55:24.988+0800][gc,heap       ] GC(13) Survivor regions: 30->22(32)
[2022-07-21T19:55:24.988+0800][gc,heap       ] GC(13) Old regions: 35->49
[2022-07-21T19:55:24.988+0800][gc,heap       ] GC(13) Humongous regions: 5->5
[2022-07-21T19:55:24.988+0800][gc,metaspace  ] GC(13) Metaspace: 78598K->78598K(1120256K)
[2022-07-21T19:55:24.988+0800][gc            ] GC(13) Pause Young (Normal) (G1 Evacuation Pause) 294M->73M(512M) 44.457ms
[2022-07-21T19:55:24.988+0800][gc,cpu        ] GC(13) User=0.14s Sys=0.02s Real=0.04s
[2022-07-21T20:06:21.985+0800][gc,start      ] GC(14) Pause Young (Normal) (G1 Evacuation Pause)
[2022-07-21T20:06:21.985+0800][gc,task       ] GC(14) Using 8 workers of 8 for evacuation
[2022-07-21T20:06:22.008+0800][gc,phases     ] GC(14)   Pre Evacuate Collection Set: 0.0ms
[2022-07-21T20:06:22.008+0800][gc,phases     ] GC(14)   Evacuate Collection Set: 20.2ms
[2022-07-21T20:06:22.008+0800][gc,phases     ] GC(14)   Post Evacuate Collection Set: 1.5ms
[2022-07-21T20:06:22.008+0800][gc,phases     ] GC(14)   Other: 0.9ms
[2022-07-21T20:06:22.008+0800][gc,heap       ] GC(14) Eden regions: 234->0(224)
[2022-07-21T20:06:22.008+0800][gc,heap       ] GC(14) Survivor regions: 22->32(32)
[2022-07-21T20:06:22.008+0800][gc,heap       ] GC(14) Old regions: 49->68
[2022-07-21T20:06:22.008+0800][gc,heap       ] GC(14) Humongous regions: 50->50
[2022-07-21T20:06:22.008+0800][gc,metaspace  ] GC(14) Metaspace: 84647K->84647K(1126400K)
[2022-07-21T20:06:22.008+0800][gc            ] GC(14) Pause Young (Normal) (G1 Evacuation Pause) 352M->148M(512M) 22.744ms
[2022-07-21T20:06:22.008+0800][gc,cpu        ] GC(14) User=0.13s Sys=0.03s Real=0.02s
[2022-07-21T20:29:20.032+0800][gc,start      ] GC(15) Pause Young (Normal) (G1 Evacuation Pause)
[2022-07-21T20:29:20.032+0800][gc,task       ] GC(15) Using 8 workers of 8 for evacuation
[2022-07-21T20:29:20.049+0800][gc,phases     ] GC(15)   Pre Evacuate Collection Set: 0.0ms
[2022-07-21T20:29:20.049+0800][gc,phases     ] GC(15)   Evacuate Collection Set: 13.8ms
[2022-07-21T20:29:20.049+0800][gc,phases     ] GC(15)   Post Evacuate Collection Set: 2.6ms
[2022-07-21T20:29:20.049+0800][gc,phases     ] GC(15)   Other: 0.6ms
[2022-07-21T20:29:20.049+0800][gc,heap       ] GC(15) Eden regions: 224->0(252)
[2022-07-21T20:29:20.049+0800][gc,heap       ] GC(15) Survivor regions: 32->4(32)
[2022-07-21T20:29:20.049+0800][gc,heap       ] GC(15) Old regions: 68->100
[2022-07-21T20:29:20.049+0800][gc,heap       ] GC(15) Humongous regions: 50->50
[2022-07-21T20:29:20.049+0800][gc,metaspace  ] GC(15) Metaspace: 85306K->85306K(1126400K)
[2022-07-21T20:29:20.049+0800][gc            ] GC(15) Pause Young (Normal) (G1 Evacuation Pause) 372M->152M(512M) 17.203ms
[2022-07-21T20:29:20.050+0800][gc,cpu        ] GC(15) User=0.06s Sys=0.05s Real=0.02s
[2022-07-21T20:55:23.637+0800][gc,start      ] GC(16) Pause Young (Normal) (G1 Evacuation Pause)
[2022-07-21T20:55:23.637+0800][gc,task       ] GC(16) Using 8 workers of 8 for evacuation
[2022-07-21T20:55:23.646+0800][gc,phases     ] GC(16)   Pre Evacuate Collection Set: 0.0ms
[2022-07-21T20:55:23.646+0800][gc,phases     ] GC(16)   Evacuate Collection Set: 4.3ms
[2022-07-21T20:55:23.646+0800][gc,phases     ] GC(16)   Post Evacuate Collection Set: 3.4ms
[2022-07-21T20:55:23.646+0800][gc,phases     ] GC(16)   Other: 0.8ms
[2022-07-21T20:55:23.646+0800][gc,heap       ] GC(16) Eden regions: 252->0(254)
[2022-07-21T20:55:23.646+0800][gc,heap       ] GC(16) Survivor regions: 4->2(32)
[2022-07-21T20:55:23.646+0800][gc,heap       ] GC(16) Old regions: 100->100
[2022-07-21T20:55:23.646+0800][gc,heap       ] GC(16) Humongous regions: 50->50
[2022-07-21T20:55:23.646+0800][gc,metaspace  ] GC(16) Metaspace: 85661K->85661K(1126400K)
[2022-07-21T20:55:23.646+0800][gc            ] GC(16) Pause Young (Normal) (G1 Evacuation Pause) 404M->150M(512M) 8.722ms
[2022-07-21T20:55:23.646+0800][gc,cpu        ] GC(16) User=0.06s Sys=0.00s Real=0.01s
[2022-07-21T21:22:41.747+0800][gc,start      ] GC(17) Pause Young (Normal) (G1 Evacuation Pause)
[2022-07-21T21:22:41.747+0800][gc,task       ] GC(17) Using 8 workers of 8 for evacuation
[2022-07-21T21:22:41.751+0800][gc,phases     ] GC(17)   Pre Evacuate Collection Set: 0.0ms
[2022-07-21T21:22:41.751+0800][gc,phases     ] GC(17)   Evacuate Collection Set: 1.9ms
[2022-07-21T21:22:41.751+0800][gc,phases     ] GC(17)   Post Evacuate Collection Set: 1.3ms
[2022-07-21T21:22:41.751+0800][gc,phases     ] GC(17)   Other: 0.6ms
[2022-07-21T21:22:41.751+0800][gc,heap       ] GC(17) Eden regions: 254->0(254)
[2022-07-21T21:22:41.751+0800][gc,heap       ] GC(17) Survivor regions: 2->2(32)
[2022-07-21T21:22:41.751+0800][gc,heap       ] GC(17) Old regions: 100->100
[2022-07-21T21:22:41.751+0800][gc,heap       ] GC(17) Humongous regions: 50->50
[2022-07-21T21:22:41.751+0800][gc,metaspace  ] GC(17) Metaspace: 85777K->85777K(1126400K)
[2022-07-21T21:22:41.751+0800][gc            ] GC(17) Pause Young (Normal) (G1 Evacuation Pause) 404M->149M(512M) 3.875ms
[2022-07-21T21:22:41.751+0800][gc,cpu        ] GC(17) User=0.02s Sys=0.00s Real=0.01s
[2022-07-21T21:50:09.302+0800][gc,start      ] GC(18) Pause Young (Normal) (G1 Evacuation Pause)
[2022-07-21T21:50:09.302+0800][gc,task       ] GC(18) Using 8 workers of 8 for evacuation
[2022-07-21T21:50:09.319+0800][gc,phases     ] GC(18)   Pre Evacuate Collection Set: 0.0ms
[2022-07-21T21:50:09.319+0800][gc,phases     ] GC(18)   Evacuate Collection Set: 10.1ms
[2022-07-21T21:50:09.319+0800][gc,phases     ] GC(18)   Post Evacuate Collection Set: 6.4ms
[2022-07-21T21:50:09.319+0800][gc,phases     ] GC(18)   Other: 0.6ms
[2022-07-21T21:50:09.319+0800][gc,heap       ] GC(18) Eden regions: 254->0(254)
[2022-07-21T21:50:09.319+0800][gc,heap       ] GC(18) Survivor regions: 2->2(32)
[2022-07-21T21:50:09.319+0800][gc,heap       ] GC(18) Old regions: 100->100
[2022-07-21T21:50:09.319+0800][gc,heap       ] GC(18) Humongous regions: 50->50
[2022-07-21T21:50:09.319+0800][gc,metaspace  ] GC(18) Metaspace: 85809K->85809K(1126400K)
[2022-07-21T21:50:09.319+0800][gc            ] GC(18) Pause Young (Normal) (G1 Evacuation Pause) 403M->149M(512M) 17.359ms
[2022-07-21T21:50:09.319+0800][gc,cpu        ] GC(18) User=0.10s Sys=0.01s Real=0.02s
[2022-07-21T22:17:38.117+0800][gc,start      ] GC(19) Pause Young (Normal) (G1 Evacuation Pause)
[2022-07-21T22:17:38.117+0800][gc,task       ] GC(19) Using 8 workers of 8 for evacuation
[2022-07-21T22:17:38.136+0800][gc,phases     ] GC(19)   Pre Evacuate Collection Set: 0.0ms
[2022-07-21T22:17:38.136+0800][gc,phases     ] GC(19)   Evacuate Collection Set: 9.9ms
[2022-07-21T22:17:38.136+0800][gc,phases     ] GC(19)   Post Evacuate Collection Set: 8.3ms
[2022-07-21T22:17:38.136+0800][gc,phases     ] GC(19)   Other: 0.6ms
[2022-07-21T22:17:38.136+0800][gc,heap       ] GC(19) Eden regions: 254->0(254)
[2022-07-21T22:17:38.136+0800][gc,heap       ] GC(19) Survivor regions: 2->2(32)
[2022-07-21T22:17:38.136+0800][gc,heap       ] GC(19) Old regions: 100->100
[2022-07-21T22:17:38.136+0800][gc,heap       ] GC(19) Humongous regions: 50->50
[2022-07-21T22:17:38.136+0800][gc,metaspace  ] GC(19) Metaspace: 85837K->85837K(1126400K)
[2022-07-21T22:17:38.136+0800][gc            ] GC(19) Pause Young (Normal) (G1 Evacuation Pause) 403M->149M(512M) 18.953ms
[2022-07-21T22:17:38.136+0800][gc,cpu        ] GC(19) User=0.14s Sys=0.00s Real=0.02s
[2022-07-21T22:45:05.905+0800][gc,start      ] GC(20) Pause Young (Normal) (G1 Evacuation Pause)
[2022-07-21T22:45:05.905+0800][gc,task       ] GC(20) Using 8 workers of 8 for evacuation
[2022-07-21T22:45:05.918+0800][gc,phases     ] GC(20)   Pre Evacuate Collection Set: 0.0ms
[2022-07-21T22:45:05.918+0800][gc,phases     ] GC(20)   Evacuate Collection Set: 2.5ms
[2022-07-21T22:45:05.918+0800][gc,phases     ] GC(20)   Post Evacuate Collection Set: 9.1ms
[2022-07-21T22:45:05.918+0800][gc,phases     ] GC(20)   Other: 1.0ms
[2022-07-21T22:45:05.918+0800][gc,heap       ] GC(20) Eden regions: 254->0(254)
[2022-07-21T22:45:05.918+0800][gc,heap       ] GC(20) Survivor regions: 2->2(32)
[2022-07-21T22:45:05.918+0800][gc,heap       ] GC(20) Old regions: 100->100
[2022-07-21T22:45:05.918+0800][gc,heap       ] GC(20) Humongous regions: 50->50
[2022-07-21T22:45:05.918+0800][gc,metaspace  ] GC(20) Metaspace: 85857K->85857K(1126400K)
[2022-07-21T22:45:05.918+0800][gc            ] GC(20) Pause Young (Normal) (G1 Evacuation Pause) 403M->149M(512M) 13.136ms
[2022-07-21T22:45:05.918+0800][gc,cpu        ] GC(20) User=0.09s Sys=0.01s Real=0.01s
[2022-07-21T23:12:23.803+0800][gc,start      ] GC(21) Pause Young (Normal) (G1 Evacuation Pause)
[2022-07-21T23:12:23.803+0800][gc,task       ] GC(21) Using 8 workers of 8 for evacuation
[2022-07-21T23:12:23.829+0800][gc,phases     ] GC(21)   Pre Evacuate Collection Set: 0.0ms
[2022-07-21T23:12:23.829+0800][gc,phases     ] GC(21)   Evacuate Collection Set: 11.8ms
[2022-07-21T23:12:23.829+0800][gc,phases     ] GC(21)   Post Evacuate Collection Set: 13.9ms
[2022-07-21T23:12:23.829+0800][gc,phases     ] GC(21)   Other: 0.5ms
[2022-07-21T23:12:23.829+0800][gc,heap       ] GC(21) Eden regions: 254->0(254)
[2022-07-21T23:12:23.829+0800][gc,heap       ] GC(21) Survivor regions: 2->2(32)
[2022-07-21T23:12:23.829+0800][gc,heap       ] GC(21) Old regions: 100->100
[2022-07-21T23:12:23.829+0800][gc,heap       ] GC(21) Humongous regions: 50->50
[2022-07-21T23:12:23.829+0800][gc,metaspace  ] GC(21) Metaspace: 85862K->85862K(1126400K)
[2022-07-21T23:12:23.829+0800][gc            ] GC(21) Pause Young (Normal) (G1 Evacuation Pause) 403M->149M(512M) 26.437ms
[2022-07-21T23:12:23.829+0800][gc,cpu        ] GC(21) User=0.18s Sys=0.01s Real=0.03s
[2022-07-21T23:39:53.101+0800][gc,start      ] GC(22) Pause Young (Normal) (G1 Evacuation Pause)
[2022-07-21T23:39:53.101+0800][gc,task       ] GC(22) Using 8 workers of 8 for evacuation
[2022-07-21T23:39:53.110+0800][gc,phases     ] GC(22)   Pre Evacuate Collection Set: 0.0ms
[2022-07-21T23:39:53.110+0800][gc,phases     ] GC(22)   Evacuate Collection Set: 3.0ms
[2022-07-21T23:39:53.111+0800][gc,phases     ] GC(22)   Post Evacuate Collection Set: 6.0ms
[2022-07-21T23:39:53.111+0800][gc,phases     ] GC(22)   Other: 0.4ms
[2022-07-21T23:39:53.111+0800][gc,heap       ] GC(22) Eden regions: 254->0(254)
[2022-07-21T23:39:53.111+0800][gc,heap       ] GC(22) Survivor regions: 2->2(32)
[2022-07-21T23:39:53.111+0800][gc,heap       ] GC(22) Old regions: 100->100
[2022-07-21T23:39:53.111+0800][gc,heap       ] GC(22) Humongous regions: 50->50
[2022-07-21T23:39:53.111+0800][gc,metaspace  ] GC(22) Metaspace: 85878K->85878K(1126400K)
[2022-07-21T23:39:53.111+0800][gc            ] GC(22) Pause Young (Normal) (G1 Evacuation Pause) 403M->149M(512M) 9.646ms
[2022-07-21T23:39:53.111+0800][gc,cpu        ] GC(22) User=0.05s Sys=0.01s Real=0.01s
