[2022-07-21T19:41:32.304+0800][gc,heap] Heap region size: 1M
[2022-07-21T19:42:01.660+0800][gc     ] Using G1
[2022-07-21T19:42:03.192+0800][gc,heap,coops] Heap address: 0x00000000e0000000, size: 512 MB, Compressed Oops mode: 32-bit
[2022-07-21T19:42:03.193+0800][gc,cds       ] Mark closed archive regions in map: [0x00000000fff00000, 0x00000000fff6aff8]
[2022-07-21T19:42:03.193+0800][gc,cds       ] Mark open archive regions in map: [0x00000000ffe00000, 0x00000000ffe46ff8]
[2022-07-21T19:42:15.383+0800][gc,start     ] GC(0) Pause Young (Normal) (G1 Evacuation Pause)
[2022-07-21T19:42:15.386+0800][gc,task      ] GC(0) Using 8 workers of 8 for evacuation
[2022-07-21T19:42:15.480+0800][gc,phases    ] GC(0)   Pre Evacuate Collection Set: 0.0ms
[2022-07-21T19:42:15.480+0800][gc,phases    ] GC(0)   Evacuate Collection Set: 88.7ms
[2022-07-21T19:42:15.480+0800][gc,phases    ] GC(0)   Post Evacuate Collection Set: 4.9ms
[2022-07-21T19:42:15.480+0800][gc,phases    ] GC(0)   Other: 3.9ms
[2022-07-21T19:42:15.480+0800][gc,heap      ] GC(0) Eden regions: 256->0(249)
[2022-07-21T19:42:15.480+0800][gc,heap      ] GC(0) Survivor regions: 0->7(32)
[2022-07-21T19:42:15.480+0800][gc,heap      ] GC(0) Old regions: 2->2
[2022-07-21T19:42:15.480+0800][gc,heap      ] GC(0) Humongous regions: 3->0
[2022-07-21T19:42:15.480+0800][gc,metaspace ] GC(0) Metaspace: 15814K->15814K(1062912K)
[2022-07-21T19:42:15.481+0800][gc           ] GC(0) Pause Young (Normal) (G1 Evacuation Pause) 259M->7M(512M) 97.761ms
[2022-07-21T19:42:15.481+0800][gc,cpu       ] GC(0) User=0.26s Sys=0.01s Real=0.10s
[2022-07-21T19:42:17.537+0800][gc,start     ] GC(1) Pause Young (Concurrent Start) (Metadata GC Threshold)
[2022-07-21T19:42:17.537+0800][gc,task      ] GC(1) Using 8 workers of 8 for evacuation
[2022-07-21T19:42:17.585+0800][gc,phases    ] GC(1)   Pre Evacuate Collection Set: 0.1ms
[2022-07-21T19:42:17.585+0800][gc,phases    ] GC(1)   Evacuate Collection Set: 28.2ms
[2022-07-21T19:42:17.585+0800][gc,phases    ] GC(1)   Post Evacuate Collection Set: 19.6ms
[2022-07-21T19:42:17.585+0800][gc,phases    ] GC(1)   Other: 0.3ms
[2022-07-21T19:42:17.585+0800][gc,heap      ] GC(1) Eden regions: 128->0(247)
[2022-07-21T19:42:17.585+0800][gc,heap      ] GC(1) Survivor regions: 7->9(32)
[2022-07-21T19:42:17.585+0800][gc,heap      ] GC(1) Old regions: 2->2
[2022-07-21T19:42:17.585+0800][gc,heap      ] GC(1) Humongous regions: 0->0
[2022-07-21T19:42:17.585+0800][gc,metaspace ] GC(1) Metaspace: 20547K->20547K(1067008K)
[2022-07-21T19:42:17.585+0800][gc           ] GC(1) Pause Young (Concurrent Start) (Metadata GC Threshold) 134M->9M(512M) 48.406ms
[2022-07-21T19:42:17.585+0800][gc,cpu       ] GC(1) User=0.09s Sys=0.04s Real=0.05s
[2022-07-21T19:42:17.664+0800][gc           ] GC(2) Concurrent Cycle
[2022-07-21T19:42:17.664+0800][gc,marking   ] GC(2) Concurrent Clear Claimed Marks
[2022-07-21T19:42:17.664+0800][gc,marking   ] GC(2) Concurrent Clear Claimed Marks 0.077ms
[2022-07-21T19:42:17.664+0800][gc,marking   ] GC(2) Concurrent Scan Root Regions
[2022-07-21T19:42:17.673+0800][gc,marking   ] GC(2) Concurrent Scan Root Regions 8.557ms
[2022-07-21T19:42:17.673+0800][gc,marking   ] GC(2) Concurrent Mark (45.318s)
[2022-07-21T19:42:17.673+0800][gc,marking   ] GC(2) Concurrent Mark From Roots
[2022-07-21T19:42:17.673+0800][gc,task      ] GC(2) Using 2 workers of 2 for marking
[2022-07-21T19:42:17.883+0800][gc,marking   ] GC(2) Concurrent Mark From Roots 210.246ms
[2022-07-21T19:42:17.883+0800][gc,marking   ] GC(2) Concurrent Preclean
[2022-07-21T19:42:17.883+0800][gc,marking   ] GC(2) Concurrent Preclean 0.139ms
[2022-07-21T19:42:17.883+0800][gc,marking   ] GC(2) Concurrent Mark (45.318s, 45.529s) 210.480ms
[2022-07-21T19:42:17.883+0800][gc,start     ] GC(2) Pause Remark
[2022-07-21T19:42:17.889+0800][gc,stringtable] GC(2) Cleaned string and symbol table, strings: 9848 processed, 0 removed, symbols: 59317 processed, 116 removed
[2022-07-21T19:42:17.890+0800][gc            ] GC(2) Pause Remark 41M->41M(512M) 6.158ms
[2022-07-21T19:42:17.890+0800][gc,cpu        ] GC(2) User=0.02s Sys=0.00s Real=0.01s
[2022-07-21T19:42:17.890+0800][gc,marking    ] GC(2) Concurrent Rebuild Remembered Sets
[2022-07-21T19:42:17.890+0800][gc,marking    ] GC(2) Concurrent Rebuild Remembered Sets 0.712ms
[2022-07-21T19:42:17.891+0800][gc,start      ] GC(2) Pause Cleanup
[2022-07-21T19:42:17.891+0800][gc            ] GC(2) Pause Cleanup 41M->41M(512M) 0.252ms
[2022-07-21T19:42:17.891+0800][gc,cpu        ] GC(2) User=0.00s Sys=0.00s Real=0.00s
[2022-07-21T19:42:17.891+0800][gc,marking    ] GC(2) Concurrent Cleanup for Next Mark
[2022-07-21T19:42:17.908+0800][gc,marking    ] GC(2) Concurrent Cleanup for Next Mark 16.959ms
[2022-07-21T19:42:17.908+0800][gc            ] GC(2) Concurrent Cycle 244.381ms
[2022-07-21T19:42:19.653+0800][gc,start      ] GC(3) Pause Young (Concurrent Start) (G1 Evacuation Pause)
[2022-07-21T19:42:19.653+0800][gc,task       ] GC(3) Using 8 workers of 8 for evacuation
[2022-07-21T19:42:19.706+0800][gc,phases     ] GC(3)   Pre Evacuate Collection Set: 0.1ms
[2022-07-21T19:42:19.706+0800][gc,phases     ] GC(3)   Evacuate Collection Set: 51.7ms
[2022-07-21T19:42:19.706+0800][gc,phases     ] GC(3)   Post Evacuate Collection Set: 1.3ms
[2022-07-21T19:42:19.706+0800][gc,phases     ] GC(3)   Other: 0.3ms
[2022-07-21T19:42:19.706+0800][gc,heap       ] GC(3) Eden regions: 247->0(240)
[2022-07-21T19:42:19.706+0800][gc,heap       ] GC(3) Survivor regions: 9->16(32)
[2022-07-21T19:42:19.706+0800][gc,heap       ] GC(3) Old regions: 2->2
[2022-07-21T19:42:19.706+0800][gc,heap       ] GC(3) Humongous regions: 0->0
[2022-07-21T19:42:19.706+0800][gc,metaspace  ] GC(3) Metaspace: 23271K->23271K(1071104K)
[2022-07-21T19:42:19.706+0800][gc            ] GC(3) Pause Young (Concurrent Start) (G1 Evacuation Pause) 256M->16M(512M) 53.729ms
[2022-07-21T19:42:19.706+0800][gc,cpu        ] GC(3) User=0.09s Sys=0.00s Real=0.06s
[2022-07-21T19:42:19.707+0800][gc            ] GC(4) Concurrent Cycle
[2022-07-21T19:42:19.707+0800][gc,marking    ] GC(4) Concurrent Clear Claimed Marks
[2022-07-21T19:42:19.707+0800][gc,marking    ] GC(4) Concurrent Clear Claimed Marks 0.085ms
[2022-07-21T19:42:19.707+0800][gc,marking    ] GC(4) Concurrent Scan Root Regions
[2022-07-21T19:42:19.733+0800][gc,marking    ] GC(4) Concurrent Scan Root Regions 26.111ms
[2022-07-21T19:42:19.733+0800][gc,marking    ] GC(4) Concurrent Mark (47.379s)
[2022-07-21T19:42:19.733+0800][gc,marking    ] GC(4) Concurrent Mark From Roots
[2022-07-21T19:42:19.733+0800][gc,task       ] GC(4) Using 2 workers of 2 for marking
[2022-07-21T19:42:19.738+0800][gc,marking    ] GC(4) Concurrent Mark From Roots 5.249ms
[2022-07-21T19:42:19.738+0800][gc,marking    ] GC(4) Concurrent Preclean
[2022-07-21T19:42:19.738+0800][gc,marking    ] GC(4) Concurrent Preclean 0.135ms
[2022-07-21T19:42:19.738+0800][gc,marking    ] GC(4) Concurrent Mark (47.379s, 47.384s) 5.488ms
[2022-07-21T19:42:19.739+0800][gc,start      ] GC(4) Pause Remark
[2022-07-21T19:42:19.749+0800][gc,stringtable] GC(4) Cleaned string and symbol table, strings: 10288 processed, 0 removed, symbols: 60972 processed, 12 removed
[2022-07-21T19:42:19.749+0800][gc            ] GC(4) Pause Remark 21M->21M(512M) 10.532ms
[2022-07-21T19:42:19.749+0800][gc,cpu        ] GC(4) User=0.02s Sys=0.01s Real=0.01s
[2022-07-21T19:42:19.749+0800][gc,marking    ] GC(4) Concurrent Rebuild Remembered Sets
[2022-07-21T19:42:19.750+0800][gc,marking    ] GC(4) Concurrent Rebuild Remembered Sets 0.854ms
[2022-07-21T19:42:19.751+0800][gc,start      ] GC(4) Pause Cleanup
[2022-07-21T19:42:19.751+0800][gc            ] GC(4) Pause Cleanup 21M->21M(512M) 0.305ms
[2022-07-21T19:42:19.751+0800][gc,cpu        ] GC(4) User=0.00s Sys=0.00s Real=0.00s
[2022-07-21T19:42:19.751+0800][gc,marking    ] GC(4) Concurrent Cleanup for Next Mark
[2022-07-21T19:42:19.753+0800][gc,marking    ] GC(4) Concurrent Cleanup for Next Mark 2.350ms
[2022-07-21T19:42:19.753+0800][gc            ] GC(4) Concurrent Cycle 46.919ms
[2022-07-21T19:42:21.136+0800][gc,start      ] GC(5) Pause Young (Normal) (G1 Evacuation Pause)
[2022-07-21T19:42:21.136+0800][gc,task       ] GC(5) Using 8 workers of 8 for evacuation
[2022-07-21T19:42:21.186+0800][gc,phases     ] GC(5)   Pre Evacuate Collection Set: 0.0ms
[2022-07-21T19:42:21.186+0800][gc,phases     ] GC(5)   Evacuate Collection Set: 48.1ms
[2022-07-21T19:42:21.186+0800][gc,phases     ] GC(5)   Post Evacuate Collection Set: 1.2ms
[2022-07-21T19:42:21.186+0800][gc,phases     ] GC(5)   Other: 0.3ms
[2022-07-21T19:42:21.186+0800][gc,heap       ] GC(5) Eden regions: 240->0(232)
[2022-07-21T19:42:21.186+0800][gc,heap       ] GC(5) Survivor regions: 16->24(32)
[2022-07-21T19:42:21.186+0800][gc,heap       ] GC(5) Old regions: 2->2
[2022-07-21T19:42:21.186+0800][gc,heap       ] GC(5) Humongous regions: 0->0
[2022-07-21T19:42:21.186+0800][gc,metaspace  ] GC(5) Metaspace: 23425K->23425K(1071104K)
[2022-07-21T19:42:21.186+0800][gc            ] GC(5) Pause Young (Normal) (G1 Evacuation Pause) 256M->24M(512M) 49.928ms
[2022-07-21T19:42:21.186+0800][gc,cpu        ] GC(5) User=0.24s Sys=0.00s Real=0.05s
[2022-07-21T19:42:22.255+0800][gc,start      ] GC(6) Pause Young (Normal) (G1 Evacuation Pause)
[2022-07-21T19:42:22.255+0800][gc,task       ] GC(6) Using 8 workers of 8 for evacuation
[2022-07-21T19:42:22.295+0800][gc,phases     ] GC(6)   Pre Evacuate Collection Set: 0.0ms
[2022-07-21T19:42:22.295+0800][gc,phases     ] GC(6)   Evacuate Collection Set: 37.6ms
[2022-07-21T19:42:22.295+0800][gc,phases     ] GC(6)   Post Evacuate Collection Set: 1.4ms
[2022-07-21T19:42:22.295+0800][gc,phases     ] GC(6)   Other: 0.3ms
[2022-07-21T19:42:22.295+0800][gc,heap       ] GC(6) Eden regions: 232->0(235)
[2022-07-21T19:42:22.295+0800][gc,heap       ] GC(6) Survivor regions: 24->21(32)
[2022-07-21T19:42:22.295+0800][gc,heap       ] GC(6) Old regions: 2->10
[2022-07-21T19:42:22.295+0800][gc,heap       ] GC(6) Humongous regions: 0->0
[2022-07-21T19:42:22.295+0800][gc,metaspace  ] GC(6) Metaspace: 25946K->25946K(1073152K)
[2022-07-21T19:42:22.295+0800][gc            ] GC(6) Pause Young (Normal) (G1 Evacuation Pause) 256M->28M(512M) 39.801ms
[2022-07-21T19:42:22.295+0800][gc,cpu        ] GC(6) User=0.23s Sys=0.01s Real=0.04s
[2022-07-21T19:42:24.059+0800][gc,start      ] GC(7) Pause Young (Normal) (G1 Evacuation Pause)
[2022-07-21T19:42:24.059+0800][gc,task       ] GC(7) Using 8 workers of 8 for evacuation
[2022-07-21T19:42:24.081+0800][gc,phases     ] GC(7)   Pre Evacuate Collection Set: 0.0ms
[2022-07-21T19:42:24.081+0800][gc,phases     ] GC(7)   Evacuate Collection Set: 21.2ms
[2022-07-21T19:42:24.081+0800][gc,phases     ] GC(7)   Post Evacuate Collection Set: 1.1ms
[2022-07-21T19:42:24.081+0800][gc,phases     ] GC(7)   Other: 0.3ms
[2022-07-21T19:42:24.081+0800][gc,heap       ] GC(7) Eden regions: 235->0(240)
[2022-07-21T19:42:24.081+0800][gc,heap       ] GC(7) Survivor regions: 21->16(32)
[2022-07-21T19:42:24.081+0800][gc,heap       ] GC(7) Old regions: 10->18
[2022-07-21T19:42:24.081+0800][gc,heap       ] GC(7) Humongous regions: 0->0
[2022-07-21T19:42:24.081+0800][gc,metaspace  ] GC(7) Metaspace: 30996K->30996K(1077248K)
[2022-07-21T19:42:24.081+0800][gc            ] GC(7) Pause Young (Normal) (G1 Evacuation Pause) 263M->32M(512M) 22.745ms
[2022-07-21T19:42:24.081+0800][gc,cpu        ] GC(7) User=0.11s Sys=0.01s Real=0.02s
[2022-07-21T19:42:26.482+0800][gc,start      ] GC(8) Pause Young (Normal) (G1 Evacuation Pause)
[2022-07-21T19:42:26.482+0800][gc,task       ] GC(8) Using 8 workers of 8 for evacuation
[2022-07-21T19:42:26.508+0800][gc,phases     ] GC(8)   Pre Evacuate Collection Set: 0.0ms
[2022-07-21T19:42:26.508+0800][gc,phases     ] GC(8)   Evacuate Collection Set: 22.4ms
[2022-07-21T19:42:26.508+0800][gc,phases     ] GC(8)   Post Evacuate Collection Set: 3.6ms
[2022-07-21T19:42:26.508+0800][gc,phases     ] GC(8)   Other: 0.3ms
[2022-07-21T19:42:26.508+0800][gc,heap       ] GC(8) Eden regions: 240->0(236)
[2022-07-21T19:42:26.508+0800][gc,heap       ] GC(8) Survivor regions: 16->20(32)
[2022-07-21T19:42:26.508+0800][gc,heap       ] GC(8) Old regions: 18->18
[2022-07-21T19:42:26.508+0800][gc,heap       ] GC(8) Humongous regions: 0->0
[2022-07-21T19:42:26.508+0800][gc,metaspace  ] GC(8) Metaspace: 38181K->38181K(1083392K)
[2022-07-21T19:42:26.508+0800][gc            ] GC(8) Pause Young (Normal) (G1 Evacuation Pause) 272M->36M(512M) 26.516ms
[2022-07-21T19:42:26.508+0800][gc,cpu        ] GC(8) User=0.15s Sys=0.00s Real=0.03s
[2022-07-21T19:42:26.944+0800][gc,start      ] GC(9) Pause Young (Concurrent Start) (Metadata GC Threshold)
[2022-07-21T19:42:26.944+0800][gc,task       ] GC(9) Using 8 workers of 8 for evacuation
[2022-07-21T19:42:26.988+0800][gc,phases     ] GC(9)   Pre Evacuate Collection Set: 0.1ms
[2022-07-21T19:42:26.989+0800][gc,phases     ] GC(9)   Evacuate Collection Set: 43.4ms
[2022-07-21T19:42:26.989+0800][gc,phases     ] GC(9)   Post Evacuate Collection Set: 0.8ms
[2022-07-21T19:42:26.989+0800][gc,phases     ] GC(9)   Other: 0.3ms
[2022-07-21T19:42:26.989+0800][gc,heap       ] GC(9) Eden regions: 26->0(243)
[2022-07-21T19:42:26.989+0800][gc,heap       ] GC(9) Survivor regions: 20->13(32)
[2022-07-21T19:42:26.989+0800][gc,heap       ] GC(9) Old regions: 18->26
[2022-07-21T19:42:26.989+0800][gc,heap       ] GC(9) Humongous regions: 0->0
[2022-07-21T19:42:26.989+0800][gc,metaspace  ] GC(9) Metaspace: 39239K->39239K(1085440K)
[2022-07-21T19:42:26.989+0800][gc            ] GC(9) Pause Young (Concurrent Start) (Metadata GC Threshold) 62M->36M(512M) 45.007ms
[2022-07-21T19:42:26.989+0800][gc,cpu        ] GC(9) User=0.23s Sys=0.00s Real=0.05s
[2022-07-21T19:42:26.989+0800][gc            ] GC(10) Concurrent Cycle
[2022-07-21T19:42:26.989+0800][gc,marking    ] GC(10) Concurrent Clear Claimed Marks
[2022-07-21T19:42:26.989+0800][gc,marking    ] GC(10) Concurrent Clear Claimed Marks 0.131ms
[2022-07-21T19:42:26.989+0800][gc,marking    ] GC(10) Concurrent Scan Root Regions
[2022-07-21T19:42:26.998+0800][gc,marking    ] GC(10) Concurrent Scan Root Regions 9.227ms
[2022-07-21T19:42:26.998+0800][gc,marking    ] GC(10) Concurrent Mark (54.644s)
[2022-07-21T19:42:26.998+0800][gc,marking    ] GC(10) Concurrent Mark From Roots
[2022-07-21T19:42:26.998+0800][gc,task       ] GC(10) Using 2 workers of 2 for marking
[2022-07-21T19:42:27.034+0800][gc,marking    ] GC(10) Concurrent Mark From Roots 35.290ms
[2022-07-21T19:42:27.034+0800][gc,marking    ] GC(10) Concurrent Preclean
[2022-07-21T19:42:27.034+0800][gc,marking    ] GC(10) Concurrent Preclean 0.182ms
[2022-07-21T19:42:27.034+0800][gc,marking    ] GC(10) Concurrent Mark (54.644s, 54.680s) 35.628ms
[2022-07-21T19:42:27.034+0800][gc,start      ] GC(10) Pause Remark
[2022-07-21T19:42:27.044+0800][gc,stringtable] GC(10) Cleaned string and symbol table, strings: 21490 processed, 35 removed, symbols: 113712 processed, 345 removed
[2022-07-21T19:42:27.045+0800][gc            ] GC(10) Pause Remark 37M->37M(512M) 10.046ms
[2022-07-21T19:42:27.045+0800][gc,cpu        ] GC(10) User=0.03s Sys=0.00s Real=0.01s
[2022-07-21T19:42:27.045+0800][gc,marking    ] GC(10) Concurrent Rebuild Remembered Sets
[2022-07-21T19:42:27.068+0800][gc,marking    ] GC(10) Concurrent Rebuild Remembered Sets 23.570ms
[2022-07-21T19:42:27.069+0800][gc,start      ] GC(10) Pause Cleanup
[2022-07-21T19:42:27.069+0800][gc            ] GC(10) Pause Cleanup 38M->38M(512M) 0.295ms
[2022-07-21T19:42:27.069+0800][gc,cpu        ] GC(10) User=0.00s Sys=0.00s Real=0.00s
[2022-07-21T19:42:27.069+0800][gc,marking    ] GC(10) Concurrent Cleanup for Next Mark
[2022-07-21T19:42:27.070+0800][gc,marking    ] GC(10) Concurrent Cleanup for Next Mark 0.658ms
[2022-07-21T19:42:27.070+0800][gc            ] GC(10) Concurrent Cycle 80.963ms
