[2022-07-21T19:04:07.583+0800][gc,heap] Heap region size: 1M
[2022-07-21T19:04:07.589+0800][gc     ] Using G1
[2022-07-21T19:04:07.589+0800][gc,heap,coops] Heap address: 0x00000000e0000000, size: 512 MB, Compressed Oops mode: 32-bit
[2022-07-21T19:04:07.589+0800][gc,cds       ] Mark closed archive regions in map: [0x00000000fff00000, 0x00000000fff6aff8]
[2022-07-21T19:04:07.589+0800][gc,cds       ] Mark open archive regions in map: [0x00000000ffe00000, 0x00000000ffe46ff8]
[2022-07-21T19:04:09.282+0800][gc,start     ] GC(0) Pause Young (Normal) (G1 Evacuation Pause)
[2022-07-21T19:04:09.282+0800][gc,task      ] GC(0) Using 8 workers of 8 for evacuation
[2022-07-21T19:04:09.298+0800][gc,phases    ] GC(0)   Pre Evacuate Collection Set: 0.0ms
[2022-07-21T19:04:09.298+0800][gc,phases    ] GC(0)   Evacuate Collection Set: 13.7ms
[2022-07-21T19:04:09.298+0800][gc,phases    ] GC(0)   Post Evacuate Collection Set: 1.4ms
[2022-07-21T19:04:09.298+0800][gc,phases    ] GC(0)   Other: 1.2ms
[2022-07-21T19:04:09.298+0800][gc,heap      ] GC(0) Eden regions: 256->0(249)
[2022-07-21T19:04:09.298+0800][gc,heap      ] GC(0) Survivor regions: 0->7(32)
[2022-07-21T19:04:09.298+0800][gc,heap      ] GC(0) Old regions: 2->2
[2022-07-21T19:04:09.298+0800][gc,heap      ] GC(0) Humongous regions: 3->0
[2022-07-21T19:04:09.298+0800][gc,metaspace ] GC(0) Metaspace: 16819K->16819K(1064960K)
[2022-07-21T19:04:09.298+0800][gc           ] GC(0) Pause Young (Normal) (G1 Evacuation Pause) 259M->7M(512M) 16.403ms
[2022-07-21T19:04:09.298+0800][gc,cpu       ] GC(0) User=0.04s Sys=0.07s Real=0.02s
[2022-07-21T19:04:09.697+0800][gc,start     ] GC(1) Pause Young (Concurrent Start) (Metadata GC Threshold)
[2022-07-21T19:04:09.697+0800][gc,task      ] GC(1) Using 8 workers of 8 for evacuation
[2022-07-21T19:04:09.707+0800][gc,phases    ] GC(1)   Pre Evacuate Collection Set: 0.1ms
[2022-07-21T19:04:09.707+0800][gc,phases    ] GC(1)   Evacuate Collection Set: 8.2ms
[2022-07-21T19:04:09.707+0800][gc,phases    ] GC(1)   Post Evacuate Collection Set: 1.1ms
[2022-07-21T19:04:09.707+0800][gc,phases    ] GC(1)   Other: 0.2ms
[2022-07-21T19:04:09.707+0800][gc,heap      ] GC(1) Eden regions: 88->0(247)
[2022-07-21T19:04:09.707+0800][gc,heap      ] GC(1) Survivor regions: 7->9(32)
[2022-07-21T19:04:09.707+0800][gc,heap      ] GC(1) Old regions: 2->2
[2022-07-21T19:04:09.707+0800][gc,heap      ] GC(1) Humongous regions: 0->0
[2022-07-21T19:04:09.707+0800][gc,metaspace ] GC(1) Metaspace: 20536K->20536K(1067008K)
[2022-07-21T19:04:09.707+0800][gc           ] GC(1) Pause Young (Concurrent Start) (Metadata GC Threshold) 95M->9M(512M) 9.778ms
[2022-07-21T19:04:09.707+0800][gc,cpu       ] GC(1) User=0.06s Sys=0.00s Real=0.01s
[2022-07-21T19:04:09.707+0800][gc           ] GC(2) Concurrent Cycle
[2022-07-21T19:04:09.707+0800][gc,marking   ] GC(2) Concurrent Clear Claimed Marks
[2022-07-21T19:04:09.707+0800][gc,marking   ] GC(2) Concurrent Clear Claimed Marks 0.079ms
[2022-07-21T19:04:09.707+0800][gc,marking   ] GC(2) Concurrent Scan Root Regions
[2022-07-21T19:04:09.710+0800][gc,marking   ] GC(2) Concurrent Scan Root Regions 3.206ms
[2022-07-21T19:04:09.711+0800][gc,marking   ] GC(2) Concurrent Mark (2.130s)
[2022-07-21T19:04:09.711+0800][gc,marking   ] GC(2) Concurrent Mark From Roots
[2022-07-21T19:04:09.711+0800][gc,task      ] GC(2) Using 2 workers of 2 for marking
[2022-07-21T19:04:09.716+0800][gc,marking   ] GC(2) Concurrent Mark From Roots 5.318ms
[2022-07-21T19:04:09.716+0800][gc,marking   ] GC(2) Concurrent Preclean
[2022-07-21T19:04:09.716+0800][gc,marking   ] GC(2) Concurrent Preclean 0.125ms
[2022-07-21T19:04:09.716+0800][gc,marking   ] GC(2) Concurrent Mark (2.130s, 2.136s) 5.617ms
[2022-07-21T19:04:09.717+0800][gc,start     ] GC(2) Pause Remark
[2022-07-21T19:04:09.719+0800][gc,stringtable] GC(2) Cleaned string and symbol table, strings: 9362 processed, 0 removed, symbols: 56261 processed, 111 removed
[2022-07-21T19:04:09.719+0800][gc            ] GC(2) Pause Remark 11M->11M(512M) 2.569ms
[2022-07-21T19:04:09.719+0800][gc,cpu        ] GC(2) User=0.01s Sys=0.01s Real=0.00s
[2022-07-21T19:04:09.719+0800][gc,marking    ] GC(2) Concurrent Rebuild Remembered Sets
[2022-07-21T19:04:09.720+0800][gc,marking    ] GC(2) Concurrent Rebuild Remembered Sets 0.756ms
[2022-07-21T19:04:09.721+0800][gc,start      ] GC(2) Pause Cleanup
[2022-07-21T19:04:09.721+0800][gc            ] GC(2) Pause Cleanup 11M->11M(512M) 0.276ms
[2022-07-21T19:04:09.721+0800][gc,cpu        ] GC(2) User=0.00s Sys=0.00s Real=0.00s
[2022-07-21T19:04:09.721+0800][gc,marking    ] GC(2) Concurrent Cleanup for Next Mark
[2022-07-21T19:04:09.728+0800][gc,marking    ] GC(2) Concurrent Cleanup for Next Mark 6.609ms
[2022-07-21T19:04:09.728+0800][gc            ] GC(2) Concurrent Cycle 20.578ms
[2022-07-21T19:04:11.004+0800][gc,start      ] GC(3) Pause Young (Normal) (G1 Evacuation Pause)
[2022-07-21T19:04:11.004+0800][gc,task       ] GC(3) Using 8 workers of 8 for evacuation
[2022-07-21T19:04:11.028+0800][gc,phases     ] GC(3)   Pre Evacuate Collection Set: 0.0ms
[2022-07-21T19:04:11.028+0800][gc,phases     ] GC(3)   Evacuate Collection Set: 23.1ms
[2022-07-21T19:04:11.028+0800][gc,phases     ] GC(3)   Post Evacuate Collection Set: 1.2ms
[2022-07-21T19:04:11.028+0800][gc,phases     ] GC(3)   Other: 0.2ms
[2022-07-21T19:04:11.028+0800][gc,heap       ] GC(3) Eden regions: 247->0(239)
[2022-07-21T19:04:11.028+0800][gc,heap       ] GC(3) Survivor regions: 9->17(32)
[2022-07-21T19:04:11.028+0800][gc,heap       ] GC(3) Old regions: 2->2
[2022-07-21T19:04:11.028+0800][gc,heap       ] GC(3) Humongous regions: 0->0
[2022-07-21T19:04:11.028+0800][gc,metaspace  ] GC(3) Metaspace: 23301K->23301K(1071104K)
[2022-07-21T19:04:11.028+0800][gc            ] GC(3) Pause Young (Normal) (G1 Evacuation Pause) 256M->17M(512M) 24.698ms
[2022-07-21T19:04:11.028+0800][gc,cpu        ] GC(3) User=0.18s Sys=0.00s Real=0.02s
[2022-07-21T19:04:11.932+0800][gc,start      ] GC(4) Pause Young (Normal) (G1 Evacuation Pause)
[2022-07-21T19:04:11.932+0800][gc,task       ] GC(4) Using 8 workers of 8 for evacuation
[2022-07-21T19:04:11.957+0800][gc,phases     ] GC(4)   Pre Evacuate Collection Set: 0.0ms
[2022-07-21T19:04:11.957+0800][gc,phases     ] GC(4)   Evacuate Collection Set: 23.8ms
[2022-07-21T19:04:11.957+0800][gc,phases     ] GC(4)   Post Evacuate Collection Set: 1.1ms
[2022-07-21T19:04:11.957+0800][gc,phases     ] GC(4)   Other: 0.2ms
[2022-07-21T19:04:11.958+0800][gc,heap       ] GC(4) Eden regions: 239->0(230)
[2022-07-21T19:04:11.958+0800][gc,heap       ] GC(4) Survivor regions: 17->26(32)
[2022-07-21T19:04:11.958+0800][gc,heap       ] GC(4) Old regions: 2->2
[2022-07-21T19:04:11.958+0800][gc,heap       ] GC(4) Humongous regions: 0->0
[2022-07-21T19:04:11.958+0800][gc,metaspace  ] GC(4) Metaspace: 23789K->23789K(1071104K)
[2022-07-21T19:04:11.958+0800][gc            ] GC(4) Pause Young (Normal) (G1 Evacuation Pause) 256M->26M(512M) 25.205ms
[2022-07-21T19:04:11.958+0800][gc,cpu        ] GC(4) User=0.19s Sys=0.01s Real=0.03s
[2022-07-21T19:04:12.734+0800][gc,start      ] GC(5) Pause Young (Normal) (G1 Evacuation Pause)
[2022-07-21T19:04:12.735+0800][gc,task       ] GC(5) Using 8 workers of 8 for evacuation
[2022-07-21T19:04:12.758+0800][gc,phases     ] GC(5)   Pre Evacuate Collection Set: 0.0ms
[2022-07-21T19:04:12.758+0800][gc,phases     ] GC(5)   Evacuate Collection Set: 21.8ms
[2022-07-21T19:04:12.758+0800][gc,phases     ] GC(5)   Post Evacuate Collection Set: 1.0ms
[2022-07-21T19:04:12.758+0800][gc,phases     ] GC(5)   Other: 0.2ms
[2022-07-21T19:04:12.758+0800][gc,heap       ] GC(5) Eden regions: 230->0(235)
[2022-07-21T19:04:12.758+0800][gc,heap       ] GC(5) Survivor regions: 26->21(32)
[2022-07-21T19:04:12.758+0800][gc,heap       ] GC(5) Old regions: 2->10
[2022-07-21T19:04:12.758+0800][gc,heap       ] GC(5) Humongous regions: 0->0
[2022-07-21T19:04:12.758+0800][gc,metaspace  ] GC(5) Metaspace: 25958K->25958K(1073152K)
[2022-07-21T19:04:12.758+0800][gc            ] GC(5) Pause Young (Normal) (G1 Evacuation Pause) 256M->28M(512M) 23.277ms
[2022-07-21T19:04:12.758+0800][gc,cpu        ] GC(5) User=0.15s Sys=0.01s Real=0.02s
[2022-07-21T19:04:14.334+0800][gc,start      ] GC(6) Pause Young (Normal) (G1 Evacuation Pause)
[2022-07-21T19:04:14.334+0800][gc,task       ] GC(6) Using 8 workers of 8 for evacuation
[2022-07-21T19:04:14.353+0800][gc,phases     ] GC(6)   Pre Evacuate Collection Set: 0.0ms
[2022-07-21T19:04:14.353+0800][gc,phases     ] GC(6)   Evacuate Collection Set: 17.9ms
[2022-07-21T19:04:14.353+0800][gc,phases     ] GC(6)   Post Evacuate Collection Set: 1.1ms
[2022-07-21T19:04:14.353+0800][gc,phases     ] GC(6)   Other: 0.3ms
[2022-07-21T19:04:14.353+0800][gc,heap       ] GC(6) Eden regions: 235->0(240)
[2022-07-21T19:04:14.353+0800][gc,heap       ] GC(6) Survivor regions: 21->16(32)
[2022-07-21T19:04:14.353+0800][gc,heap       ] GC(6) Old regions: 10->18
[2022-07-21T19:04:14.353+0800][gc,heap       ] GC(6) Humongous regions: 0->0
[2022-07-21T19:04:14.353+0800][gc,metaspace  ] GC(6) Metaspace: 31023K->31023K(1077248K)
[2022-07-21T19:04:14.353+0800][gc            ] GC(6) Pause Young (Normal) (G1 Evacuation Pause) 263M->32M(512M) 19.483ms
[2022-07-21T19:04:14.353+0800][gc,cpu        ] GC(6) User=0.14s Sys=0.00s Real=0.01s
[2022-07-21T19:04:15.254+0800][gc,start      ] GC(7) Pause Young (Concurrent Start) (Metadata GC Threshold)
[2022-07-21T19:04:15.254+0800][gc,task       ] GC(7) Using 8 workers of 8 for evacuation
[2022-07-21T19:04:15.270+0800][gc,phases     ] GC(7)   Pre Evacuate Collection Set: 0.1ms
[2022-07-21T19:04:15.270+0800][gc,phases     ] GC(7)   Evacuate Collection Set: 14.9ms
[2022-07-21T19:04:15.270+0800][gc,phases     ] GC(7)   Post Evacuate Collection Set: 1.0ms
[2022-07-21T19:04:15.270+0800][gc,phases     ] GC(7)   Other: 0.3ms
[2022-07-21T19:04:15.270+0800][gc,heap       ] GC(7) Eden regions: 144->0(238)
[2022-07-21T19:04:15.270+0800][gc,heap       ] GC(7) Survivor regions: 16->18(32)
[2022-07-21T19:04:15.270+0800][gc,heap       ] GC(7) Old regions: 18->18
[2022-07-21T19:04:15.270+0800][gc,heap       ] GC(7) Humongous regions: 0->0
[2022-07-21T19:04:15.270+0800][gc,metaspace  ] GC(7) Metaspace: 34763K->34763K(1081344K)
[2022-07-21T19:04:15.270+0800][gc            ] GC(7) Pause Young (Concurrent Start) (Metadata GC Threshold) 176M->34M(512M) 16.507ms
[2022-07-21T19:04:15.270+0800][gc,cpu        ] GC(7) User=0.10s Sys=0.01s Real=0.01s
[2022-07-21T19:04:15.270+0800][gc            ] GC(8) Concurrent Cycle
[2022-07-21T19:04:15.270+0800][gc,marking    ] GC(8) Concurrent Clear Claimed Marks
[2022-07-21T19:04:15.271+0800][gc,marking    ] GC(8) Concurrent Clear Claimed Marks 0.144ms
[2022-07-21T19:04:15.271+0800][gc,marking    ] GC(8) Concurrent Scan Root Regions
[2022-07-21T19:04:15.282+0800][gc,marking    ] GC(8) Concurrent Scan Root Regions 11.231ms
[2022-07-21T19:04:15.282+0800][gc,marking    ] GC(8) Concurrent Mark (7.702s)
[2022-07-21T19:04:15.282+0800][gc,marking    ] GC(8) Concurrent Mark From Roots
[2022-07-21T19:04:15.282+0800][gc,task       ] GC(8) Using 2 workers of 2 for marking
[2022-07-21T19:04:15.305+0800][gc,marking    ] GC(8) Concurrent Mark From Roots 23.563ms
[2022-07-21T19:04:15.306+0800][gc,marking    ] GC(8) Concurrent Preclean
[2022-07-21T19:04:15.306+0800][gc,marking    ] GC(8) Concurrent Preclean 0.163ms
[2022-07-21T19:04:15.306+0800][gc,marking    ] GC(8) Concurrent Mark (7.702s, 7.726s) 23.877ms
[2022-07-21T19:04:15.306+0800][gc,start      ] GC(8) Pause Remark
[2022-07-21T19:04:15.318+0800][gc,stringtable] GC(8) Cleaned string and symbol table, strings: 16485 processed, 36 removed, symbols: 98240 processed, 328 removed
[2022-07-21T19:04:15.318+0800][gc            ] GC(8) Pause Remark 36M->36M(512M) 12.140ms
[2022-07-21T19:04:15.318+0800][gc,cpu        ] GC(8) User=0.07s Sys=0.00s Real=0.01s
[2022-07-21T19:04:15.318+0800][gc,marking    ] GC(8) Concurrent Rebuild Remembered Sets
[2022-07-21T19:04:15.330+0800][gc,marking    ] GC(8) Concurrent Rebuild Remembered Sets 11.310ms
[2022-07-21T19:04:15.333+0800][gc,start      ] GC(8) Pause Cleanup
[2022-07-21T19:04:15.334+0800][gc            ] GC(8) Pause Cleanup 37M->37M(512M) 0.363ms
[2022-07-21T19:04:15.334+0800][gc,cpu        ] GC(8) User=0.01s Sys=0.00s Real=0.01s
[2022-07-21T19:04:15.334+0800][gc,marking    ] GC(8) Concurrent Cleanup for Next Mark
[2022-07-21T19:04:15.338+0800][gc,marking    ] GC(8) Concurrent Cleanup for Next Mark 3.885ms
[2022-07-21T19:04:15.338+0800][gc            ] GC(8) Concurrent Cycle 67.216ms
[2022-07-21T19:04:17.799+0800][gc,start      ] GC(9) Pause Young (Normal) (G1 Evacuation Pause)
[2022-07-21T19:04:17.799+0800][gc,task       ] GC(9) Using 8 workers of 8 for evacuation
[2022-07-21T19:04:17.825+0800][gc,phases     ] GC(9)   Pre Evacuate Collection Set: 0.0ms
[2022-07-21T19:04:17.825+0800][gc,phases     ] GC(9)   Evacuate Collection Set: 23.8ms
[2022-07-21T19:04:17.825+0800][gc,phases     ] GC(9)   Post Evacuate Collection Set: 1.8ms
[2022-07-21T19:04:17.825+0800][gc,phases     ] GC(9)   Other: 0.3ms
[2022-07-21T19:04:17.825+0800][gc,heap       ] GC(9) Eden regions: 238->0(237)
[2022-07-21T19:04:17.825+0800][gc,heap       ] GC(9) Survivor regions: 18->19(32)
[2022-07-21T19:04:17.825+0800][gc,heap       ] GC(9) Old regions: 18->26
[2022-07-21T19:04:17.825+0800][gc,heap       ] GC(9) Humongous regions: 5->5
[2022-07-21T19:04:17.825+0800][gc,metaspace  ] GC(9) Metaspace: 46862K->46862K(1091584K)
[2022-07-21T19:04:17.825+0800][gc            ] GC(9) Pause Young (Normal) (G1 Evacuation Pause) 277M->48M(512M) 26.036ms
[2022-07-21T19:04:17.825+0800][gc,cpu        ] GC(9) User=0.21s Sys=0.00s Real=0.03s
