[2022-07-21T19:39:40.649+0800][gc,heap] Heap region size: 1M
[2022-07-21T19:39:40.654+0800][gc     ] Using G1
[2022-07-21T19:39:40.654+0800][gc,heap,coops] Heap address: 0x00000000e0000000, size: 512 MB, Compressed Oops mode: 32-bit
[2022-07-21T19:39:40.654+0800][gc,cds       ] Mark closed archive regions in map: [0x00000000fff00000, 0x00000000fff6aff8]
[2022-07-21T19:39:40.654+0800][gc,cds       ] Mark open archive regions in map: [0x00000000ffe00000, 0x00000000ffe46ff8]
[2022-07-21T19:39:43.964+0800][gc,start     ] GC(0) Pause Young (Normal) (GCLocker Initiated GC)
[2022-07-21T19:39:43.965+0800][gc,task      ] GC(0) Using 8 workers of 8 for evacuation
[2022-07-21T19:39:43.985+0800][gc,phases    ] GC(0)   Pre Evacuate Collection Set: 0.0ms
[2022-07-21T19:39:43.985+0800][gc,phases    ] GC(0)   Evacuate Collection Set: 16.5ms
[2022-07-21T19:39:43.985+0800][gc,phases    ] GC(0)   Post Evacuate Collection Set: 2.9ms
[2022-07-21T19:39:43.985+0800][gc,phases    ] GC(0)   Other: 1.5ms
[2022-07-21T19:39:43.985+0800][gc,heap      ] GC(0) Eden regions: 257->0(249)
[2022-07-21T19:39:43.985+0800][gc,heap      ] GC(0) Survivor regions: 0->7(32)
[2022-07-21T19:39:43.985+0800][gc,heap      ] GC(0) Old regions: 2->2
[2022-07-21T19:39:43.985+0800][gc,heap      ] GC(0) Humongous regions: 3->0
[2022-07-21T19:39:43.985+0800][gc,metaspace ] GC(0) Metaspace: 16710K->16710K(1064960K)
[2022-07-21T19:39:43.985+0800][gc           ] GC(0) Pause Young (Normal) (GCLocker Initiated GC) 259M->7M(512M) 20.997ms
[2022-07-21T19:39:43.985+0800][gc,cpu       ] GC(0) User=0.14s Sys=0.00s Real=0.02s
[2022-07-21T19:39:44.460+0800][gc,start     ] GC(1) Pause Young (Concurrent Start) (Metadata GC Threshold)
[2022-07-21T19:39:44.460+0800][gc,task      ] GC(1) Using 8 workers of 8 for evacuation
[2022-07-21T19:39:44.484+0800][gc,phases    ] GC(1)   Pre Evacuate Collection Set: 0.1ms
[2022-07-21T19:39:44.484+0800][gc,phases    ] GC(1)   Evacuate Collection Set: 21.1ms
[2022-07-21T19:39:44.484+0800][gc,phases    ] GC(1)   Post Evacuate Collection Set: 2.9ms
[2022-07-21T19:39:44.484+0800][gc,phases    ] GC(1)   Other: 0.4ms
[2022-07-21T19:39:44.484+0800][gc,heap      ] GC(1) Eden regions: 95->0(247)
[2022-07-21T19:39:44.484+0800][gc,heap      ] GC(1) Survivor regions: 7->9(32)
[2022-07-21T19:39:44.484+0800][gc,heap      ] GC(1) Old regions: 2->2
[2022-07-21T19:39:44.484+0800][gc,heap      ] GC(1) Humongous regions: 0->0
[2022-07-21T19:39:44.484+0800][gc,metaspace ] GC(1) Metaspace: 20552K->20552K(1067008K)
[2022-07-21T19:39:44.484+0800][gc           ] GC(1) Pause Young (Concurrent Start) (Metadata GC Threshold) 102M->9M(512M) 24.744ms
[2022-07-21T19:39:44.484+0800][gc,cpu       ] GC(1) User=0.18s Sys=0.02s Real=0.03s
[2022-07-21T19:39:44.485+0800][gc           ] GC(2) Concurrent Cycle
[2022-07-21T19:39:44.485+0800][gc,marking   ] GC(2) Concurrent Clear Claimed Marks
[2022-07-21T19:39:44.485+0800][gc,marking   ] GC(2) Concurrent Clear Claimed Marks 0.077ms
[2022-07-21T19:39:44.485+0800][gc,marking   ] GC(2) Concurrent Scan Root Regions
[2022-07-21T19:39:44.493+0800][gc,marking   ] GC(2) Concurrent Scan Root Regions 8.388ms
[2022-07-21T19:39:44.493+0800][gc,marking   ] GC(2) Concurrent Mark (3.847s)
[2022-07-21T19:39:44.493+0800][gc,marking   ] GC(2) Concurrent Mark From Roots
[2022-07-21T19:39:44.493+0800][gc,task      ] GC(2) Using 2 workers of 2 for marking
[2022-07-21T19:39:44.495+0800][gc,marking   ] GC(2) Concurrent Mark From Roots 1.761ms
[2022-07-21T19:39:44.495+0800][gc,marking   ] GC(2) Concurrent Preclean
[2022-07-21T19:39:44.495+0800][gc,marking   ] GC(2) Concurrent Preclean 0.147ms
[2022-07-21T19:39:44.495+0800][gc,marking   ] GC(2) Concurrent Mark (3.847s, 3.849s) 2.075ms
[2022-07-21T19:39:44.496+0800][gc,start     ] GC(2) Pause Remark
[2022-07-21T19:39:44.502+0800][gc,stringtable] GC(2) Cleaned string and symbol table, strings: 9340 processed, 0 removed, symbols: 56052 processed, 111 removed
[2022-07-21T19:39:44.503+0800][gc            ] GC(2) Pause Remark 10M->10M(512M) 7.187ms
[2022-07-21T19:39:44.503+0800][gc,cpu        ] GC(2) User=0.03s Sys=0.00s Real=0.00s
[2022-07-21T19:39:44.503+0800][gc,marking    ] GC(2) Concurrent Rebuild Remembered Sets
[2022-07-21T19:39:44.505+0800][gc,marking    ] GC(2) Concurrent Rebuild Remembered Sets 2.234ms
[2022-07-21T19:39:44.507+0800][gc,start      ] GC(2) Pause Cleanup
[2022-07-21T19:39:44.508+0800][gc            ] GC(2) Pause Cleanup 10M->10M(512M) 1.055ms
[2022-07-21T19:39:44.508+0800][gc,cpu        ] GC(2) User=0.00s Sys=0.01s Real=0.00s
[2022-07-21T19:39:44.508+0800][gc,marking    ] GC(2) Concurrent Cleanup for Next Mark
[2022-07-21T19:39:44.512+0800][gc,marking    ] GC(2) Concurrent Cleanup for Next Mark 4.123ms
[2022-07-21T19:39:44.512+0800][gc            ] GC(2) Concurrent Cycle 27.743ms
[2022-07-21T19:39:46.288+0800][gc,start      ] GC(3) Pause Young (Normal) (G1 Evacuation Pause)
[2022-07-21T19:39:46.288+0800][gc,task       ] GC(3) Using 8 workers of 8 for evacuation
[2022-07-21T19:39:46.417+0800][gc,phases     ] GC(3)   Pre Evacuate Collection Set: 0.0ms
[2022-07-21T19:39:46.417+0800][gc,phases     ] GC(3)   Evacuate Collection Set: 127.8ms
[2022-07-21T19:39:46.417+0800][gc,phases     ] GC(3)   Post Evacuate Collection Set: 1.1ms
[2022-07-21T19:39:46.417+0800][gc,phases     ] GC(3)   Other: 0.2ms
[2022-07-21T19:39:46.418+0800][gc,heap       ] GC(3) Eden regions: 247->0(239)
[2022-07-21T19:39:46.418+0800][gc,heap       ] GC(3) Survivor regions: 9->17(32)
[2022-07-21T19:39:46.418+0800][gc,heap       ] GC(3) Old regions: 2->2
[2022-07-21T19:39:46.418+0800][gc,heap       ] GC(3) Humongous regions: 0->0
[2022-07-21T19:39:46.418+0800][gc,metaspace  ] GC(3) Metaspace: 23276K->23276K(1071104K)
[2022-07-21T19:39:46.418+0800][gc            ] GC(3) Pause Young (Normal) (G1 Evacuation Pause) 256M->17M(512M) 129.381ms
[2022-07-21T19:39:46.418+0800][gc,cpu        ] GC(3) User=0.98s Sys=0.02s Real=0.13s
[2022-07-21T19:39:47.787+0800][gc,start      ] GC(4) Pause Young (Normal) (G1 Evacuation Pause)
[2022-07-21T19:39:47.787+0800][gc,task       ] GC(4) Using 8 workers of 8 for evacuation
[2022-07-21T19:39:48.027+0800][gc,mmu        ] GC(4) MMU target violated: 201.0ms (200.0ms/201.0ms)
[2022-07-21T19:39:48.027+0800][gc,phases     ] GC(4)   Pre Evacuate Collection Set: 0.0ms
[2022-07-21T19:39:48.027+0800][gc,phases     ] GC(4)   Evacuate Collection Set: 238.4ms
[2022-07-21T19:39:48.027+0800][gc,phases     ] GC(4)   Post Evacuate Collection Set: 1.2ms
[2022-07-21T19:39:48.027+0800][gc,phases     ] GC(4)   Other: 0.4ms
[2022-07-21T19:39:48.027+0800][gc,heap       ] GC(4) Eden regions: 239->0(231)
[2022-07-21T19:39:48.027+0800][gc,heap       ] GC(4) Survivor regions: 17->25(32)
[2022-07-21T19:39:48.027+0800][gc,heap       ] GC(4) Old regions: 2->2
[2022-07-21T19:39:48.027+0800][gc,heap       ] GC(4) Humongous regions: 0->0
[2022-07-21T19:39:48.027+0800][gc,metaspace  ] GC(4) Metaspace: 23882K->23882K(1071104K)
[2022-07-21T19:39:48.027+0800][gc            ] GC(4) Pause Young (Normal) (G1 Evacuation Pause) 256M->25M(512M) 240.137ms
[2022-07-21T19:39:48.027+0800][gc,cpu        ] GC(4) User=1.17s Sys=0.15s Real=0.24s
[2022-07-21T19:39:49.267+0800][gc,start      ] GC(5) Pause Young (Normal) (G1 Evacuation Pause)
[2022-07-21T19:39:49.267+0800][gc,task       ] GC(5) Using 8 workers of 8 for evacuation
[2022-07-21T19:39:49.307+0800][gc,phases     ] GC(5)   Pre Evacuate Collection Set: 0.0ms
[2022-07-21T19:39:49.308+0800][gc,phases     ] GC(5)   Evacuate Collection Set: 39.1ms
[2022-07-21T19:39:49.308+0800][gc,phases     ] GC(5)   Post Evacuate Collection Set: 1.5ms
[2022-07-21T19:39:49.308+0800][gc,phases     ] GC(5)   Other: 0.3ms
[2022-07-21T19:39:49.308+0800][gc,heap       ] GC(5) Eden regions: 231->0(235)
[2022-07-21T19:39:49.308+0800][gc,heap       ] GC(5) Survivor regions: 25->21(32)
[2022-07-21T19:39:49.308+0800][gc,heap       ] GC(5) Old regions: 2->10
[2022-07-21T19:39:49.308+0800][gc,heap       ] GC(5) Humongous regions: 0->0
[2022-07-21T19:39:49.308+0800][gc,metaspace  ] GC(5) Metaspace: 25945K->25945K(1073152K)
[2022-07-21T19:39:49.308+0800][gc            ] GC(5) Pause Young (Normal) (G1 Evacuation Pause) 256M->29M(512M) 41.166ms
[2022-07-21T19:39:49.308+0800][gc,cpu        ] GC(5) User=0.24s Sys=0.02s Real=0.04s
[2022-07-21T19:39:51.143+0800][gc,start      ] GC(6) Pause Young (Normal) (G1 Evacuation Pause)
[2022-07-21T19:39:51.143+0800][gc,task       ] GC(6) Using 8 workers of 8 for evacuation
[2022-07-21T19:39:51.172+0800][gc,phases     ] GC(6)   Pre Evacuate Collection Set: 0.0ms
[2022-07-21T19:39:51.172+0800][gc,phases     ] GC(6)   Evacuate Collection Set: 27.3ms
[2022-07-21T19:39:51.172+0800][gc,phases     ] GC(6)   Post Evacuate Collection Set: 1.2ms
[2022-07-21T19:39:51.172+0800][gc,phases     ] GC(6)   Other: 0.3ms
[2022-07-21T19:39:51.172+0800][gc,heap       ] GC(6) Eden regions: 235->0(240)
[2022-07-21T19:39:51.172+0800][gc,heap       ] GC(6) Survivor regions: 21->16(32)
[2022-07-21T19:39:51.172+0800][gc,heap       ] GC(6) Old regions: 10->18
[2022-07-21T19:39:51.172+0800][gc,heap       ] GC(6) Humongous regions: 0->0
[2022-07-21T19:39:51.172+0800][gc,metaspace  ] GC(6) Metaspace: 30982K->30982K(1077248K)
[2022-07-21T19:39:51.172+0800][gc            ] GC(6) Pause Young (Normal) (G1 Evacuation Pause) 264M->32M(512M) 29.026ms
[2022-07-21T19:39:51.172+0800][gc,cpu        ] GC(6) User=0.22s Sys=0.01s Real=0.03s
[2022-07-21T19:39:52.013+0800][gc,start      ] GC(7) Pause Young (Concurrent Start) (Metadata GC Threshold)
[2022-07-21T19:39:52.013+0800][gc,task       ] GC(7) Using 8 workers of 8 for evacuation
[2022-07-21T19:39:52.031+0800][gc,phases     ] GC(7)   Pre Evacuate Collection Set: 0.1ms
[2022-07-21T19:39:52.031+0800][gc,phases     ] GC(7)   Evacuate Collection Set: 17.2ms
[2022-07-21T19:39:52.031+0800][gc,phases     ] GC(7)   Post Evacuate Collection Set: 1.1ms
[2022-07-21T19:39:52.031+0800][gc,phases     ] GC(7)   Other: 0.3ms
[2022-07-21T19:39:52.031+0800][gc,heap       ] GC(7) Eden regions: 143->0(238)
[2022-07-21T19:39:52.031+0800][gc,heap       ] GC(7) Survivor regions: 16->18(32)
[2022-07-21T19:39:52.031+0800][gc,heap       ] GC(7) Old regions: 18->18
[2022-07-21T19:39:52.032+0800][gc,heap       ] GC(7) Humongous regions: 0->0
[2022-07-21T19:39:52.032+0800][gc,metaspace  ] GC(7) Metaspace: 34672K->34672K(1081344K)
[2022-07-21T19:39:52.032+0800][gc            ] GC(7) Pause Young (Concurrent Start) (Metadata GC Threshold) 175M->34M(512M) 18.909ms
[2022-07-21T19:39:52.032+0800][gc,cpu        ] GC(7) User=0.14s Sys=0.01s Real=0.02s
[2022-07-21T19:39:52.032+0800][gc            ] GC(8) Concurrent Cycle
[2022-07-21T19:39:52.032+0800][gc,marking    ] GC(8) Concurrent Clear Claimed Marks
[2022-07-21T19:39:52.032+0800][gc,marking    ] GC(8) Concurrent Clear Claimed Marks 0.141ms
[2022-07-21T19:39:52.032+0800][gc,marking    ] GC(8) Concurrent Scan Root Regions
[2022-07-21T19:39:52.041+0800][gc,marking    ] GC(8) Concurrent Scan Root Regions 8.798ms
[2022-07-21T19:39:52.041+0800][gc,marking    ] GC(8) Concurrent Mark (11.395s)
[2022-07-21T19:39:52.041+0800][gc,marking    ] GC(8) Concurrent Mark From Roots
[2022-07-21T19:39:52.041+0800][gc,task       ] GC(8) Using 2 workers of 2 for marking
[2022-07-21T19:39:52.061+0800][gc,marking    ] GC(8) Concurrent Mark From Roots 20.435ms
[2022-07-21T19:39:52.061+0800][gc,marking    ] GC(8) Concurrent Preclean
[2022-07-21T19:39:52.062+0800][gc,marking    ] GC(8) Concurrent Preclean 0.163ms
[2022-07-21T19:39:52.062+0800][gc,marking    ] GC(8) Concurrent Mark (11.395s, 11.415s) 20.753ms
[2022-07-21T19:39:52.062+0800][gc,start      ] GC(8) Pause Remark
[2022-07-21T19:39:52.069+0800][gc,stringtable] GC(8) Cleaned string and symbol table, strings: 16483 processed, 36 removed, symbols: 98243 processed, 328 removed
[2022-07-21T19:39:52.070+0800][gc            ] GC(8) Pause Remark 37M->37M(512M) 7.927ms
[2022-07-21T19:39:52.070+0800][gc,cpu        ] GC(8) User=0.05s Sys=0.00s Real=0.01s
[2022-07-21T19:39:52.070+0800][gc,marking    ] GC(8) Concurrent Rebuild Remembered Sets
[2022-07-21T19:39:52.080+0800][gc,marking    ] GC(8) Concurrent Rebuild Remembered Sets 10.421ms
[2022-07-21T19:39:52.081+0800][gc,start      ] GC(8) Pause Cleanup
[2022-07-21T19:39:52.081+0800][gc            ] GC(8) Pause Cleanup 37M->37M(512M) 0.298ms
[2022-07-21T19:39:52.081+0800][gc,cpu        ] GC(8) User=0.01s Sys=0.00s Real=0.00s
[2022-07-21T19:39:52.081+0800][gc,marking    ] GC(8) Concurrent Cleanup for Next Mark
[2022-07-21T19:39:52.366+0800][gc,marking    ] GC(8) Concurrent Cleanup for Next Mark 284.604ms
[2022-07-21T19:39:52.366+0800][gc            ] GC(8) Concurrent Cycle 334.323ms
[2022-07-21T19:39:55.510+0800][gc,start      ] GC(9) Pause Young (Normal) (G1 Evacuation Pause)
[2022-07-21T19:39:55.510+0800][gc,task       ] GC(9) Using 8 workers of 8 for evacuation
[2022-07-21T19:39:55.556+0800][gc,phases     ] GC(9)   Pre Evacuate Collection Set: 0.0ms
[2022-07-21T19:39:55.556+0800][gc,phases     ] GC(9)   Evacuate Collection Set: 41.1ms
[2022-07-21T19:39:55.556+0800][gc,phases     ] GC(9)   Post Evacuate Collection Set: 4.6ms
[2022-07-21T19:39:55.556+0800][gc,phases     ] GC(9)   Other: 0.6ms
[2022-07-21T19:39:55.556+0800][gc,heap       ] GC(9) Eden regions: 238->0(236)
[2022-07-21T19:39:55.556+0800][gc,heap       ] GC(9) Survivor regions: 18->20(32)
[2022-07-21T19:39:55.556+0800][gc,heap       ] GC(9) Old regions: 18->26
[2022-07-21T19:39:55.556+0800][gc,heap       ] GC(9) Humongous regions: 5->5
[2022-07-21T19:39:55.556+0800][gc,metaspace  ] GC(9) Metaspace: 46653K->46653K(1091584K)
[2022-07-21T19:39:55.556+0800][gc            ] GC(9) Pause Young (Normal) (G1 Evacuation Pause) 277M->49M(512M) 46.486ms
[2022-07-21T19:39:55.556+0800][gc,cpu        ] GC(9) User=0.23s Sys=0.04s Real=0.05s
