[2022-07-21T19:38:48.136+0800][gc,heap] Heap region size: 1M
[2022-07-21T19:38:48.141+0800][gc     ] Using G1
[2022-07-21T19:38:48.141+0800][gc,heap,coops] Heap address: 0x00000000e0000000, size: 512 MB, Compressed Oops mode: 32-bit
[2022-07-21T19:38:48.141+0800][gc,cds       ] Mark closed archive regions in map: [0x00000000fff00000, 0x00000000fff6aff8]
[2022-07-21T19:38:48.142+0800][gc,cds       ] Mark open archive regions in map: [0x00000000ffe00000, 0x00000000ffe46ff8]
[2022-07-21T19:38:50.030+0800][gc,start     ] GC(0) Pause Young (Normal) (G1 Evacuation Pause)
[2022-07-21T19:38:50.031+0800][gc,task      ] GC(0) Using 8 workers of 8 for evacuation
[2022-07-21T19:38:50.055+0800][gc,phases    ] GC(0)   Pre Evacuate Collection Set: 0.0ms
[2022-07-21T19:38:50.055+0800][gc,phases    ] GC(0)   Evacuate Collection Set: 20.6ms
[2022-07-21T19:38:50.055+0800][gc,phases    ] GC(0)   Post Evacuate Collection Set: 3.5ms
[2022-07-21T19:38:50.055+0800][gc,phases    ] GC(0)   Other: 1.2ms
[2022-07-21T19:38:50.055+0800][gc,heap      ] GC(0) Eden regions: 256->0(249)
[2022-07-21T19:38:50.055+0800][gc,heap      ] GC(0) Survivor regions: 0->7(32)
[2022-07-21T19:38:50.055+0800][gc,heap      ] GC(0) Old regions: 2->2
[2022-07-21T19:38:50.055+0800][gc,heap      ] GC(0) Humongous regions: 3->0
[2022-07-21T19:38:50.056+0800][gc,metaspace ] GC(0) Metaspace: 16753K->16753K(1064960K)
[2022-07-21T19:38:50.056+0800][gc           ] GC(0) Pause Young (Normal) (G1 Evacuation Pause) 259M->7M(512M) 25.589ms
[2022-07-21T19:38:50.056+0800][gc,cpu       ] GC(0) User=0.12s Sys=0.04s Real=0.03s
[2022-07-21T19:38:50.554+0800][gc,start     ] GC(1) Pause Young (Concurrent Start) (GCLocker Initiated GC)
[2022-07-21T19:38:50.554+0800][gc,task      ] GC(1) Using 8 workers of 8 for evacuation
[2022-07-21T19:38:50.591+0800][gc,phases    ] GC(1)   Pre Evacuate Collection Set: 0.1ms
[2022-07-21T19:38:50.591+0800][gc,phases    ] GC(1)   Evacuate Collection Set: 30.0ms
[2022-07-21T19:38:50.591+0800][gc,phases    ] GC(1)   Post Evacuate Collection Set: 6.7ms
[2022-07-21T19:38:50.591+0800][gc,phases    ] GC(1)   Other: 0.3ms
[2022-07-21T19:38:50.591+0800][gc,heap      ] GC(1) Eden regions: 98->0(247)
[2022-07-21T19:38:50.591+0800][gc,heap      ] GC(1) Survivor regions: 7->9(32)
[2022-07-21T19:38:50.591+0800][gc,heap      ] GC(1) Old regions: 2->2
[2022-07-21T19:38:50.591+0800][gc,heap      ] GC(1) Humongous regions: 0->0
[2022-07-21T19:38:50.591+0800][gc,metaspace ] GC(1) Metaspace: 20542K->20542K(1069056K)
[2022-07-21T19:38:50.591+0800][gc           ] GC(1) Pause Young (Concurrent Start) (GCLocker Initiated GC) 104M->9M(512M) 37.339ms
[2022-07-21T19:38:50.591+0800][gc,cpu       ] GC(1) User=0.17s Sys=0.00s Real=0.03s
[2022-07-21T19:38:50.591+0800][gc           ] GC(2) Concurrent Cycle
[2022-07-21T19:38:50.591+0800][gc,marking   ] GC(2) Concurrent Clear Claimed Marks
[2022-07-21T19:38:50.592+0800][gc,marking   ] GC(2) Concurrent Clear Claimed Marks 0.081ms
[2022-07-21T19:38:50.592+0800][gc,marking   ] GC(2) Concurrent Scan Root Regions
[2022-07-21T19:38:50.604+0800][gc,marking   ] GC(2) Concurrent Scan Root Regions 12.715ms
[2022-07-21T19:38:50.604+0800][gc,marking   ] GC(2) Concurrent Mark (2.473s)
[2022-07-21T19:38:50.604+0800][gc,marking   ] GC(2) Concurrent Mark From Roots
[2022-07-21T19:38:50.604+0800][gc,task      ] GC(2) Using 2 workers of 2 for marking
[2022-07-21T19:38:50.606+0800][gc,marking   ] GC(2) Concurrent Mark From Roots 1.927ms
[2022-07-21T19:38:50.606+0800][gc,marking   ] GC(2) Concurrent Preclean
[2022-07-21T19:38:50.607+0800][gc,marking   ] GC(2) Concurrent Preclean 0.171ms
[2022-07-21T19:38:50.607+0800][gc,marking   ] GC(2) Concurrent Mark (2.473s, 2.475s) 2.260ms
[2022-07-21T19:38:50.608+0800][gc,start     ] GC(2) Pause Remark
[2022-07-21T19:38:50.611+0800][gc,stringtable] GC(2) Cleaned string and symbol table, strings: 9362 processed, 0 removed, symbols: 56325 processed, 111 removed
[2022-07-21T19:38:50.612+0800][gc            ] GC(2) Pause Remark 11M->11M(512M) 4.047ms
[2022-07-21T19:38:50.612+0800][gc,cpu        ] GC(2) User=0.02s Sys=0.00s Real=0.00s
[2022-07-21T19:38:50.612+0800][gc,marking    ] GC(2) Concurrent Rebuild Remembered Sets
[2022-07-21T19:38:50.613+0800][gc,marking    ] GC(2) Concurrent Rebuild Remembered Sets 0.855ms
[2022-07-21T19:38:50.613+0800][gc,start      ] GC(2) Pause Cleanup
[2022-07-21T19:38:50.613+0800][gc            ] GC(2) Pause Cleanup 11M->11M(512M) 0.326ms
[2022-07-21T19:38:50.614+0800][gc,cpu        ] GC(2) User=0.00s Sys=0.00s Real=0.00s
[2022-07-21T19:38:50.614+0800][gc,marking    ] GC(2) Concurrent Cleanup for Next Mark
[2022-07-21T19:38:50.617+0800][gc,marking    ] GC(2) Concurrent Cleanup for Next Mark 2.689ms
[2022-07-21T19:38:50.617+0800][gc            ] GC(2) Concurrent Cycle 25.207ms
[2022-07-21T19:38:52.566+0800][gc,start      ] GC(3) Pause Young (Concurrent Start) (G1 Evacuation Pause)
[2022-07-21T19:38:52.566+0800][gc,task       ] GC(3) Using 8 workers of 8 for evacuation
[2022-07-21T19:38:54.263+0800][gc,mmu        ] GC(3) MMU target violated: 201.0ms (200.0ms/201.0ms)
[2022-07-21T19:38:54.264+0800][gc,phases     ] GC(3)   Pre Evacuate Collection Set: 0.1ms
[2022-07-21T19:38:54.264+0800][gc,phases     ] GC(3)   Evacuate Collection Set: 1695.7ms
[2022-07-21T19:38:54.264+0800][gc,phases     ] GC(3)   Post Evacuate Collection Set: 1.8ms
[2022-07-21T19:38:54.264+0800][gc,phases     ] GC(3)   Other: 0.4ms
[2022-07-21T19:38:54.264+0800][gc,heap       ] GC(3) Eden regions: 247->0(239)
[2022-07-21T19:38:54.264+0800][gc,heap       ] GC(3) Survivor regions: 9->17(32)
[2022-07-21T19:38:54.264+0800][gc,heap       ] GC(3) Old regions: 2->2
[2022-07-21T19:38:54.264+0800][gc,heap       ] GC(3) Humongous regions: 0->0
[2022-07-21T19:38:54.264+0800][gc,metaspace  ] GC(3) Metaspace: 23298K->23298K(1071104K)
[2022-07-21T19:38:54.264+0800][gc            ] GC(3) Pause Young (Concurrent Start) (G1 Evacuation Pause) 256M->17M(512M) 1698.323ms
[2022-07-21T19:38:54.264+0800][gc,cpu        ] GC(3) User=12.60s Sys=0.37s Real=1.70s
[2022-07-21T19:38:54.264+0800][gc            ] GC(4) Concurrent Cycle
[2022-07-21T19:38:54.264+0800][gc,marking    ] GC(4) Concurrent Clear Claimed Marks
[2022-07-21T19:38:54.264+0800][gc,marking    ] GC(4) Concurrent Clear Claimed Marks 0.105ms
[2022-07-21T19:38:54.264+0800][gc,marking    ] GC(4) Concurrent Scan Root Regions
[2022-07-21T19:38:54.274+0800][gc,marking    ] GC(4) Concurrent Scan Root Regions 9.364ms
[2022-07-21T19:38:54.274+0800][gc,marking    ] GC(4) Concurrent Mark (6.143s)
[2022-07-21T19:38:54.274+0800][gc,marking    ] GC(4) Concurrent Mark From Roots
[2022-07-21T19:38:54.274+0800][gc,task       ] GC(4) Using 2 workers of 2 for marking
[2022-07-21T19:38:54.276+0800][gc,marking    ] GC(4) Concurrent Mark From Roots 2.393ms
[2022-07-21T19:38:54.276+0800][gc,marking    ] GC(4) Concurrent Preclean
[2022-07-21T19:38:54.277+0800][gc,marking    ] GC(4) Concurrent Preclean 0.140ms
[2022-07-21T19:38:54.277+0800][gc,marking    ] GC(4) Concurrent Mark (6.143s, 6.145s) 2.777ms
[2022-07-21T19:38:54.277+0800][gc,start      ] GC(4) Pause Remark
[2022-07-21T19:38:54.280+0800][gc,stringtable] GC(4) Cleaned string and symbol table, strings: 10419 processed, 0 removed, symbols: 60988 processed, 22 removed
[2022-07-21T19:38:54.281+0800][gc            ] GC(4) Pause Remark 19M->19M(512M) 3.447ms
[2022-07-21T19:38:54.281+0800][gc,cpu        ] GC(4) User=0.01s Sys=0.00s Real=0.00s
[2022-07-21T19:38:54.281+0800][gc,marking    ] GC(4) Concurrent Rebuild Remembered Sets
[2022-07-21T19:38:54.281+0800][gc,marking    ] GC(4) Concurrent Rebuild Remembered Sets 0.733ms
[2022-07-21T19:38:54.284+0800][gc,start      ] GC(4) Pause Cleanup
[2022-07-21T19:38:54.285+0800][gc            ] GC(4) Pause Cleanup 19M->19M(512M) 0.317ms
[2022-07-21T19:38:54.285+0800][gc,cpu        ] GC(4) User=0.00s Sys=0.00s Real=0.00s
[2022-07-21T19:38:54.285+0800][gc,marking    ] GC(4) Concurrent Cleanup for Next Mark
[2022-07-21T19:38:54.287+0800][gc,marking    ] GC(4) Concurrent Cleanup for Next Mark 2.095ms
[2022-07-21T19:38:54.287+0800][gc            ] GC(4) Concurrent Cycle 22.973ms
[2022-07-21T19:38:55.314+0800][gc,start      ] GC(5) Pause Young (Normal) (G1 Evacuation Pause)
[2022-07-21T19:38:55.314+0800][gc,task       ] GC(5) Using 8 workers of 8 for evacuation
[2022-07-21T19:38:55.342+0800][gc,phases     ] GC(5)   Pre Evacuate Collection Set: 0.0ms
[2022-07-21T19:38:55.342+0800][gc,phases     ] GC(5)   Evacuate Collection Set: 26.3ms
[2022-07-21T19:38:55.342+0800][gc,phases     ] GC(5)   Post Evacuate Collection Set: 1.2ms
[2022-07-21T19:38:55.342+0800][gc,phases     ] GC(5)   Other: 0.3ms
[2022-07-21T19:38:55.342+0800][gc,heap       ] GC(5) Eden regions: 239->0(231)
[2022-07-21T19:38:55.342+0800][gc,heap       ] GC(5) Survivor regions: 17->25(32)
[2022-07-21T19:38:55.342+0800][gc,heap       ] GC(5) Old regions: 2->2
[2022-07-21T19:38:55.342+0800][gc,heap       ] GC(5) Humongous regions: 0->0
[2022-07-21T19:38:55.342+0800][gc,metaspace  ] GC(5) Metaspace: 24061K->24061K(1071104K)
[2022-07-21T19:38:55.342+0800][gc            ] GC(5) Pause Young (Normal) (G1 Evacuation Pause) 256M->25M(512M) 28.067ms
[2022-07-21T19:38:55.342+0800][gc,cpu        ] GC(5) User=0.15s Sys=0.04s Real=0.02s
[2022-07-21T19:38:56.357+0800][gc,start      ] GC(6) Pause Young (Normal) (G1 Evacuation Pause)
[2022-07-21T19:38:56.357+0800][gc,task       ] GC(6) Using 8 workers of 8 for evacuation
[2022-07-21T19:38:56.384+0800][gc,phases     ] GC(6)   Pre Evacuate Collection Set: 0.0ms
[2022-07-21T19:38:56.384+0800][gc,phases     ] GC(6)   Evacuate Collection Set: 25.3ms
[2022-07-21T19:38:56.384+0800][gc,phases     ] GC(6)   Post Evacuate Collection Set: 1.2ms
[2022-07-21T19:38:56.384+0800][gc,phases     ] GC(6)   Other: 0.2ms
[2022-07-21T19:38:56.384+0800][gc,heap       ] GC(6) Eden regions: 231->0(236)
[2022-07-21T19:38:56.384+0800][gc,heap       ] GC(6) Survivor regions: 25->20(32)
[2022-07-21T19:38:56.384+0800][gc,heap       ] GC(6) Old regions: 2->10
[2022-07-21T19:38:56.384+0800][gc,heap       ] GC(6) Humongous regions: 0->0
[2022-07-21T19:38:56.384+0800][gc,metaspace  ] GC(6) Metaspace: 25969K->25969K(1073152K)
[2022-07-21T19:38:56.384+0800][gc            ] GC(6) Pause Young (Normal) (G1 Evacuation Pause) 256M->28M(512M) 27.011ms
[2022-07-21T19:38:56.384+0800][gc,cpu        ] GC(6) User=0.20s Sys=0.00s Real=0.03s
[2022-07-21T19:38:58.215+0800][gc,start      ] GC(7) Pause Young (Normal) (G1 Evacuation Pause)
[2022-07-21T19:38:58.215+0800][gc,task       ] GC(7) Using 8 workers of 8 for evacuation
[2022-07-21T19:38:58.241+0800][gc,phases     ] GC(7)   Pre Evacuate Collection Set: 0.0ms
[2022-07-21T19:38:58.241+0800][gc,phases     ] GC(7)   Evacuate Collection Set: 24.9ms
[2022-07-21T19:38:58.241+0800][gc,phases     ] GC(7)   Post Evacuate Collection Set: 0.9ms
[2022-07-21T19:38:58.242+0800][gc,phases     ] GC(7)   Other: 0.3ms
[2022-07-21T19:38:58.242+0800][gc,heap       ] GC(7) Eden regions: 236->0(239)
[2022-07-21T19:38:58.242+0800][gc,heap       ] GC(7) Survivor regions: 20->17(32)
[2022-07-21T19:38:58.242+0800][gc,heap       ] GC(7) Old regions: 10->18
[2022-07-21T19:38:58.242+0800][gc,heap       ] GC(7) Humongous regions: 0->0
[2022-07-21T19:38:58.242+0800][gc,metaspace  ] GC(7) Metaspace: 31023K->31023K(1077248K)
[2022-07-21T19:38:58.242+0800][gc            ] GC(7) Pause Young (Normal) (G1 Evacuation Pause) 264M->33M(512M) 26.508ms
[2022-07-21T19:38:58.242+0800][gc,cpu        ] GC(7) User=0.19s Sys=0.00s Real=0.02s
[2022-07-21T19:39:00.322+0800][gc,start      ] GC(8) Pause Young (Normal) (G1 Evacuation Pause)
[2022-07-21T19:39:00.322+0800][gc,task       ] GC(8) Using 8 workers of 8 for evacuation
[2022-07-21T19:39:00.345+0800][gc,phases     ] GC(8)   Pre Evacuate Collection Set: 0.0ms
[2022-07-21T19:39:00.345+0800][gc,phases     ] GC(8)   Evacuate Collection Set: 22.0ms
[2022-07-21T19:39:00.345+0800][gc,phases     ] GC(8)   Post Evacuate Collection Set: 1.4ms
[2022-07-21T19:39:00.345+0800][gc,phases     ] GC(8)   Other: 0.3ms
[2022-07-21T19:39:00.345+0800][gc,heap       ] GC(8) Eden regions: 239->0(236)
[2022-07-21T19:39:00.346+0800][gc,heap       ] GC(8) Survivor regions: 17->20(32)
[2022-07-21T19:39:00.346+0800][gc,heap       ] GC(8) Old regions: 18->18
[2022-07-21T19:39:00.346+0800][gc,heap       ] GC(8) Humongous regions: 0->0
[2022-07-21T19:39:00.346+0800][gc,metaspace  ] GC(8) Metaspace: 38875K->38875K(1085440K)
[2022-07-21T19:39:00.346+0800][gc            ] GC(8) Pause Young (Normal) (G1 Evacuation Pause) 272M->36M(512M) 23.991ms
[2022-07-21T19:39:00.346+0800][gc,cpu        ] GC(8) User=0.11s Sys=0.00s Real=0.03s
[2022-07-21T19:39:00.382+0800][gc,start      ] GC(9) Pause Young (Concurrent Start) (Metadata GC Threshold)
[2022-07-21T19:39:00.382+0800][gc,task       ] GC(9) Using 8 workers of 8 for evacuation
[2022-07-21T19:39:00.399+0800][gc,phases     ] GC(9)   Pre Evacuate Collection Set: 0.1ms
[2022-07-21T19:39:00.399+0800][gc,phases     ] GC(9)   Evacuate Collection Set: 16.3ms
[2022-07-21T19:39:00.399+0800][gc,phases     ] GC(9)   Post Evacuate Collection Set: 0.7ms
[2022-07-21T19:39:00.399+0800][gc,phases     ] GC(9)   Other: 0.2ms
[2022-07-21T19:39:00.399+0800][gc,heap       ] GC(9) Eden regions: 3->0(243)
[2022-07-21T19:39:00.399+0800][gc,heap       ] GC(9) Survivor regions: 20->13(32)
[2022-07-21T19:39:00.399+0800][gc,heap       ] GC(9) Old regions: 18->26
[2022-07-21T19:39:00.399+0800][gc,heap       ] GC(9) Humongous regions: 0->0
[2022-07-21T19:39:00.400+0800][gc,metaspace  ] GC(9) Metaspace: 39162K->39162K(1085440K)
[2022-07-21T19:39:00.400+0800][gc            ] GC(9) Pause Young (Concurrent Start) (Metadata GC Threshold) 38M->36M(512M) 17.513ms
[2022-07-21T19:39:00.400+0800][gc,cpu        ] GC(9) User=0.06s Sys=0.03s Real=0.02s
[2022-07-21T19:39:00.400+0800][gc            ] GC(10) Concurrent Cycle
[2022-07-21T19:39:00.400+0800][gc,marking    ] GC(10) Concurrent Clear Claimed Marks
[2022-07-21T19:39:00.400+0800][gc,marking    ] GC(10) Concurrent Clear Claimed Marks 0.156ms
[2022-07-21T19:39:00.400+0800][gc,marking    ] GC(10) Concurrent Scan Root Regions
[2022-07-21T19:39:00.413+0800][gc,marking    ] GC(10) Concurrent Scan Root Regions 13.318ms
[2022-07-21T19:39:00.413+0800][gc,marking    ] GC(10) Concurrent Mark (12.282s)
[2022-07-21T19:39:00.413+0800][gc,marking    ] GC(10) Concurrent Mark From Roots
[2022-07-21T19:39:00.413+0800][gc,task       ] GC(10) Using 2 workers of 2 for marking
[2022-07-21T19:39:00.457+0800][gc,marking    ] GC(10) Concurrent Mark From Roots 43.455ms
[2022-07-21T19:39:00.457+0800][gc,marking    ] GC(10) Concurrent Preclean
[2022-07-21T19:39:00.457+0800][gc,marking    ] GC(10) Concurrent Preclean 0.176ms
[2022-07-21T19:39:00.457+0800][gc,marking    ] GC(10) Concurrent Mark (12.282s, 12.326s) 43.729ms
[2022-07-21T19:39:00.458+0800][gc,start      ] GC(10) Pause Remark
[2022-07-21T19:39:00.473+0800][gc,stringtable] GC(10) Cleaned string and symbol table, strings: 21501 processed, 35 removed, symbols: 112817 processed, 344 removed
[2022-07-21T19:39:00.474+0800][gc            ] GC(10) Pause Remark 37M->37M(512M) 16.260ms
[2022-07-21T19:39:00.474+0800][gc,cpu        ] GC(10) User=0.09s Sys=0.00s Real=0.02s
[2022-07-21T19:39:00.474+0800][gc,marking    ] GC(10) Concurrent Rebuild Remembered Sets
[2022-07-21T19:39:00.504+0800][gc,marking    ] GC(10) Concurrent Rebuild Remembered Sets 29.908ms
[2022-07-21T19:39:00.505+0800][gc,start      ] GC(10) Pause Cleanup
[2022-07-21T19:39:00.505+0800][gc            ] GC(10) Pause Cleanup 38M->38M(512M) 0.314ms
[2022-07-21T19:39:00.505+0800][gc,cpu        ] GC(10) User=0.00s Sys=0.00s Real=0.00s
[2022-07-21T19:39:00.505+0800][gc,marking    ] GC(10) Concurrent Cleanup for Next Mark
[2022-07-21T19:39:00.506+0800][gc,marking    ] GC(10) Concurrent Cleanup for Next Mark 0.795ms
[2022-07-21T19:39:00.506+0800][gc            ] GC(10) Concurrent Cycle 106.496ms
