[2022-07-21T19:38:30.657+0800][gc,heap] Heap region size: 1M
[2022-07-21T19:38:30.663+0800][gc     ] Using G1
[2022-07-21T19:38:30.663+0800][gc,heap,coops] Heap address: 0x00000000e0000000, size: 512 MB, Compressed Oops mode: 32-bit
[2022-07-21T19:38:30.664+0800][gc,cds       ] Mark closed archive regions in map: [0x00000000fff00000, 0x00000000fff6aff8]
[2022-07-21T19:38:30.664+0800][gc,cds       ] Mark open archive regions in map: [0x00000000ffe00000, 0x00000000ffe46ff8]
[2022-07-21T19:38:33.214+0800][gc,start     ] GC(0) Pause Young (Normal) (G1 Evacuation Pause)
[2022-07-21T19:38:33.215+0800][gc,task      ] GC(0) Using 8 workers of 8 for evacuation
[2022-07-21T19:38:33.231+0800][gc,phases    ] GC(0)   Pre Evacuate Collection Set: 0.0ms
[2022-07-21T19:38:33.231+0800][gc,phases    ] GC(0)   Evacuate Collection Set: 14.0ms
[2022-07-21T19:38:33.231+0800][gc,phases    ] GC(0)   Post Evacuate Collection Set: 1.6ms
[2022-07-21T19:38:33.231+0800][gc,phases    ] GC(0)   Other: 1.4ms
[2022-07-21T19:38:33.231+0800][gc,heap      ] GC(0) Eden regions: 256->0(249)
[2022-07-21T19:38:33.231+0800][gc,heap      ] GC(0) Survivor regions: 0->7(32)
[2022-07-21T19:38:33.231+0800][gc,heap      ] GC(0) Old regions: 2->2
[2022-07-21T19:38:33.231+0800][gc,heap      ] GC(0) Humongous regions: 3->0
[2022-07-21T19:38:33.231+0800][gc,metaspace ] GC(0) Metaspace: 16655K->16655K(1064960K)
[2022-07-21T19:38:33.231+0800][gc           ] GC(0) Pause Young (Normal) (G1 Evacuation Pause) 259M->7M(512M) 17.236ms
[2022-07-21T19:38:33.231+0800][gc,cpu       ] GC(0) User=0.06s Sys=0.06s Real=0.01s
[2022-07-21T19:38:33.692+0800][gc,start     ] GC(1) Pause Young (Concurrent Start) (GCLocker Initiated GC)
[2022-07-21T19:38:33.692+0800][gc,task      ] GC(1) Using 8 workers of 8 for evacuation
[2022-07-21T19:38:33.719+0800][gc,phases    ] GC(1)   Pre Evacuate Collection Set: 0.1ms
[2022-07-21T19:38:33.719+0800][gc,phases    ] GC(1)   Evacuate Collection Set: 24.9ms
[2022-07-21T19:38:33.719+0800][gc,phases    ] GC(1)   Post Evacuate Collection Set: 1.4ms
[2022-07-21T19:38:33.719+0800][gc,phases    ] GC(1)   Other: 0.4ms
[2022-07-21T19:38:33.719+0800][gc,heap      ] GC(1) Eden regions: 90->0(247)
[2022-07-21T19:38:33.719+0800][gc,heap      ] GC(1) Survivor regions: 7->9(32)
[2022-07-21T19:38:33.719+0800][gc,heap      ] GC(1) Old regions: 2->2
[2022-07-21T19:38:33.719+0800][gc,heap      ] GC(1) Humongous regions: 0->0
[2022-07-21T19:38:33.719+0800][gc,metaspace ] GC(1) Metaspace: 20488K->20488K(1069056K)
[2022-07-21T19:38:33.719+0800][gc           ] GC(1) Pause Young (Concurrent Start) (GCLocker Initiated GC) 97M->9M(512M) 26.867ms
[2022-07-21T19:38:33.719+0800][gc,cpu       ] GC(1) User=0.19s Sys=0.00s Real=0.03s
[2022-07-21T19:38:33.719+0800][gc           ] GC(2) Concurrent Cycle
[2022-07-21T19:38:33.719+0800][gc,marking   ] GC(2) Concurrent Clear Claimed Marks
[2022-07-21T19:38:33.719+0800][gc,marking   ] GC(2) Concurrent Clear Claimed Marks 0.153ms
[2022-07-21T19:38:33.720+0800][gc,marking   ] GC(2) Concurrent Scan Root Regions
[2022-07-21T19:38:33.724+0800][gc,marking   ] GC(2) Concurrent Scan Root Regions 4.027ms
[2022-07-21T19:38:33.724+0800][gc,marking   ] GC(2) Concurrent Mark (3.071s)
[2022-07-21T19:38:33.724+0800][gc,marking   ] GC(2) Concurrent Mark From Roots
[2022-07-21T19:38:33.724+0800][gc,task      ] GC(2) Using 2 workers of 2 for marking
[2022-07-21T19:38:33.726+0800][gc,marking   ] GC(2) Concurrent Mark From Roots 2.071ms
[2022-07-21T19:38:33.726+0800][gc,marking   ] GC(2) Concurrent Preclean
[2022-07-21T19:38:33.726+0800][gc,marking   ] GC(2) Concurrent Preclean 0.150ms
[2022-07-21T19:38:33.726+0800][gc,marking   ] GC(2) Concurrent Mark (3.071s, 3.074s) 2.377ms
[2022-07-21T19:38:33.729+0800][gc,start     ] GC(2) Pause Remark
[2022-07-21T19:38:33.732+0800][gc,stringtable] GC(2) Cleaned string and symbol table, strings: 9221 processed, 0 removed, symbols: 55437 processed, 113 removed
[2022-07-21T19:38:33.732+0800][gc            ] GC(2) Pause Remark 10M->10M(512M) 2.943ms
[2022-07-21T19:38:33.732+0800][gc,cpu        ] GC(2) User=0.02s Sys=0.00s Real=0.00s
[2022-07-21T19:38:33.733+0800][gc,marking    ] GC(2) Concurrent Rebuild Remembered Sets
[2022-07-21T19:38:33.733+0800][gc,marking    ] GC(2) Concurrent Rebuild Remembered Sets 0.840ms
[2022-07-21T19:38:33.734+0800][gc,start      ] GC(2) Pause Cleanup
[2022-07-21T19:38:33.734+0800][gc            ] GC(2) Pause Cleanup 11M->11M(512M) 0.381ms
[2022-07-21T19:38:33.734+0800][gc,cpu        ] GC(2) User=0.00s Sys=0.00s Real=0.00s
[2022-07-21T19:38:33.734+0800][gc,marking    ] GC(2) Concurrent Cleanup for Next Mark
[2022-07-21T19:38:33.737+0800][gc,marking    ] GC(2) Concurrent Cleanup for Next Mark 2.437ms
[2022-07-21T19:38:33.737+0800][gc            ] GC(2) Concurrent Cycle 17.846ms
[2022-07-21T19:38:35.263+0800][gc,start      ] GC(3) Pause Young (Normal) (G1 Evacuation Pause)
[2022-07-21T19:38:35.263+0800][gc,task       ] GC(3) Using 8 workers of 8 for evacuation
[2022-07-21T19:38:35.290+0800][gc,phases     ] GC(3)   Pre Evacuate Collection Set: 0.0ms
[2022-07-21T19:38:35.290+0800][gc,phases     ] GC(3)   Evacuate Collection Set: 24.4ms
[2022-07-21T19:38:35.290+0800][gc,phases     ] GC(3)   Post Evacuate Collection Set: 1.7ms
[2022-07-21T19:38:35.290+0800][gc,phases     ] GC(3)   Other: 0.3ms
[2022-07-21T19:38:35.290+0800][gc,heap       ] GC(3) Eden regions: 247->0(239)
[2022-07-21T19:38:35.290+0800][gc,heap       ] GC(3) Survivor regions: 9->17(32)
[2022-07-21T19:38:35.290+0800][gc,heap       ] GC(3) Old regions: 2->2
[2022-07-21T19:38:35.290+0800][gc,heap       ] GC(3) Humongous regions: 0->0
[2022-07-21T19:38:35.290+0800][gc,metaspace  ] GC(3) Metaspace: 23240K->23240K(1071104K)
[2022-07-21T19:38:35.290+0800][gc            ] GC(3) Pause Young (Normal) (G1 Evacuation Pause) 256M->17M(512M) 26.635ms
[2022-07-21T19:38:35.290+0800][gc,cpu        ] GC(3) User=0.11s Sys=0.05s Real=0.03s
[2022-07-21T19:38:36.426+0800][gc,start      ] GC(4) Pause Young (Normal) (G1 Evacuation Pause)
[2022-07-21T19:38:36.426+0800][gc,task       ] GC(4) Using 8 workers of 8 for evacuation
[2022-07-21T19:38:36.451+0800][gc,phases     ] GC(4)   Pre Evacuate Collection Set: 0.1ms
[2022-07-21T19:38:36.451+0800][gc,phases     ] GC(4)   Evacuate Collection Set: 22.9ms
[2022-07-21T19:38:36.451+0800][gc,phases     ] GC(4)   Post Evacuate Collection Set: 1.2ms
[2022-07-21T19:38:36.451+0800][gc,phases     ] GC(4)   Other: 0.2ms
[2022-07-21T19:38:36.451+0800][gc,heap       ] GC(4) Eden regions: 239->0(231)
[2022-07-21T19:38:36.451+0800][gc,heap       ] GC(4) Survivor regions: 17->25(32)
[2022-07-21T19:38:36.451+0800][gc,heap       ] GC(4) Old regions: 2->2
[2022-07-21T19:38:36.451+0800][gc,heap       ] GC(4) Humongous regions: 0->0
[2022-07-21T19:38:36.451+0800][gc,metaspace  ] GC(4) Metaspace: 24000K->24000K(1071104K)
[2022-07-21T19:38:36.451+0800][gc            ] GC(4) Pause Young (Normal) (G1 Evacuation Pause) 256M->25M(512M) 24.623ms
[2022-07-21T19:38:36.451+0800][gc,cpu        ] GC(4) User=0.18s Sys=0.00s Real=0.02s
[2022-07-21T19:38:37.196+0800][gc,start      ] GC(5) Pause Young (Normal) (G1 Evacuation Pause)
[2022-07-21T19:38:37.196+0800][gc,task       ] GC(5) Using 8 workers of 8 for evacuation
[2022-07-21T19:38:37.218+0800][gc,phases     ] GC(5)   Pre Evacuate Collection Set: 0.1ms
[2022-07-21T19:38:37.218+0800][gc,phases     ] GC(5)   Evacuate Collection Set: 20.7ms
[2022-07-21T19:38:37.218+0800][gc,phases     ] GC(5)   Post Evacuate Collection Set: 1.2ms
[2022-07-21T19:38:37.218+0800][gc,phases     ] GC(5)   Other: 0.2ms
[2022-07-21T19:38:37.218+0800][gc,heap       ] GC(5) Eden regions: 231->0(236)
[2022-07-21T19:38:37.218+0800][gc,heap       ] GC(5) Survivor regions: 25->20(32)
[2022-07-21T19:38:37.218+0800][gc,heap       ] GC(5) Old regions: 2->10
[2022-07-21T19:38:37.218+0800][gc,heap       ] GC(5) Humongous regions: 0->0
[2022-07-21T19:38:37.218+0800][gc,metaspace  ] GC(5) Metaspace: 25907K->25907K(1073152K)
[2022-07-21T19:38:37.218+0800][gc            ] GC(5) Pause Young (Normal) (G1 Evacuation Pause) 256M->28M(512M) 22.297ms
[2022-07-21T19:38:37.218+0800][gc,cpu        ] GC(5) User=0.15s Sys=0.01s Real=0.02s
[2022-07-21T19:38:38.614+0800][gc,start      ] GC(6) Pause Young (Normal) (G1 Evacuation Pause)
[2022-07-21T19:38:38.614+0800][gc,task       ] GC(6) Using 8 workers of 8 for evacuation
[2022-07-21T19:38:38.636+0800][gc,phases     ] GC(6)   Pre Evacuate Collection Set: 0.0ms
[2022-07-21T19:38:38.636+0800][gc,phases     ] GC(6)   Evacuate Collection Set: 20.5ms
[2022-07-21T19:38:38.636+0800][gc,phases     ] GC(6)   Post Evacuate Collection Set: 0.8ms
[2022-07-21T19:38:38.636+0800][gc,phases     ] GC(6)   Other: 0.2ms
[2022-07-21T19:38:38.636+0800][gc,heap       ] GC(6) Eden regions: 236->0(239)
[2022-07-21T19:38:38.636+0800][gc,heap       ] GC(6) Survivor regions: 20->17(32)
[2022-07-21T19:38:38.636+0800][gc,heap       ] GC(6) Old regions: 10->18
[2022-07-21T19:38:38.636+0800][gc,heap       ] GC(6) Humongous regions: 0->0
[2022-07-21T19:38:38.636+0800][gc,metaspace  ] GC(6) Metaspace: 30995K->30995K(1077248K)
[2022-07-21T19:38:38.636+0800][gc            ] GC(6) Pause Young (Normal) (G1 Evacuation Pause) 264M->33M(512M) 21.754ms
[2022-07-21T19:38:38.636+0800][gc,cpu        ] GC(6) User=0.16s Sys=0.00s Real=0.02s
[2022-07-21T19:38:39.496+0800][gc,start      ] GC(7) Pause Young (Concurrent Start) (Metadata GC Threshold)
[2022-07-21T19:38:39.496+0800][gc,task       ] GC(7) Using 8 workers of 8 for evacuation
[2022-07-21T19:38:39.512+0800][gc,phases     ] GC(7)   Pre Evacuate Collection Set: 0.1ms
[2022-07-21T19:38:39.512+0800][gc,phases     ] GC(7)   Evacuate Collection Set: 14.1ms
[2022-07-21T19:38:39.512+0800][gc,phases     ] GC(7)   Post Evacuate Collection Set: 1.1ms
[2022-07-21T19:38:39.512+0800][gc,phases     ] GC(7)   Other: 0.3ms
[2022-07-21T19:38:39.512+0800][gc,heap       ] GC(7) Eden regions: 130->0(238)
[2022-07-21T19:38:39.512+0800][gc,heap       ] GC(7) Survivor regions: 17->18(32)
[2022-07-21T19:38:39.512+0800][gc,heap       ] GC(7) Old regions: 18->18
[2022-07-21T19:38:39.512+0800][gc,heap       ] GC(7) Humongous regions: 0->0
[2022-07-21T19:38:39.512+0800][gc,metaspace  ] GC(7) Metaspace: 34746K->34746K(1081344K)
[2022-07-21T19:38:39.512+0800][gc            ] GC(7) Pause Young (Concurrent Start) (Metadata GC Threshold) 163M->34M(512M) 15.946ms
[2022-07-21T19:38:39.512+0800][gc,cpu        ] GC(7) User=0.11s Sys=0.00s Real=0.01s
[2022-07-21T19:38:39.512+0800][gc            ] GC(8) Concurrent Cycle
[2022-07-21T19:38:39.512+0800][gc,marking    ] GC(8) Concurrent Clear Claimed Marks
[2022-07-21T19:38:39.512+0800][gc,marking    ] GC(8) Concurrent Clear Claimed Marks 0.137ms
[2022-07-21T19:38:39.512+0800][gc,marking    ] GC(8) Concurrent Scan Root Regions
[2022-07-21T19:38:39.521+0800][gc,marking    ] GC(8) Concurrent Scan Root Regions 9.186ms
[2022-07-21T19:38:39.521+0800][gc,marking    ] GC(8) Concurrent Mark (8.869s)
[2022-07-21T19:38:39.522+0800][gc,marking    ] GC(8) Concurrent Mark From Roots
[2022-07-21T19:38:39.522+0800][gc,task       ] GC(8) Using 2 workers of 2 for marking
[2022-07-21T19:38:39.566+0800][gc,marking    ] GC(8) Concurrent Mark From Roots 44.449ms
[2022-07-21T19:38:39.567+0800][gc,marking    ] GC(8) Concurrent Preclean
[2022-07-21T19:38:39.567+0800][gc,marking    ] GC(8) Concurrent Preclean 0.200ms
[2022-07-21T19:38:39.567+0800][gc,marking    ] GC(8) Concurrent Mark (8.869s, 8.914s) 45.364ms
[2022-07-21T19:38:39.567+0800][gc,start      ] GC(8) Pause Remark
[2022-07-21T19:38:39.581+0800][gc,stringtable] GC(8) Cleaned string and symbol table, strings: 16411 processed, 36 removed, symbols: 98272 processed, 326 removed
[2022-07-21T19:38:39.582+0800][gc            ] GC(8) Pause Remark 36M->36M(512M) 14.727ms
[2022-07-21T19:38:39.582+0800][gc,cpu        ] GC(8) User=0.10s Sys=0.00s Real=0.01s
[2022-07-21T19:38:39.582+0800][gc,marking    ] GC(8) Concurrent Rebuild Remembered Sets
[2022-07-21T19:38:39.597+0800][gc,marking    ] GC(8) Concurrent Rebuild Remembered Sets 14.638ms
[2022-07-21T19:38:39.597+0800][gc,start      ] GC(8) Pause Cleanup
[2022-07-21T19:38:39.598+0800][gc            ] GC(8) Pause Cleanup 37M->37M(512M) 0.317ms
[2022-07-21T19:38:39.598+0800][gc,cpu        ] GC(8) User=0.00s Sys=0.00s Real=0.00s
[2022-07-21T19:38:39.598+0800][gc,marking    ] GC(8) Concurrent Cleanup for Next Mark
[2022-07-21T19:38:39.602+0800][gc,marking    ] GC(8) Concurrent Cleanup for Next Mark 4.133ms
[2022-07-21T19:38:39.602+0800][gc            ] GC(8) Concurrent Cycle 89.999ms
[2022-07-21T19:38:42.352+0800][gc,start      ] GC(9) Pause Young (Normal) (G1 Evacuation Pause)
[2022-07-21T19:38:42.352+0800][gc,task       ] GC(9) Using 8 workers of 8 for evacuation
[2022-07-21T19:38:42.374+0800][gc,phases     ] GC(9)   Pre Evacuate Collection Set: 0.0ms
[2022-07-21T19:38:42.374+0800][gc,phases     ] GC(9)   Evacuate Collection Set: 20.3ms
[2022-07-21T19:38:42.374+0800][gc,phases     ] GC(9)   Post Evacuate Collection Set: 1.7ms
[2022-07-21T19:38:42.374+0800][gc,phases     ] GC(9)   Other: 0.2ms
[2022-07-21T19:38:42.374+0800][gc,heap       ] GC(9) Eden regions: 238->0(237)
[2022-07-21T19:38:42.374+0800][gc,heap       ] GC(9) Survivor regions: 18->19(32)
[2022-07-21T19:38:42.374+0800][gc,heap       ] GC(9) Old regions: 18->26
[2022-07-21T19:38:42.374+0800][gc,heap       ] GC(9) Humongous regions: 5->5
[2022-07-21T19:38:42.374+0800][gc,metaspace  ] GC(9) Metaspace: 47129K->47129K(1091584K)
[2022-07-21T19:38:42.375+0800][gc            ] GC(9) Pause Young (Normal) (G1 Evacuation Pause) 277M->48M(512M) 22.467ms
[2022-07-21T19:38:42.375+0800][gc,cpu        ] GC(9) User=0.19s Sys=0.00s Real=0.03s
